Component: Arm Compiler for Embedded 6.24 Tool: armlink [5f371500]

==============================================================================

Section Cross References

    global_control.o(.text.Global_Init) refers to wk_system.o(.text.wk_delay_ms) for wk_delay_ms
    global_control.o(.text.Global_Init) refers to at32m412_416_adc.o(.text.adc_resolution_set) for adc_resolution_set
    global_control.o(.text.Global_Init) refers to at32m412_416_adc.o(.text.adc_enable) for adc_enable
    global_control.o(.text.Global_Init) refers to at32m412_416_adc.o(.text.adc_flag_get) for adc_flag_get
    global_control.o(.text.Global_Init) refers to at32m412_416_adc.o(.text.adc_calibration_init) for adc_calibration_init
    global_control.o(.text.Global_Init) refers to at32m412_416_adc.o(.text.adc_calibration_init_status_get) for adc_calibration_init_status_get
    global_control.o(.text.Global_Init) refers to at32m412_416_adc.o(.text.adc_calibration_start) for adc_calibration_start
    global_control.o(.text.Global_Init) refers to at32m412_416_adc.o(.text.adc_calibration_status_get) for adc_calibration_status_get
    global_control.o(.text.Global_Init) refers to pid.o(.text.CurrentLoop_Init) for CurrentLoop_Init
    global_control.o(.text.Global_Init) refers to at32m412_416_tmr.o(.text.tmr_channel_value_set) for tmr_channel_value_set
    global_control.o(.text.Global_Init) refers to adc_front-end.o(.bss.g_foc_phase_data) for g_foc_phase_data
    global_control.o(.text.Global_Init) refers to adc_front-end.o(.text.FOC_PhaseData_Calibrate) for FOC_PhaseData_Calibrate
    global_control.o(.text.Global_Init) refers to global_control.o(.bss.ADRC) for ADRC
    global_control.o(.text.Global_Init) refers to adrc.o(.text.ADRC_Init) for ADRC_Init
    global_control.o(.text.Global_Init) refers to global_control.o(.bss.g_stepCounter) for g_stepCounter
    global_control.o(.text.Global_Init) refers to step_counter.o(.text.StepCounter_Init) for StepCounter_Init
    global_control.o(.text.Global_Init) refers to global_control.o(.bss.obs_flag) for obs_flag
    global_control.o(.ARM.exidx.text.Global_Init) refers to global_control.o(.text.Global_Init) for [Anonymous Symbol]
    global_control.o(.text.TMR1_OVF_TMR10_IRQHandler) refers to at32m412_416_tmr.o(.text.tmr_interrupt_flag_get) for tmr_interrupt_flag_get
    global_control.o(.text.TMR1_OVF_TMR10_IRQHandler) refers to at32m412_416_gpio.o(.text.gpio_bits_write) for gpio_bits_write
    global_control.o(.text.TMR1_OVF_TMR10_IRQHandler) refers to at32m412_416_adc.o(.text.adc_preempt_software_trigger_enable) for adc_preempt_software_trigger_enable
    global_control.o(.text.TMR1_OVF_TMR10_IRQHandler) refers to at32m412_416_adc.o(.text.adc_flag_get) for adc_flag_get
    global_control.o(.text.TMR1_OVF_TMR10_IRQHandler) refers to at32m412_416_adc.o(.text.adc_flag_clear) for adc_flag_clear
    global_control.o(.text.TMR1_OVF_TMR10_IRQHandler) refers to adc_front-end.o(.bss.adc_odt) for adc_odt
    global_control.o(.text.TMR1_OVF_TMR10_IRQHandler) refers to adc_front-end.o(.bss.g_foc_phase_data) for g_foc_phase_data
    global_control.o(.text.TMR1_OVF_TMR10_IRQHandler) refers to adc_front-end.o(.text.FOC_phaseData_current_folat) for FOC_phaseData_current_folat
    global_control.o(.text.TMR1_OVF_TMR10_IRQHandler) refers to motor_sensoruse.o(.text.Sensoruse_Control) for Sensoruse_Control
    global_control.o(.text.TMR1_OVF_TMR10_IRQHandler) refers to foc_drv.o(.bss.FocStruct) for FocStruct
    global_control.o(.text.TMR1_OVF_TMR10_IRQHandler) refers to global_control.o(.bss.g_stepCounter) for g_stepCounter
    global_control.o(.text.TMR1_OVF_TMR10_IRQHandler) refers to step_counter.o(.text.StepCounter_Update) for StepCounter_Update
    global_control.o(.text.TMR1_OVF_TMR10_IRQHandler) refers to at32m412_416_tmr.o(.text.tmr_channel_value_set) for tmr_channel_value_set
    global_control.o(.text.TMR1_OVF_TMR10_IRQHandler) refers to global_control.o(.bss.TaskTim100) for TaskTim100
    global_control.o(.text.TMR1_OVF_TMR10_IRQHandler) refers to thermistor.o(.data.g_TempProtect) for g_TempProtect
    global_control.o(.text.TMR1_OVF_TMR10_IRQHandler) refers to global_control.o(.bss.TaskTim1) for TaskTim1
    global_control.o(.text.TMR1_OVF_TMR10_IRQHandler) refers to global_control.o(.bss.TEMP_DELAY) for TEMP_DELAY
    global_control.o(.text.TMR1_OVF_TMR10_IRQHandler) refers to motor_sensoruse.o(.text.GET_IPM_TEMP) for GET_IPM_TEMP
    global_control.o(.text.TMR1_OVF_TMR10_IRQHandler) refers to motor_sensoruse.o(.text.adc_ordinary_channel) for adc_ordinary_channel
    global_control.o(.text.TMR1_OVF_TMR10_IRQHandler) refers to thermistor.o(.text.Thermistor_GetFilteredTemperature) for Thermistor_GetFilteredTemperature
    global_control.o(.text.TMR1_OVF_TMR10_IRQHandler) refers to thermistor.o(.text.Temp_Protect_Process) for Temp_Protect_Process
    global_control.o(.text.TMR1_OVF_TMR10_IRQHandler) refers to global_control.o(.bss.FANTim1) for FANTim1
[...]
    _atexit_init                              - Undefined Weak Reference
    _call_atexit_fns                          - Undefined Weak Reference
    _clock_init                               - Undefined Weak Reference
    _fp_trap_init                             - Undefined Weak Reference
    _fp_trap_shutdown                         - Undefined Weak Reference
    _get_lc_collate                           - Undefined Weak Reference
    _get_lc_ctype                             - Undefined Weak Reference
    _get_lc_monetary                          - Undefined Weak Reference
    _get_lc_numeric                           - Undefined Weak Reference
    _get_lc_time                              - Undefined Weak Reference
    _getenv_init                              - Undefined Weak Reference
    _handle_redirection                       - Undefined Weak Reference
    _init_alloc                               - Undefined Weak Reference
    _init_user_alloc                          - Undefined Weak Reference
    _initio                                   - Undefined Weak Reference
    _rand_init                                - Undefined Weak Reference
    _signal_finish                            - Undefined Weak Reference
    _signal_init                              - Undefined Weak Reference
    _terminate_alloc                          - Undefined Weak Reference
    _terminate_user_alloc                     - Undefined Weak Reference
    _terminateio                              - Undefined Weak Reference
    __Vectors_Size                           0x000001bc   Number         0  startup_at32m412_416.o ABSOLUTE
    __Vectors                                0x08000000   Data           4  startup_at32m412_416.o(RESET)
    __Vectors_End                            0x080001bc   Data           0  startup_at32m412_416.o(RESET)
    __main                                   0x080001bd   Thumb Code     8  __main.o(!!!main)
    __scatterload                            0x080001c5   Thumb Code     0  __scatter.o(!!!scatter)
    __scatterload_rt2                        0x080001c5   Thumb Code    84  __scatter.o(!!!scatter)
    __scatterload_rt2_thumb_only             0x080001c5   Thumb Code     0  __scatter.o(!!!scatter)
    __scatterload_loop                       0x080001cf   Thumb Code     0  __scatter.o(!!!scatter)
    __scatterload_copy                       0x08000221   Thumb Code    26  __scatter_copy.o(!!handler_copy)
    __scatterload_null                       0x0800023d   Thumb Code     2  __scatter.o(!!handler_null)
    __scatterload_zeroinit                   0x08000241   Thumb Code    28  __scatter_zi.o(!!handler_zi)
    __rt_lib_init                            0x0800025d   Thumb Code     0  libinit.o(.ARM.Collect$$libinit$$00000000)
    __rt_lib_init_fp_1                       0x0800025f   Thumb Code     0  libinit2.o(.ARM.Collect$$libinit$$00000001)
    __rt_lib_init_alloca_1                   0x08000263   Thumb Code     0  libinit2.o(.ARM.Collect$$libinit$$00000030)
    __rt_lib_init_argv_1                     0x08000263   Thumb Code     0  libinit2.o(.ARM.Collect$$libinit$$0000002E)
    __rt_lib_init_atexit_1                   0x08000263   Thumb Code     0  libinit2.o(.ARM.Collect$$libinit$$0000001D)
    __rt_lib_init_clock_1                    0x08000263   Thumb Code     0  libinit2.o(.ARM.Collect$$libinit$$00000023)
    __rt_lib_init_cpp_1                      0x08000263   Thumb Code     0  libinit2.o(.ARM.Collect$$libinit$$00000034)
    __rt_lib_init_exceptions_1               0x08000263   Thumb Code     0  libinit2.o(.ARM.Collect$$libinit$$00000032)
    __rt_lib_init_fp_trap_1                  0x08000263   Thumb Code     0  libinit2.o(.ARM.Collect$$libinit$$00000021)
    __rt_lib_init_getenv_1                   0x08000263   Thumb Code     0  libinit2.o(.ARM.Collect$$libinit$$00000025)
    __rt_lib_init_heap_1                     0x08000263   Thumb Code     0  libinit2.o(.ARM.Collect$$libinit$$0000000C)
    __rt_lib_init_lc_collate_1               0x08000263   Thumb Code     0  libinit2.o(.ARM.Collect$$libinit$$00000013)
    __rt_lib_init_lc_ctype_1                 0x08000263   Thumb Code     0  libinit2.o(.ARM.Collect$$libinit$$00000015)
    __rt_lib_init_lc_monetary_1              0x08000263   Thumb Code     0  libinit2.o(.ARM.Collect$$libinit$$00000017)
    __rt_lib_init_lc_numeric_1               0x08000263   Thumb Code     0  libinit2.o(.ARM.Collect$$libinit$$00000019)
    __rt_lib_init_lc_time_1                  0x08000263   Thumb Code     0  libinit2.o(.ARM.Collect$$libinit$$0000001B)
    __rt_lib_init_preinit_1                  0x08000263   Thumb Code     0  libinit2.o(.ARM.Collect$$libinit$$00000006)
    __rt_lib_init_rand_1                     0x08000263   Thumb Code     0  libinit2.o(.ARM.Collect$$libinit$$00000010)
    __rt_lib_init_relocate_pie_1             0x08000263   Thumb Code     0  libinit2.o(.ARM.Collect$$libinit$$00000004)
    __rt_lib_init_return                     0x08000263   Thumb Code     0  libinit2.o(.ARM.Collect$$libinit$$00000035)
    __rt_lib_init_signal_1                   0x08000263   Thumb Code     0  libinit2.o(.ARM.Collect$$libinit$$0000001F)
    __rt_lib_init_stdio_1                    0x08000263   Thumb Code     0  libinit2.o(.ARM.Collect$$libinit$$00000027)
    __rt_lib_init_user_alloc_1               0x08000263   Thumb Code     0  libinit2.o(.ARM.Collect$$libinit$$0000000E)
    __rt_lib_shutdown                        0x08000265   Thumb Code     0  libshutdown.o(.ARM.Collect$$libshutdown$$00000000)
    __rt_lib_shutdown_cpp_1                  0x08000267   Thumb Code     0  libshutdown2.o(.ARM.Collect$$libshutdown$$00000002)
    __rt_lib_shutdown_fp_trap_1              0x08000267   Thumb Code     0  libshutdown2.o(.ARM.Collect$$libshutdown$$00000007)
    __rt_lib_shutdown_heap_1                 0x08000267   Thumb Code     0  libshutdown2.o(.ARM.Collect$$libshutdown$$0000000F)
    __rt_lib_shutdown_return                 0x08000267   Thumb Code     0  libshutdown2.o(.ARM.Collect$$libshutdown$$00000010)
    __rt_lib_shutdown_signal_1               0x08000267   Thumb Code     0  libshutdown2.o(.ARM.Collect$$libshutdown$$0000000A)
    __rt_lib_shutdown_stdio_1                0x08000267   Thumb Code     0  libshutdown2.o(.ARM.Collect$$libshutdown$$00000004)
    __rt_lib_shutdown_user_alloc_1           0x08000267   Thumb Code     0  libshutdown2.o(.ARM.Collect$$libshutdown$$0000000C)
    __rt_entry                               0x08000269   Thumb Code     0  __rtentry.o(.ARM.Collect$$rtentry$$00000000)
    __rt_entry_presh_1                       0x08000269   Thumb Code     0  __rtentry2.o(.ARM.Collect$$rtentry$$00000002)
    __rt_entry_sh                            0x08000269   Thumb Code     0  __rtentry4.o(.ARM.Collect$$rtentry$$00000004)
    __rt_entry_li                            0x0800026f   Thumb Code     0  __rtentry2.o(.ARM.Collect$$rtentry$$0000000A)
    __rt_entry_postsh_1                      0x0800026f   Thumb Code     0  __rtentry2.o(.ARM.Collect$$rtentry$$00000009)
    __rt_entry_main                          0x08000273   Thumb Code     0  __rtentry2.o(.ARM.Collect$$rtentry$$0000000D)
    __rt_entry_postli_1                      0x08000273   Thumb Code     0  __rtentry2.o(.ARM.Collect$$rtentry$$0000000C)
    __rt_exit                                0x0800027b   Thumb Code     0  rtexit.o(.ARM.Collect$$rtexit$$00000000)
    __rt_exit_ls                             0x0800027d   Thumb Code     0  rtexit2.o(.ARM.Collect$$rtexit$$00000003)
    __rt_exit_prels_1                        0x0800027d   Thumb Code     0  rtexit2.o(.ARM.Collect$$rtexit$$00000002)
    __rt_exit_exit                           0x08000281   Thumb Code     0  rtexit2.o(.ARM.Collect$$rtexit$$00000004)
    Reset_Handler                            0x08000289   Thumb Code     8  startup_at32m412_416.o(.text)
    ADC1_2_IRQHandler                        0x080002a3   Thumb Code     0  startup_at32m412_416.o(.text)
    CAN1_ERR_IRQHandler                      0x080002a3   Thumb Code     0  startup_at32m412_416.o(.text)
    CAN1_RX_IRQHandler                       0x080002a3   Thumb Code     0  startup_at32m412_416.o(.text)
    CAN1_STAT_IRQHandler                     0x080002a3   Thumb Code     0  startup_at32m412_416.o(.text)
    CAN1_TX_IRQHandler                       0x080002a3   Thumb Code     0  startup_at32m412_416.o(.text)
    CMP2_1_IRQHandler                        0x080002a3   Thumb Code     0  startup_at32m412_416.o(.text)
    CRM_IRQHandler                           0x080002a3   Thumb Code     0  startup_at32m412_416.o(.text)
    DMA1_Channel1_IRQHandler                 0x080002a3   Thumb Code     0  startup_at32m412_416.o(.text)
    DMA1_Channel2_IRQHandler                 0x080002a3   Thumb Code     0  startup_at32m412_416.o(.text)
    DMA1_Channel3_IRQHandler                 0x080002a3   Thumb Code     0  startup_at32m412_416.o(.text)
    DMA1_Channel4_IRQHandler                 0x080002a3   Thumb Code     0  startup_at32m412_416.o(.text)
    DMA1_Channel5_IRQHandler                 0x080002a3   Thumb Code     0  startup_at32m412_416.o(.text)
    DMA1_Channel6_IRQHandler                 0x080002a3   Thumb Code     0  startup_at32m412_416.o(.text)
    DMA1_Channel7_IRQHandler                 0x080002a3   Thumb Code     0  startup_at32m412_416.o(.text)
    DMAMUX_IRQHandler                        0x080002a3   Thumb Code     0  startup_at32m412_416.o(.text)
    ERTCAlarm_IRQHandler                     0x080002a3   Thumb Code     0  startup_at32m412_416.o(.text)
    ERTC_WKUP_IRQHandler                     0x080002a3   Thumb Code     0  startup_at32m412_416.o(.text)
    EXINT0_IRQHandler                        0x080002a3   Thumb Code     0  startup_at32m412_416.o(.text)
    EXINT15_10_IRQHandler                    0x080002a3   Thumb Code     0  startup_at32m412_416.o(.text)
    EXINT1_IRQHandler                        0x080002a3   Thumb Code     0  startup_at32m412_416.o(.text)
    EXINT2_IRQHandler                        0x080002a3   Thumb Code     0  startup_at32m412_416.o(.text)
    EXINT3_IRQHandler                        0x080002a3   Thumb Code     0  startup_at32m412_416.o(.text)
    EXINT4_IRQHandler                        0x080002a3   Thumb Code     0  startup_at32m412_416.o(.text)
    EXINT9_5_IRQHandler                      0x080002a3   Thumb Code     0  startup_at32m412_416.o(.text)
    FLASH_IRQHandler                         0x080002a3   Thumb Code     0  startup_at32m412_416.o(.text)
    FPU_IRQHandler                           0x080002a3   Thumb Code     0  startup_at32m412_416.o(.text)
    I2C1_ERR_IRQHandler                      0x080002a3   Thumb Code     0  startup_at32m412_416.o(.text)
    I2C1_EVT_IRQHandler                      0x080002a3   Thumb Code     0  startup_at32m412_416.o(.text)
    I2C2_ERR_IRQHandler                      0x080002a3   Thumb Code     0  startup_at32m412_416.o(.text)
    I2C2_EVT_IRQHandler                      0x080002a3   Thumb Code     0  startup_at32m412_416.o(.text)
    PVM_IRQHandler                           0x080002a3   Thumb Code     0  startup_at32m412_416.o(.text)
    SPI1_IRQHandler                          0x080002a3   Thumb Code     0  startup_at32m412_416.o(.text)
    SPI2_IRQHandler                          0x080002a3   Thumb Code     0  startup_at32m412_416.o(.text)
    TAMP_STAMP_IRQHandler                    0x080002a3   Thumb Code     0  startup_at32m412_416.o(.text)
    TMR1_BRK_TMR9_IRQHandler                 0x080002a3   Thumb Code     0  startup_at32m412_416.o(.text)
    TMR1_TRG_HALL_TMR11_IRQHandler           0x080002a3   Thumb Code     0  startup_at32m412_416.o(.text)
    TMR3_GLOBAL_IRQHandler                   0x080002a3   Thumb Code     0  startup_at32m412_416.o(.text)
    TMR6_DAC_GLOBAL_IRQHandler               0x080002a3   Thumb Code     0  startup_at32m412_416.o(.text)
    TMR7_GLOBAL_IRQHandler                   0x080002a3   Thumb Code     0  startup_at32m412_416.o(.text)
    USART2_IRQHandler                        0x080002a3   Thumb Code     0  startup_at32m412_416.o(.text)
    WWDT_IRQHandler                          0x080002a3   Thumb Code     0  startup_at32m412_416.o(.text)
    __user_initial_stackheap                 0x080002a5   Thumb Code     0  startup_at32m412_416.o(.text)
    __aeabi_memcpy                           0x080002c9   Thumb Code     0  rt_memcpy_v6.o(.text)
    __rt_memcpy                              0x080002c9   Thumb Code   138  rt_memcpy_v6.o(.text)
    _memcpy_lastbytes                        0x0800032f   Thumb Code     0  rt_memcpy_v6.o(.text)
    __aeabi_memcpy4                          0x08000353   Thumb Code     0  rt_memcpy_w.o(.text)
    __aeabi_memcpy8                          0x08000353   Thumb Code     0  rt_memcpy_w.o(.text)
    __rt_memcpy_w                            0x08000353   Thumb Code   100  rt_memcpy_w.o(.text)
    _memcpy_lastbytes_aligned                0x0800039b   Thumb Code     0  rt_memcpy_w.o(.text)
    __aeabi_memclr                           0x080003b7   Thumb Code     0  rt_memclr.o(.text)
    __rt_memclr                              0x080003b7   Thumb Code     0  rt_memclr.o(.text)
    _memset                                  0x080003bb   Thumb Code    64  rt_memclr.o(.text)
    __aeabi_memclr4                          0x080003fb   Thumb Code     0  rt_memclr_w.o(.text)
    __aeabi_memclr8                          0x080003fb   Thumb Code     0  rt_memclr_w.o(.text)
    __rt_memclr_w                            0x080003fb   Thumb Code     0  rt_memclr_w.o(.text)
    _memset_w                                0x080003ff   Thumb Code    74  rt_memclr_w.o(.text)
    __use_two_region_memory                  0x08000449   Thumb Code     2  heapauxi.o(.text)
    __rt_heap_escrow$2region                 0x0800044b   Thumb Code     2  heapauxi.o(.text)
    __rt_heap_expand$2region                 0x0800044d   Thumb Code     2  heapauxi.o(.text)
    __read_errno                             0x0800044f   Thumb Code    10  _rserrno.o(.text)
    __set_errno                              0x08000459   Thumb Code    12  _rserrno.o(.text)
    __aeabi_errno_addr                       0x08000465   Thumb Code     8  rt_errno_addr_intlibspace.o(.text)
    __errno$intlibspace                      0x08000465   Thumb Code     0  rt_errno_addr_intlibspace.o(.text)
    __rt_errno_addr$intlibspace              0x08000465   Thumb Code     0  rt_errno_addr_intlibspace.o(.text)
    __user_libspace                          0x0800046d   Thumb Code     8  libspace.o(.text)
    __user_perproc_libspace                  0x0800046d   Thumb Code     0  libspace.o(.text)
    __user_perthread_libspace                0x0800046d   Thumb Code     0  libspace.o(.text)
    __user_setup_stackheap                   0x08000475   Thumb Code    74  sys_stackheap_outer.o(.text)
    exit                                     0x080004bf   Thumb Code    18  exit.o(.text)
    _sys_exit                                0x080004d1   Thumb Code     8  sys_exit.o(.text)
    __I$use$semihosting                      0x080004dd   Thumb Code     0  use_no_semi.o(.text)
    __use_no_semihosting_swi                 0x080004dd   Thumb Code     2  use_no_semi.o(.text)
    __semihosting_library_function           0x080004df   Thumb Code     0  indicate_semi.o(.text)
    ADRC_Init                                0x080004e1   Thumb Code   158  adrc.o(.text.ADRC_Init)
    BusFault_Handler                         0x08000581   Thumb Code     2  at32m412_416_int.o(.text.BusFault_Handler)
    Calculate_SVPWM                          0x08000585   Thumb Code   436  foc_drv.o(.text.Calculate_SVPWM)
    Calculate_Sin_Cos                        0x08000749   Thumb Code   228  math_drv.o(.text.Calculate_Sin_Cos)
    Calculate_velocity_raw                   0x08000831   Thumb Code   108  motor_sensoruse.o(.text.Calculate_velocity_raw)
    Clark_Transform                          0x080008b1   Thumb Code    40  foc_drv.o(.text.Clark_Transform)
    CurrentLoop_Init                         0x080008e1   Thumb Code   204  pid.o(.text.CurrentLoop_Init)
    DebugMon_Handler                         0x080009ad   Thumb Code     2  at32m412_416_int.o(.text.DebugMon_Handler)
    FOC_PhaseData_Calibrate                  0x080009b1   Thumb Code    76  adc_front-end.o(.text.FOC_PhaseData_Calibrate)
    FOC_phaseData_current_folat              0x08000a01   Thumb Code   136  adc_front-end.o(.text.FOC_phaseData_current_folat)
    Factory_Calibration_Strong               0x08000a95   Thumb Code   816  motor_sensoruse.o(.text.Factory_Calibration_Strong)
    GET_IPM_TEMP                             0x08000dc9   Thumb Code   168  motor_sensoruse.o(.text.GET_IPM_TEMP)
    Gat_VFsingle_float                       0x08000e89   Thumb Code    48  encoder.o(.text.Gat_VFsingle_float)
    Global_Init                              0x08000ec1   Thumb Code   188  global_control.o(.text.Global_Init)
    HardFault_Handler                        0x08000f85   Thumb Code     2  at32m412_416_int.o(.text.HardFault_Handler)
    IPack_Transform                          0x08000f89   Thumb Code    50  foc_drv.o(.text.IPack_Transform)
    KTH78_ReadAngle                          0x08000fbd   Thumb Code    90  kth78xx.o(.text.KTH78_ReadAngle)
    MemManage_Handler                        0x08001019   Thumb Code     2  at32m412_416_int.o(.text.MemManage_Handler)
    NMI_Handler                              0x0800101d   Thumb Code     2  at32m412_416_int.o(.text.NMI_Handler)
    PID_Init                                 0x08001021   Thumb Code    56  pid.o(.text.PID_Init)
    PID_Update                               0x0800105d   Thumb Code   188  pid.o(.text.PID_Update)
    Pack_Transform                           0x0800111d   Thumb Code    50  foc_drv.o(.text.Pack_Transform)
    ParseUartFrame                           0x08001151   Thumb Code   410  uart_can.o(.text.ParseUartFrame)
    PendSV_Handler                           0x080012ed   Thumb Code     2  at32m412_416_int.o(.text.PendSV_Handler)
    Recovery_Check                           0x080012f1   Thumb Code   108  motor_sensoruse.o(.text.Recovery_Check)
    Recovery_MarkStable                      0x0800135d   Thumb Code    70  motor_sensoruse.o(.text.Recovery_MarkStable)
    SVC_Handler                              0x080013a5   Thumb Code     2  at32m412_416_int.o(.text.SVC_Handler)
    SendResponse                             0x080013a9   Thumb Code   118  uart_can.o(.text.SendResponse)
    Sensoruse_Control                        0x08001421   Thumb Code  1292  motor_sensoruse.o(.text.Sensoruse_Control)
    Sensoruse_Init                           0x08001969   Thumb Code   160  motor_sensoruse.o(.text.Sensoruse_Init)
    Sensoruse_RequestEmergencyStop           0x08001a09   Thumb Code   156  motor_sensoruse.o(.text.Sensoruse_RequestEmergencyStop)
    StepCounter_Init                         0x08001aa9   Thumb Code   106  step_counter.o(.text.StepCounter_Init)
    StepCounter_Update                       0x08001b15   Thumb Code   572  step_counter.o(.text.StepCounter_Update)
    SysTick_Handler                          0x08001d5d   Thumb Code     2  at32m412_416_int.o(.text.SysTick_Handler)
    SystemInit                               0x08001d61   Thumb Code   110  system_at32m412_416.o(.text.SystemInit)
    TMR1_CH_IRQHandler                       0x08001dd1   Thumb Code    34  global_control.o(.text.TMR1_CH_IRQHandler)
    TMR1_OVF_TMR10_IRQHandler                0x08001df5   Thumb Code   424  global_control.o(.text.TMR1_OVF_TMR10_IRQHandler)
    TMR4_GLOBAL_IRQHandler                   0x08001fa9   Thumb Code   608  global_control.o(.text.TMR4_GLOBAL_IRQHandler)
    Temp_Protect_CanRecover                  0x08002221   Thumb Code    64  thermistor.o(.text.Temp_Protect_CanRecover)
    Temp_Protect_Clear                       0x08002265   Thumb Code    20  thermistor.o(.text.Temp_Protect_Clear)
    Temp_Protect_Process                     0x08002279   Thumb Code   160  thermistor.o(.text.Temp_Protect_Process)
    Temp_Protect_UpdateIPMSensorValidity     0x0800231d   Thumb Code    56  thermistor.o(.text.Temp_Protect_UpdateIPMSensorValidity)
    Thermistor_GetFilteredTemperature        0x08002355   Thumb Code   304  thermistor.o(.text.Thermistor_GetFilteredTemperature)
    UART_CommandWatchdog_Tick                0x080024a1   Thumb Code   108  uart_can.o(.text.UART_CommandWatchdog_Tick)
    USART1_IRQHandler                        0x0800250d   Thumb Code    80  uart_can.o(.text.USART1_IRQHandler)
    UsageFault_Handler                       0x0800255d   Thumb Code     2  at32m412_416_int.o(.text.UsageFault_Handler)
    adc_base_config                          0x080025a9   Thumb Code    68  at32m412_416_adc.o(.text.adc_base_config)
    adc_base_default_para_init               0x080025ed   Thumb Code     8  at32m412_416_adc.o(.text.adc_base_default_para_init)
    adc_calibration_init                     0x080025f5   Thumb Code    10  at32m412_416_adc.o(.text.adc_calibration_init)
    adc_calibration_init_status_get          0x08002601   Thumb Code     8  at32m412_416_adc.o(.text.adc_calibration_init_status_get)
    adc_calibration_start                    0x08002609   Thumb Code    10  at32m412_416_adc.o(.text.adc_calibration_start)
    adc_calibration_status_get               0x08002615   Thumb Code     8  at32m412_416_adc.o(.text.adc_calibration_status_get)
    adc_common_config                        0x0800261d   Thumb Code   128  at32m412_416_adc.o(.text.adc_common_config)
    adc_common_default_para_init             0x0800269d   Thumb Code     8  at32m412_416_adc.o(.text.adc_common_default_para_init)
    adc_dma_mode_enable                      0x080026a5   Thumb Code    18  at32m412_416_adc.o(.text.adc_dma_mode_enable)
    adc_dma_request_repeat_enable            0x080026b9   Thumb Code    18  at32m412_416_adc.o(.text.adc_dma_request_repeat_enable)
    adc_enable                               0x080026cd   Thumb Code    10  at32m412_416_adc.o(.text.adc_enable)
    adc_flag_clear                           0x080026d9   Thumb Code     6  at32m412_416_adc.o(.text.adc_flag_clear)
    adc_flag_get                             0x080026e1   Thumb Code    10  at32m412_416_adc.o(.text.adc_flag_get)
    adc_ordinary_channel                     0x080026ed   Thumb Code    42  motor_sensoruse.o(.text.adc_ordinary_channel)
    adc_ordinary_channel_set                 0x08002719   Thumb Code   706  at32m412_416_adc.o(.text.adc_ordinary_channel_set)
    adc_ordinary_conversion_data_get         0x080029dd   Thumb Code     6  at32m412_416_adc.o(.text.adc_ordinary_conversion_data_get)
    adc_ordinary_conversion_trigger_set      0x080029e5   Thumb Code    56  at32m412_416_adc.o(.text.adc_ordinary_conversion_trigger_set)
    adc_ordinary_software_trigger_enable     0x08002a1d   Thumb Code    18  at32m412_416_adc.o(.text.adc_ordinary_software_trigger_enable)
    adc_preempt_software_trigger_enable      0x08002a31   Thumb Code    26  at32m412_416_adc.o(.text.adc_preempt_software_trigger_enable)
    adc_reset                                0x08002a4d   Thumb Code    28  at32m412_416_adc.o(.text.adc_reset)
    adc_resolution_set                       0x08002a69   Thumb Code    18  at32m412_416_adc.o(.text.adc_resolution_set)
    crm_ahb_div_set                          0x08002a7d   Thumb Code    46  at32m412_416_crm.o(.text.crm_ahb_div_set)
    crm_apb1_div_set                         0x08002aad   Thumb Code    26  at32m412_416_crm.o(.text.crm_apb1_div_set)
    crm_apb2_div_set                         0x08002ac9   Thumb Code    26  at32m412_416_crm.o(.text.crm_apb2_div_set)
    crm_apb3_div_set                         0x08002ae5   Thumb Code    26  at32m412_416_crm.o(.text.crm_apb3_div_set)
    crm_auto_step_mode_enable                0x08002b01   Thumb Code    24  at32m412_416_crm.o(.text.crm_auto_step_mode_enable)
    crm_clock_source_enable                  0x08002b19   Thumb Code   122  at32m412_416_crm.o(.text.crm_clock_source_enable)
    crm_clocks_freq_get                      0x08002b95   Thumb Code   188  at32m412_416_crm.o(.text.crm_clocks_freq_get)
    crm_flag_get                             0x08002c69   Thumb Code    26  at32m412_416_crm.o(.text.crm_flag_get)
    crm_hext_stable_wait                     0x08002c85   Thumb Code    36  at32m412_416_crm.o(.text.crm_hext_stable_wait)
    crm_periph_clock_enable                  0x08002ca9   Thumb Code    40  at32m412_416_crm.o(.text.crm_periph_clock_enable)
    crm_periph_reset                         0x08002cd1   Thumb Code    40  at32m412_416_crm.o(.text.crm_periph_reset)
    crm_pll_config                           0x08002cf9   Thumb Code    76  at32m412_416_crm.o(.text.crm_pll_config)
    crm_reset                                0x08002d45   Thumb Code   110  at32m412_416_crm.o(.text.crm_reset)
    crm_sysclk_switch                        0x08002db5   Thumb Code    38  at32m412_416_crm.o(.text.crm_sysclk_switch)
    crm_sysclk_switch_status_get             0x08002ddd   Thumb Code    16  at32m412_416_crm.o(.text.crm_sysclk_switch_status_get)
    dma_channel_enable                       0x08002ded   Thumb Code    10  at32m412_416_dma.o(.text.dma_channel_enable)
    dma_default_para_init                    0x08002df9   Thumb Code    14  at32m412_416_dma.o(.text.dma_default_para_init)
    dma_flag_get                             0x08002e09   Thumb Code    18  at32m412_416_dma.o(.text.dma_flag_get)
    dma_init                                 0x08002e1d   Thumb Code   126  at32m412_416_dma.o(.text.dma_init)
    dma_reset                                0x08002e9d   Thumb Code    66  at32m412_416_dma.o(.text.dma_reset)
    dmamux_enable                            0x08002ee1   Thumb Code    14  at32m412_416_dma.o(.text.dmamux_enable)
    dmamux_init                              0x08002ef1   Thumb Code    10  at32m412_416_dma.o(.text.dmamux_init)
    flash_flag_clear                         0x08002efd   Thumb Code    12  at32m412_416_flash.o(.text.flash_flag_clear)
    flash_halfword_program                   0x08002f09   Thumb Code   122  at32m412_416_flash.o(.text.flash_halfword_program)
    flash_lock                               0x08002f85   Thumb Code    18  at32m412_416_flash.o(.text.flash_lock)
    flash_operation_wait_for                 0x08002f99   Thumb Code   108  at32m412_416_flash.o(.text.flash_operation_wait_for)
    flash_read                               0x08003005   Thumb Code    22  flash.o(.text.flash_read)
    flash_sector_erase                       0x0800301d   Thumb Code   130  at32m412_416_flash.o(.text.flash_sector_erase)
    flash_unlock                             0x080030a1   Thumb Code    30  at32m412_416_flash.o(.text.flash_unlock)
    flash_write                              0x080030c1   Thumb Code   386  flash.o(.text.flash_write)
    g_Master                                 0x08003245   Thumb Code   624  motor_sensoruse.o(.text.g_Master)
    gpio_bits_reset                          0x080034b9   Thumb Code     4  at32m412_416_gpio.o(.text.gpio_bits_reset)
    gpio_bits_set                            0x080034bd   Thumb Code     4  at32m412_416_gpio.o(.text.gpio_bits_set)
    gpio_bits_write                          0x080034c1   Thumb Code    12  at32m412_416_gpio.o(.text.gpio_bits_write)
    gpio_default_para_init                   0x080034cd   Thumb Code    14  at32m412_416_gpio.o(.text.gpio_default_para_init)
    gpio_init                                0x080034dd   Thumb Code   122  at32m412_416_gpio.o(.text.gpio_init)
    gpio_pin_mux_config                      0x08003559   Thumb Code    40  at32m412_416_gpio.o(.text.gpio_pin_mux_config)
    main                                     0x08003581   Thumb Code   400  main.o(.text.main)
    nvic_irq_enable                          0x08003711   Thumb Code   118  at32m412_416_misc.o(.text.nvic_irq_enable)
    nvic_priority_group_config               0x08003789   Thumb Code    32  at32m412_416_misc.o(.text.nvic_priority_group_config)
    send_array                               0x080037a9   Thumb Code    58  vofa.o(.text.send_array)
    spi_default_para_init                    0x080037e5   Thumb Code    14  at32m412_416_spi.o(.text.spi_default_para_init)
    spi_enable                               0x080037f5   Thumb Code    18  at32m412_416_spi.o(.text.spi_enable)
    spi_i2s_data_receive                     0x08003809   Thumb Code     6  at32m412_416_spi.o(.text.spi_i2s_data_receive)
    spi_i2s_data_transmit                    0x08003811   Thumb Code     4  at32m412_416_spi.o(.text.spi_i2s_data_transmit)
    spi_i2s_flag_get                         0x08003815   Thumb Code    10  at32m412_416_spi.o(.text.spi_i2s_flag_get)
    spi_init                                 0x08003821   Thumb Code   282  at32m412_416_spi.o(.text.spi_init)
    system_core_clock_update                 0x0800393d   Thumb Code   144  system_at32m412_416.o(.text.system_core_clock_update)
    systick_clock_source_config              0x080039e5   Thumb Code    24  at32m412_416_misc.o(.text.systick_clock_source_config)
    tmr_base_init                            0x080039fd   Thumb Code    14  at32m412_416_tmr.o(.text.tmr_base_init)
    tmr_brk2_config                          0x08003a0d   Thumb Code    56  at32m412_416_tmr.o(.text.tmr_brk2_config)
    tmr_brk_filter_value_set                 0x08003a45   Thumb Code    18  at32m412_416_tmr.o(.text.tmr_brk_filter_value_set)
    tmr_brkdt_config                         0x08003a59   Thumb Code   122  at32m412_416_tmr.o(.text.tmr_brkdt_config)
    tmr_channel_value_set                    0x08003ad5   Thumb Code    78  at32m412_416_tmr.o(.text.tmr_channel_value_set)
    tmr_clock_source_div_set                 0x08003b25   Thumb Code    18  at32m412_416_tmr.o(.text.tmr_clock_source_div_set)
    tmr_cnt_dir_set                          0x08003b39   Thumb Code    18  at32m412_416_tmr.o(.text.tmr_cnt_dir_set)
    tmr_counter_enable                       0x08003b4d   Thumb Code    10  at32m412_416_tmr.o(.text.tmr_counter_enable)
    tmr_flag_clear                           0x08003b59   Thumb Code     6  at32m412_416_tmr.o(.text.tmr_flag_clear)
    tmr_interrupt_enable                     0x08003b61   Thumb Code    26  at32m412_416_tmr.o(.text.tmr_interrupt_enable)
    tmr_interrupt_flag_get                   0x08003b7d   Thumb Code    42  at32m412_416_tmr.o(.text.tmr_interrupt_flag_get)
    tmr_output_channel_buffer_enable         0x08003ba9   Thumb Code   126  at32m412_416_tmr.o(.text.tmr_output_channel_buffer_enable)
    tmr_output_channel_config                0x08003c29   Thumb Code   766  at32m412_416_tmr.o(.text.tmr_output_channel_config)
    tmr_output_channel_immediately_set       0x08003f29   Thumb Code   126  at32m412_416_tmr.o(.text.tmr_output_channel_immediately_set)
    tmr_output_enable                        0x08003fa9   Thumb Code    18  at32m412_416_tmr.o(.text.tmr_output_enable)
    tmr_overflow_request_source_set          0x08003fbd   Thumb Code    18  at32m412_416_tmr.o(.text.tmr_overflow_request_source_set)
    tmr_period_buffer_enable                 0x08003fd1   Thumb Code    18  at32m412_416_tmr.o(.text.tmr_period_buffer_enable)
    tmr_primary_mode2_select                 0x08003fe5   Thumb Code    18  at32m412_416_tmr.o(.text.tmr_primary_mode2_select)
    tmr_primary_mode_select                  0x08003ff9   Thumb Code    18  at32m412_416_tmr.o(.text.tmr_primary_mode_select)
    tmr_repetition_counter_set               0x0800400d   Thumb Code    68  at32m412_416_tmr.o(.text.tmr_repetition_counter_set)
    tmr_sub_sync_mode_set                    0x08004051   Thumb Code    18  at32m412_416_tmr.o(.text.tmr_sub_sync_mode_set)
    update_ADRC                              0x08004065   Thumb Code    44  adrc.o(.text.update_ADRC)
    update_ADRC_ESO                          0x08004095   Thumb Code   328  adrc.o(.text.update_ADRC_ESO)
    update_multi_turn_position               0x080041dd   Thumb Code    94  motor_sensoruse.o(.text.update_multi_turn_position)
    usart_data_receive                       0x0800423d   Thumb Code     6  at32m412_416_usart.o(.text.usart_data_receive)
    usart_data_transmit                      0x08004245   Thumb Code     8  at32m412_416_usart.o(.text.usart_data_transmit)
    usart_enable                             0x0800424d   Thumb Code    18  at32m412_416_usart.o(.text.usart_enable)
    usart_flag_get                           0x08004261   Thumb Code    10  at32m412_416_usart.o(.text.usart_flag_get)
    usart_hardware_flow_control_set          0x0800426d   Thumb Code    66  at32m412_416_usart.o(.text.usart_hardware_flow_control_set)
    usart_init                               0x080042b1   Thumb Code   160  at32m412_416_usart.o(.text.usart_init)
    usart_interrupt_enable                   0x08004351   Thumb Code    32  at32m412_416_usart.o(.text.usart_interrupt_enable)
    usart_interrupt_flag_get                 0x08004371   Thumb Code   232  at32m412_416_usart.o(.text.usart_interrupt_flag_get)
    usart_parity_selection_config            0x08004459   Thumb Code    58  at32m412_416_usart.o(.text.usart_parity_selection_config)
    usart_receiver_enable                    0x08004495   Thumb Code    18  at32m412_416_usart.o(.text.usart_receiver_enable)
    usart_transmitter_enable                 0x080044a9   Thumb Code    18  at32m412_416_usart.o(.text.usart_transmitter_enable)
    wdt_counter_reload                       0x080044bd   Thumb Code    16  at32m412_416_wdt.o(.text.wdt_counter_reload)
    wdt_divider_set                          0x080044cd   Thumb Code    18  at32m412_416_wdt.o(.text.wdt_divider_set)
    wdt_enable                               0x080044e1   Thumb Code    16  at32m412_416_wdt.o(.text.wdt_enable)
    wdt_flag_get                             0x080044f1   Thumb Code    18  at32m412_416_wdt.o(.text.wdt_flag_get)
    wdt_register_write_enable                0x08004505   Thumb Code    20  at32m412_416_wdt.o(.text.wdt_register_write_enable)
    wdt_reload_value_set                     0x08004519   Thumb Code    12  at32m412_416_wdt.o(.text.wdt_reload_value_set)
    wk_adc1_init                             0x08004525   Thumb Code   198  wk_adc.o(.text.wk_adc1_init)
    wk_adc2_init                             0x080045ed   Thumb Code   186  wk_adc.o(.text.wk_adc2_init)
    wk_adc_common_init                       0x080046a9   Thumb Code    40  wk_adc.o(.text.wk_adc_common_init)
    wk_delay_ms                              0x080046d1   Thumb Code    52  wk_system.o(.text.wk_delay_ms)
    wk_delay_us                              0x08004705   Thumb Code    40  wk_system.o(.text.wk_delay_us)
    wk_dma1_channel1_init                    0x0800472d   Thumb Code    80  wk_dma.o(.text.wk_dma1_channel1_init)
    wk_dma_channel_config                    0x0800477d   Thumb Code     8  wk_dma.o(.text.wk_dma_channel_config)
    wk_gpio_config                           0x08004785   Thumb Code   118  wk_gpio.o(.text.wk_gpio_config)
    wk_nvic_config                           0x080047fd   Thumb Code   122  at32m412_416_wk_config.o(.text.wk_nvic_config)
    wk_periph_clock_config                   0x08004879   Thumb Code   120  at32m412_416_wk_config.o(.text.wk_periph_clock_config)
    wk_spi2_init                             0x080048f1   Thumb Code   160  wk_spi.o(.text.wk_spi2_init)
    wk_system_clock_config                   0x08004991   Thumb Code   202  at32m412_416_wk_config.o(.text.wk_system_clock_config)
    wk_timebase_init                         0x08004a5d   Thumb Code    72  wk_system.o(.text.wk_timebase_init)
    wk_tmr1_init                             0x08004aa5   Thumb Code   614  wk_tmr.o(.text.wk_tmr1_init)
    wk_tmr4_init                             0x08004d0d   Thumb Code    84  wk_tmr.o(.text.wk_tmr4_init)
    wk_usart1_init                           0x08004d61   Thumb Code   148  wk_usart.o(.text.wk_usart1_init)
    __ARM_fpclassifyf                        0x08004df5   Thumb Code    38  fpclassifyf.o(i.__ARM_fpclassifyf)
    __hardfp_logf                            0x08004e1d   Thumb Code   320  logf.o(i.__hardfp_logf)
    __mathlib_logf                           0x08004e1d   Thumb Code     0  logf.o(i.__hardfp_logf)
    __hardfp_powf                            0x08004f89   Thumb Code  1606  powf.o(i.__hardfp_powf)
    __mathlib_powf                           0x08004f89   Thumb Code     0  powf.o(i.__hardfp_powf)
    __mathlib_flt_divzero                    0x080055ed   Thumb Code    14  funder.o(i.__mathlib_flt_divzero)
    __mathlib_flt_infnan                     0x08005601   Thumb Code     6  funder.o(i.__mathlib_flt_infnan)
    __mathlib_flt_infnan2                    0x08005607   Thumb Code     6  funder.o(i.__mathlib_flt_infnan2)
    __mathlib_flt_invalid                    0x0800560d   Thumb Code    10  funder.o(i.__mathlib_flt_invalid)
    __mathlib_flt_overflow                   0x0800561d   Thumb Code    10  funder.o(i.__mathlib_flt_overflow)
    __mathlib_flt_underflow                  0x0800562d   Thumb Code    10  funder.o(i.__mathlib_flt_underflow)
    __aeabi_d2f                              0x0800563d   Thumb Code     0  d2f.o(x$fpl$d2f)
    _d2f                                     0x0800563d   Thumb Code    98  d2f.o(x$fpl$d2f)
    __aeabi_dadd                             0x080056a1   Thumb Code     0  daddsub_clz.o(x$fpl$dadd)
    _dadd                                    0x080056a1   Thumb Code   332  daddsub_clz.o(x$fpl$dadd)
    __aeabi_dmul                             0x080057f1   Thumb Code     0  dmul.o(x$fpl$dmul)
    _dmul                                    0x080057f1   Thumb Code   332  dmul.o(x$fpl$dmul)
    __fpl_dnaninf                            0x08005945   Thumb Code   156  dnaninf.o(x$fpl$dnaninf)
    __fpl_dretinf                            0x080059e1   Thumb Code    12  dretinf.o(x$fpl$dretinf)
    __aeabi_dsub                             0x080059ed   Thumb Code     0  daddsub_clz.o(x$fpl$dsub)
    _dsub                                    0x080059ed   Thumb Code   472  daddsub_clz.o(x$fpl$dsub)
    __aeabi_f2d                              0x08005bc9   Thumb Code     0  f2d.o(x$fpl$f2d)
    _f2d                                     0x08005bc9   Thumb Code    86  f2d.o(x$fpl$f2d)
    __fpl_fnaninf                            0x08005c1f   Thumb Code   140  fnaninf.o(x$fpl$fnaninf)
    _fp_init                                 0x08005cab   Thumb Code    26  fpinit.o(x$fpl$fpinit)
    __fplib_config_fpu_vfp                   0x08005cc3   Thumb Code     0  fpinit.o(x$fpl$fpinit)
    __fplib_config_pureend_doubles           0x08005cc3   Thumb Code     0  fpinit.o(x$fpl$fpinit)
    __fpl_fretinf                            0x08005cc5   Thumb Code    10  fretinf.o(x$fpl$fretinf)
    __I$use$fp                               0x08005cce   Number         0  usenofp.o(x$fpl$usenofp)
    Sin_Cos_Table                            0x08005e50   Data         512  math_drv.o(.rodata.Sin_Cos_Table)
    Region$$Table$$Base                      0x08006058   Number         0  anon$$obj.o(Region$$Table)
    Region$$Table$$Limit                     0x08006078   Number         0  anon$$obj.o(Region$$Table)
    g_TempProtect                            0x20000000   Data          20  thermistor.o(.data.g_TempProtect)
    g_local_device_addr                      0x20000014   Data           1  uart_can.o(.data.g_local_device_addr)
    pid_id                                   0x20000018   Data          28  pid.o(.data.pid_id)
    pid_iq                                   0x20000034   Data          28  pid.o(.data.pid_iq)
    pid_pos                                  0x20000050   Data          28  pid.o(.data.pid_pos)
    pid_speed                                0x2000006c   Data          28  pid.o(.data.pid_speed)
    system_core_clock                        0x20000088   Data           4  system_at32m412_416.o(.data.system_core_clock)
    __libspace_start                         0x20000090   Data          96  libspace.o(.bss)
    ADRC                                     0x200000f0   Data         120  global_control.o(.bss.ADRC)
    __temporary_stack_top$libspace           0x200000f0   Data           0  libspace.o(.bss)
    Calibration_Bx39                         0x20000168   Data           2  motor_sensoruse.o(.bss.Calibration_Bx39)
    Enc_VFsingle                             0x2000016c   Data           4  encoder.o(.bss.Enc_VFsingle)
    FANTim1                                  0x20000170   Data           2  global_control.o(.bss.FANTim1)
    FANTim1pwm                               0x20000174   Data           4  global_control.o(.bss.FANTim1pwm)
    FocStruct                                0x20000178   Data         120  foc_drv.o(.bss.FocStruct)
    TEMP_DELAY                               0x200001fa   Data           1  global_control.o(.bss.TEMP_DELAY)
    TaskTim1                                 0x200001fc   Data           2  global_control.o(.bss.TaskTim1)
    TaskTim100                               0x200001fe   Data           2  global_control.o(.bss.TaskTim100)
    TaskTim1Khz                              0x20000200   Data           2  global_control.o(.bss.TaskTim1Khz)
    VIBRATINO_1_flag                         0x20000202   Data           2  motor_sensoruse.o(.bss.VIBRATINO_1_flag)
    adc_odt                                  0x20000204   Data           4  adc_front-end.o(.bss.adc_odt)
    buffer_read                              0x20000208   Data          60  flash.o(.bss.buffer_read)
    buffer_write                             0x20000244   Data          60  flash.o(.bss.buffer_write)
    data_buf                                 0x20000280   Data          64  uart_can.o(.bss.data_buf)
    data_lens                                0x200002c0   Data           1  uart_can.o(.bss.data_lens)
    electrical_angle                         0x200002c4   Data           4  motor_sensoruse.o(.bss.electrical_angle)
    flash_buf                                0x200002ca   Data        1024  flash.o(.bss.flash_buf)
    g_RecoveryStable                         0x200006ef   Data           1  motor_sensoruse.o(.bss.g_RecoveryStable)
    g_RecoveryWritePending                   0x200006f0   Data           1  motor_sensoruse.o(.bss.g_RecoveryWritePending)
    g_Sensoruse                              0x200006f4   Data          44  motor_sensoruse.o(.bss.g_Sensoruse)
    g_device_regs                            0x20000720   Data          64  uart_can.o(.bss.g_device_regs)
    g_foc_phase_data                         0x20000760   Data          40  adc_front-end.o(.bss.g_foc_phase_data)
    g_stepCounter                            0x20000788   Data          88  global_control.o(.bss.g_stepCounter)
    obs_flag                                 0x200007e0   Data           1  global_control.o(.bss.obs_flag)
    obs_speed                                0x200007e4   Data           4  global_control.o(.bss.obs_speed)
    reg_RW                                   0x200007e8   Data           1  uart_can.o(.bss.reg_RW)
    ticks_count_us                           0x20000808   Data           4  wk_system.o(.bss.ticks_count_us)
    uart_rx_buf                              0x2000080c   Data          32  uart_can.o(.bss.uart_rx_buf)
    uart_rx_flag                             0x2000082c   Data           1  uart_can.o(.bss.uart_rx_flag)
    uart_rx_index                            0x2000082d   Data           1  uart_can.o(.bss.uart_rx_index)



==============================================================================

Memory Map of the image

  Image Entry point : 0x080001bd

  Load Region LR_IROM1 (Base: 0x08000000, Size: 0x00006108, Max: 0x00020000, ABSOLUTE)

    Execution Region ER_IROM1 (Exec base: 0x08000000, Load base: 0x08000000, Size: 0x00006078, Max: 0x00020000, ABSOLUTE)

    Exec Addr    Load Addr    Size         Type   Attr      Idx    E Section Name        Object

    0x08000000   0x08000000   0x000001bc   Data   RO         1288    RESET               startup_at32m412_416.o
    0x080001bc   0x080001bc   0x00000008   Code   RO         2662  * !!!main             c_w.l(__main.o)
    0x080001c4   0x080001c4   0x0000005c   Code   RO         2993    !!!scatter          c_w.l(__scatter.o)
    0x08000220   0x08000220   0x0000001a   Code   RO         2997    !!handler_copy      c_w.l(__scatter_copy.o)
    0x0800023a   0x0800023a   0x00000002   PAD
    0x0800023c   0x0800023c   0x00000002   Code   RO         2994    !!handler_null      c_w.l(__scatter.o)
    0x0800023e   0x0800023e   0x00000002   PAD
    0x08000240   0x08000240   0x0000001c   Code   RO         2999    !!handler_zi        c_w.l(__scatter_zi.o)
    0x0800025c   0x0800025c   0x00000002   Code   RO         2858    .ARM.Collect$$libinit$$00000000  c_w.l(libinit.o)
    0x0800025e   0x0800025e   0x00000004   Code   RO         2867    .ARM.Collect$$libinit$$00000001  c_w.l(libinit2.o)
    0x08000262   0x08000262   0x00000000   Code   RO         2870    .ARM.Collect$$libinit$$00000004  c_w.l(libinit2.o)
    0x08000262   0x08000262   0x00000000   Code   RO         2872    .ARM.Collect$$libinit$$00000006  c_w.l(libinit2.o)
    0x08000262   0x08000262   0x00000000   Code   RO         2875    .ARM.Collect$$libinit$$0000000C  c_w.l(libinit2.o)
    0x08000262   0x08000262   0x00000000   Code   RO         2877    .ARM.Collect$$libinit$$0000000E  c_w.l(libinit2.o)
    0x08000262   0x08000262   0x00000000   Code   RO         2879    .ARM.Collect$$libinit$$00000010  c_w.l(libinit2.o)
    0x08000262   0x08000262   0x00000000   Code   RO         2882    .ARM.Collect$$libinit$$00000013  c_w.l(libinit2.o)
    0x08000262   0x08000262   0x00000000   Code   RO         2884    .ARM.Collect$$libinit$$00000015  c_w.l(libinit2.o)
    0x08000262   0x08000262   0x00000000   Code   RO         2886    .ARM.Collect$$libinit$$00000017  c_w.l(libinit2.o)
    0x08000262   0x08000262   0x00000000   Code   RO         2888    .ARM.Collect$$libinit$$00000019  c_w.l(libinit2.o)
    0x08000262   0x08000262   0x00000000   Code   RO         2890    .ARM.Collect$$libinit$$0000001B  c_w.l(libinit2.o)
    0x08000262   0x08000262   0x00000000   Code   RO         2892    .ARM.Collect$$libinit$$0000001D  c_w.l(libinit2.o)
    0x08000262   0x08000262   0x00000000   Code   RO         2894    .ARM.Collect$$libinit$$0000001F  c_w.l(libinit2.o)
    0x08000262   0x08000262   0x00000000   Code   RO         2896    .ARM.Collect$$libinit$$00000021  c_w.l(libinit2.o)
    0x08000262   0x08000262   0x00000000   Code   RO         2898    .ARM.Collect$$libinit$$00000023  c_w.l(libinit2.o)
    0x08000262   0x08000262   0x00000000   Code   RO         2900    .ARM.Collect$$libinit$$00000025  c_w.l(libinit2.o)
    0x08000262   0x08000262   0x00000000   Code   RO         2902    .ARM.Collect$$libinit$$00000027  c_w.l(libinit2.o)
    0x08000262   0x08000262   0x00000000   Code   RO         2906    .ARM.Collect$$libinit$$0000002E  c_w.l(libinit2.o)
    0x08000262   0x08000262   0x00000000   Code   RO         2908    .ARM.Collect$$libinit$$00000030  c_w.l(libinit2.o)
    0x08000262   0x08000262   0x00000000   Code   RO         2910    .ARM.Collect$$libinit$$00000032  c_w.l(libinit2.o)
    0x08000262   0x08000262   0x00000000   Code   RO         2912    .ARM.Collect$$libinit$$00000034  c_w.l(libinit2.o)
    0x08000262   0x08000262   0x00000002   Code   RO         2913    .ARM.Collect$$libinit$$00000035  c_w.l(libinit2.o)
    0x08000264   0x08000264   0x00000002   Code   RO         2948    .ARM.Collect$$libshutdown$$00000000  c_w.l(libshutdown.o)
    0x08000266   0x08000266   0x00000000   Code   RO         2976    .ARM.Collect$$libshutdown$$00000002  c_w.l(libshutdown2.o)
    0x08000266   0x08000266   0x00000000   Code   RO         2978    .ARM.Collect$$libshutdown$$00000004  c_w.l(libshutdown2.o)
    0x08000266   0x08000266   0x00000000   Code   RO         2981    .ARM.Collect$$libshutdown$$00000007  c_w.l(libshutdown2.o)
    0x08000266   0x08000266   0x00000000   Code   RO         2984    .ARM.Collect$$libshutdown$$0000000A  c_w.l(libshutdown2.o)
    0x08000266   0x08000266   0x00000000   Code   RO         2986    .ARM.Collect$$libshutdown$$0000000C  c_w.l(libshutdown2.o)
    0x08000266   0x08000266   0x00000000   Code   RO         2989    .ARM.Collect$$libshutdown$$0000000F  c_w.l(libshutdown2.o)
    0x08000266   0x08000266   0x00000002   Code   RO         2990    .ARM.Collect$$libshutdown$$00000010  c_w.l(libshutdown2.o)
    0x08000268   0x08000268   0x00000000   Code   RO         2747    .ARM.Collect$$rtentry$$00000000  c_w.l(__rtentry.o)
    0x08000268   0x08000268   0x00000000   Code   RO         2819    .ARM.Collect$$rtentry$$00000002  c_w.l(__rtentry2.o)
    0x08000268   0x08000268   0x00000006   Code   RO         2831    .ARM.Collect$$rtentry$$00000004  c_w.l(__rtentry4.o)
    0x0800026e   0x0800026e   0x00000000   Code   RO         2821    .ARM.Collect$$rtentry$$00000009  c_w.l(__rtentry2.o)
    0x0800026e   0x0800026e   0x00000004   Code   RO         2822    .ARM.Collect$$rtentry$$0000000A  c_w.l(__rtentry2.o)
    0x08000272   0x08000272   0x00000000   Code   RO         2824    .ARM.Collect$$rtentry$$0000000C  c_w.l(__rtentry2.o)
    0x08000272   0x08000272   0x00000008   Code   RO         2825    .ARM.Collect$$rtentry$$0000000D  c_w.l(__rtentry2.o)
    0x0800027a   0x0800027a   0x00000002   Code   RO         2859    .ARM.Collect$$rtexit$$00000000  c_w.l(rtexit.o)
    0x0800027c   0x0800027c   0x00000000   Code   RO         2919    .ARM.Collect$$rtexit$$00000002  c_w.l(rtexit2.o)
    0x0800027c   0x0800027c   0x00000004   Code   RO         2920    .ARM.Collect$$rtexit$$00000003  c_w.l(rtexit2.o)
    0x08000280   0x08000280   0x00000006   Code   RO         2921    .ARM.Collect$$rtexit$$00000004  c_w.l(rtexit2.o)
    0x08000286   0x08000286   0x00000002   PAD
    0x08000288   0x08000288   0x00000040   Code   RO         1289    .text               startup_at32m412_416.o
    0x080002c8   0x080002c8   0x0000008a   Code   RO         2650    .text               c_w.l(rt_memcpy_v6.o)
    0x08000352   0x08000352   0x00000064   Code   RO         2652    .text               c_w.l(rt_memcpy_w.o)
    0x080003b6   0x080003b6   0x00000044   Code   RO         2656    .text               c_w.l(rt_memclr.o)
    0x080003fa   0x080003fa   0x0000004e   Code   RO         2658    .text               c_w.l(rt_memclr_w.o)
    0x08000448   0x08000448   0x00000006   Code   RO         2660    .text               c_w.l(heapauxi.o)
    0x0800044e   0x0800044e   0x00000016   Code   RO         2752    .text               c_w.l(_rserrno.o)
    0x08000464   0x08000464   0x00000008   Code   RO         2838    .text               c_w.l(rt_errno_addr_intlibspace.o)
    0x0800046c   0x0800046c   0x00000008   Code   RO         2842    .text               c_w.l(libspace.o)
    0x08000474   0x08000474   0x0000004a   Code   RO         2845    .text               c_w.l(sys_stackheap_outer.o)
    0x080004be   0x080004be   0x00000012   Code   RO         2847    .text               c_w.l(exit.o)
    0x080004d0   0x080004d0   0x0000000c   Code   RO         2914    .text               c_w.l(sys_exit.o)
    0x080004dc   0x080004dc   0x00000002   Code   RO         2937    .text               c_w.l(use_no_semi.o)
    0x080004de   0x080004de   0x00000000   Code   RO         2939    .text               c_w.l(indicate_semi.o)
    0x080004de   0x080004de   0x00000002   PAD
    0x080004e0   0x080004e0   0x0000009e   Code   RO          439    .text.ADRC_Init     adrc.o
    0x0800057e   0x0800057e   0x00000002   PAD
    0x08000580   0x08000580   0x00000002   Code   RO           37    .text.BusFault_Handler  at32m412_416_int.o
    0x08000582   0x08000582   0x00000002   PAD
    0x08000584   0x08000584   0x000001c4   Code   RO          196    .text.Calculate_SVPWM  foc_drv.o
    0x08000748   0x08000748   0x000000e8   Code   RO          207    .text.Calculate_Sin_Cos  math_drv.o
    0x08000830   0x08000830   0x00000080   Code   RO          299    .text.Calculate_velocity_raw  motor_sensoruse.o
    0x080008b0   0x080008b0   0x00000030   Code   RO          190    .text.Clark_Transform  foc_drv.o
    0x080008e0   0x080008e0   0x000000cc   Code   RO          474    .text.CurrentLoop_Init  pid.o
    0x080009ac   0x080009ac   0x00000002   Code   RO           43    .text.DebugMon_Handler  at32m412_416_int.o
    0x080009ae   0x080009ae   0x00000002   PAD
    0x080009b0   0x080009b0   0x00000050   Code   RO          155    .text.FOC_PhaseData_Calibrate  adc_front-end.o
    0x08000a00   0x08000a00   0x00000094   Code   RO          157    .text.FOC_phaseData_current_folat  adc_front-end.o
    0x08000a94   0x08000a94   0x00000334   Code   RO          291    .text.Factory_Calibration_Strong  motor_sensoruse.o
    0x08000dc8   0x08000dc8   0x000000c0   Code   RO          311    .text.GET_IPM_TEMP  motor_sensoruse.o
    0x08000e88   0x08000e88   0x00000038   Code   RO          173    .text.Gat_VFsingle_float  encoder.o
    0x08000ec0   0x08000ec0   0x000000c4   Code   RO            2    .text.Global_Init   global_control.o
    0x08000f84   0x08000f84   0x00000002   Code   RO           33    .text.HardFault_Handler  at32m412_416_int.o
    0x08000f86   0x08000f86   0x00000002   PAD
    0x08000f88   0x08000f88   0x00000032   Code   RO          194    .text.IPack_Transform  foc_drv.o
    0x08000fba   0x08000fba   0x00000002   PAD
    0x08000fbc   0x08000fbc   0x0000005a   Code   RO          368    .text.KTH78_ReadAngle  kth78xx.o
    0x08001016   0x08001016   0x00000002   PAD
    0x08001018   0x08001018   0x00000002   Code   RO           35    .text.MemManage_Handler  at32m412_416_int.o
    0x0800101a   0x0800101a   0x00000002   PAD
    0x0800101c   0x0800101c   0x00000002   Code   RO           31    .text.NMI_Handler   at32m412_416_int.o
    0x0800101e   0x0800101e   0x00000002   PAD
    0x08001020   0x08001020   0x0000003c   Code   RO          466    .text.PID_Init      pid.o
    0x0800105c   0x0800105c   0x000000c0   Code   RO          476    .text.PID_Update    pid.o
    0x0800111c   0x0800111c   0x00000032   Code   RO          192    .text.Pack_Transform  foc_drv.o
    0x0800114e   0x0800114e   0x00000002   PAD
    0x08001150   0x08001150   0x0000019a   Code   RO          246    .text.ParseUartFrame  uart_can.o
    0x080012ea   0x080012ea   0x00000002   PAD
    0x080012ec   0x080012ec   0x00000002   Code   RO           45    .text.PendSV_Handler  at32m412_416_int.o
    0x080012ee   0x080012ee   0x00000002   PAD
    0x080012f0   0x080012f0   0x0000006c   Code   RO          283    .text.Recovery_Check  motor_sensoruse.o
    0x0800135c   0x0800135c   0x00000046   Code   RO          285    .text.Recovery_MarkStable  motor_sensoruse.o
    0x080013a2   0x080013a2   0x00000002   PAD
    0x080013a4   0x080013a4   0x00000002   Code   RO           41    .text.SVC_Handler   at32m412_416_int.o
    0x080013a6   0x080013a6   0x00000002   PAD
    0x080013a8   0x080013a8   0x00000076   Code   RO          250    .text.SendResponse  uart_can.o
    0x0800141e   0x0800141e   0x00000002   PAD
    0x08001420   0x08001420   0x00000548   Code   RO          287    .text.Sensoruse_Control  motor_sensoruse.o
    0x08001968   0x08001968   0x000000a0   Code   RO          297    .text.Sensoruse_Init  motor_sensoruse.o
    0x08001a08   0x08001a08   0x000000a0   Code   RO          303    .text.Sensoruse_RequestEmergencyStop  motor_sensoruse.o
    0x08001aa8   0x08001aa8   0x0000006a   Code   RO          490    .text.StepCounter_Init  step_counter.o
    0x08001b12   0x08001b12   0x00000002   PAD
    0x08001b14   0x08001b14   0x00000248   Code   RO          494    .text.StepCounter_Update  step_counter.o
    0x08001d5c   0x08001d5c   0x00000002   Code   RO           47    .text.SysTick_Handler  at32m412_416_int.o
    0x08001d5e   0x08001d5e   0x00000002   PAD
    0x08001d60   0x08001d60   0x0000006e   Code   RO         1296    .text.SystemInit    system_at32m412_416.o
    0x08001dce   0x08001dce   0x00000002   PAD
    0x08001dd0   0x08001dd0   0x00000022   Code   RO           10    .text.TMR1_CH_IRQHandler  global_control.o
    0x08001df2   0x08001df2   0x00000002   PAD
    0x08001df4   0x08001df4   0x000001b0   Code   RO            4    .text.TMR1_OVF_TMR10_IRQHandler  global_control.o
    0x08001fa4   0x08001fa4   0x00000004   PAD
    0x08001fa8   0x08001fa8   0x00000278   Code   RO            6    .text.TMR4_GLOBAL_IRQHandler  global_control.o
    0x08002220   0x08002220   0x00000044   Code   RO          404    .text.Temp_Protect_CanRecover  thermistor.o
    0x08002264   0x08002264   0x00000014   Code   RO          402    .text.Temp_Protect_Clear  thermistor.o
    0x08002278   0x08002278   0x000000a4   Code   RO          396    .text.Temp_Protect_Process  thermistor.o
    0x0800231c   0x0800231c   0x00000038   Code   RO          394    .text.Temp_Protect_UpdateIPMSensorValidity  thermistor.o
    0x08002354   0x08002354   0x0000014c   Code   RO          390    .text.Thermistor_GetFilteredTemperature  thermistor.o
    0x080024a0   0x080024a0   0x0000006c   Code   RO          222    .text.UART_CommandWatchdog_Tick  uart_can.o
    0x0800250c   0x0800250c   0x00000050   Code   RO          226    .text.USART1_IRQHandler  uart_can.o
    0x0800255c   0x0800255c   0x00000002   Code   RO           39    .text.UsageFault_Handler  at32m412_416_int.o
    0x0800255e   0x0800255e   0x00000002   PAD
    0x08002560   0x08002560   0x00000046   Code   RO          248    .text.WriteDeviceRegisters  uart_can.o
    0x080025a6   0x080025a6   0x00000002   PAD
    0x080025a8   0x080025a8   0x00000044   Code   RO          929    .text.adc_base_config  at32m412_416_adc.o
    0x080025ec   0x080025ec   0x00000008   Code   RO          927    .text.adc_base_default_para_init  at32m412_416_adc.o
    0x080025f4   0x080025f4   0x0000000a   Code   RO          947    .text.adc_calibration_init  at32m412_416_adc.o
    0x080025fe   0x080025fe   0x00000002   PAD
    0x08002600   0x08002600   0x00000008   Code   RO          949    .text.adc_calibration_init_status_get  at32m412_416_adc.o
    0x08002608   0x08002608   0x0000000a   Code   RO          951    .text.adc_calibration_start  at32m412_416_adc.o
    0x08002612   0x08002612   0x00000002   PAD
    0x08002614   0x08002614   0x00000008   Code   RO          953    .text.adc_calibration_status_get  at32m412_416_adc.o
    0x0800261c   0x0800261c   0x00000080   Code   RO          933    .text.adc_common_config  at32m412_416_adc.o
    0x0800269c   0x0800269c   0x00000008   Code   RO          931    .text.adc_common_default_para_init  at32m412_416_adc.o
    0x080026a4   0x080026a4   0x00000012   Code   RO          941    .text.adc_dma_mode_enable  at32m412_416_adc.o
    0x080026b6   0x080026b6   0x00000002   PAD
    0x080026b8   0x080026b8   0x00000012   Code   RO          943    .text.adc_dma_request_repeat_enable  at32m412_416_adc.o
    0x080026ca   0x080026ca   0x00000002   PAD
    0x080026cc   0x080026cc   0x0000000a   Code   RO          925    .text.adc_enable    at32m412_416_adc.o
    0x080026d6   0x080026d6   0x00000002   PAD
    0x080026d8   0x080026d8   0x00000006   Code   RO         1005    .text.adc_flag_clear  at32m412_416_adc.o
    0x080026de   0x080026de   0x00000002   PAD
    0x080026e0   0x080026e0   0x0000000a   Code   RO         1001    .text.adc_flag_get  at32m412_416_adc.o
    0x080026ea   0x080026ea   0x00000002   PAD
    0x080026ec   0x080026ec   0x0000002a   Code   RO          307    .text.adc_ordinary_channel  motor_sensoruse.o
    0x08002716   0x08002716   0x00000002   PAD
    0x08002718   0x08002718   0x000002c2   Code   RO          961    .text.adc_ordinary_channel_set  at32m412_416_adc.o
    0x080029da   0x080029da   0x00000002   PAD
    0x080029dc   0x080029dc   0x00000006   Code   RO          995    .text.adc_ordinary_conversion_data_get  at32m412_416_adc.o
    0x080029e2   0x080029e2   0x00000002   PAD
    0x080029e4   0x080029e4   0x00000038   Code   RO          967    .text.adc_ordinary_conversion_trigger_set  at32m412_416_adc.o
    0x08002a1c   0x08002a1c   0x00000012   Code   RO          987    .text.adc_ordinary_software_trigger_enable  at32m412_416_adc.o
    0x08002a2e   0x08002a2e   0x00000002   PAD
    0x08002a30   0x08002a30   0x0000001a   Code   RO          991    .text.adc_preempt_software_trigger_enable  at32m412_416_adc.o
    0x08002a4a   0x08002a4a   0x00000002   PAD
    0x08002a4c   0x08002a4c   0x0000001c   Code   RO          923    .text.adc_reset     at32m412_416_adc.o
    0x08002a68   0x08002a68   0x00000012   Code   RO          939    .text.adc_resolution_set  at32m412_416_adc.o
    0x08002a7a   0x08002a7a   0x00000002   PAD
    0x08002a7c   0x08002a7c   0x0000002e   Code   RO          553    .text.crm_ahb_div_set  at32m412_416_crm.o
    0x08002aaa   0x08002aaa   0x00000002   PAD
    0x08002aac   0x08002aac   0x0000001a   Code   RO          555    .text.crm_apb1_div_set  at32m412_416_crm.o
    0x08002ac6   0x08002ac6   0x00000002   PAD
    0x08002ac8   0x08002ac8   0x0000001a   Code   RO          557    .text.crm_apb2_div_set  at32m412_416_crm.o
    0x08002ae2   0x08002ae2   0x00000002   PAD
    0x08002ae4   0x08002ae4   0x0000001a   Code   RO          559    .text.crm_apb3_div_set  at32m412_416_crm.o
    0x08002afe   0x08002afe   0x00000002   PAD
    0x08002b00   0x08002b00   0x00000018   Code   RO          523    .text.crm_auto_step_mode_enable  at32m412_416_crm.o
    0x08002b18   0x08002b18   0x0000007a   Code   RO          545    .text.crm_clock_source_enable  at32m412_416_crm.o
    0x08002b92   0x08002b92   0x00000002   PAD
    0x08002b94   0x08002b94   0x000000d4   Code   RO          587    .text.crm_clocks_freq_get  at32m412_416_crm.o
    0x08002c68   0x08002c68   0x0000001a   Code   RO          529    .text.crm_flag_get  at32m412_416_crm.o
    0x08002c82   0x08002c82   0x00000002   PAD
    0x08002c84   0x08002c84   0x00000024   Code   RO          533    .text.crm_hext_stable_wait  at32m412_416_crm.o
    0x08002ca8   0x08002ca8   0x00000028   Code   RO          539    .text.crm_periph_clock_enable  at32m412_416_crm.o
    0x08002cd0   0x08002cd0   0x00000028   Code   RO          541    .text.crm_periph_reset  at32m412_416_crm.o
    0x08002cf8   0x08002cf8   0x0000004c   Code   RO          581    .text.crm_pll_config  at32m412_416_crm.o
    0x08002d44   0x08002d44   0x0000006e   Code   RO          521    .text.crm_reset     at32m412_416_crm.o
    0x08002db2   0x08002db2   0x00000002   PAD
    0x08002db4   0x08002db4   0x00000026   Code   RO          583    .text.crm_sysclk_switch  at32m412_416_crm.o
    0x08002dda   0x08002dda   0x00000002   PAD
    0x08002ddc   0x08002ddc   0x00000010   Code   RO          585    .text.crm_sysclk_switch_status_get  at32m412_416_crm.o
    0x08002dec   0x08002dec   0x0000000a   Code   RO         1095    .text.dma_channel_enable  at32m412_416_dma.o
    0x08002df6   0x08002df6   0x00000002   PAD
    0x08002df8   0x08002df8   0x0000000e   Code   RO         1103    .text.dma_default_para_init  at32m412_416_dma.o
    0x08002e06   0x08002e06   0x00000002   PAD
    0x08002e08   0x08002e08   0x00000012   Code   RO         1099    .text.dma_flag_get  at32m412_416_dma.o
    0x08002e1a   0x08002e1a   0x00000002   PAD
    0x08002e1c   0x08002e1c   0x0000007e   Code   RO         1105    .text.dma_init      at32m412_416_dma.o
    0x08002e9a   0x08002e9a   0x00000002   PAD
    0x08002e9c   0x08002e9c   0x00000042   Code   RO         1087    .text.dma_reset     at32m412_416_dma.o
    0x08002ede   0x08002ede   0x00000002   PAD
    0x08002ee0   0x08002ee0   0x0000000e   Code   RO         1109    .text.dmamux_enable  at32m412_416_dma.o
    0x08002eee   0x08002eee   0x00000002   PAD
    0x08002ef0   0x08002ef0   0x0000000a   Code   RO         1111    .text.dmamux_init   at32m412_416_dma.o
    0x08002efa   0x08002efa   0x00000002   PAD
    0x08002efc   0x08002efc   0x0000000c   Code   RO         1165    .text.flash_flag_clear  at32m412_416_flash.o
    0x08002f08   0x08002f08   0x0000007a   Code   RO         1185    .text.flash_halfword_program  at32m412_416_flash.o
    0x08002f82   0x08002f82   0x00000002   PAD
    0x08002f84   0x08002f84   0x00000012   Code   RO         1173    .text.flash_lock    at32m412_416_flash.o
    0x08002f96   0x08002f96   0x00000002   PAD
    0x08002f98   0x08002f98   0x0000006c   Code   RO         1169    .text.flash_operation_wait_for  at32m412_416_flash.o
    0x08003004   0x08003004   0x00000016   Code   RO          342    .text.flash_read    flash.o
    0x0800301a   0x0800301a   0x00000002   PAD
    0x0800301c   0x0800301c   0x00000082   Code   RO         1175    .text.flash_sector_erase  at32m412_416_flash.o
    0x0800309e   0x0800309e   0x00000002   PAD
    0x080030a0   0x080030a0   0x0000001e   Code   RO         1171    .text.flash_unlock  at32m412_416_flash.o
    0x080030be   0x080030be   0x00000002   PAD
    0x080030c0   0x080030c0   0x00000182   Code   RO          346    .text.flash_write   flash.o
    0x08003242   0x08003242   0x00000002   PAD
    0x08003244   0x08003244   0x00000274   Code   RO          305    .text.g_Master      motor_sensoruse.o
    0x080034b8   0x080034b8   0x00000004   Code   RO          778    .text.gpio_bits_reset  at32m412_416_gpio.o
    0x080034bc   0x080034bc   0x00000004   Code   RO          776    .text.gpio_bits_set  at32m412_416_gpio.o
    0x080034c0   0x080034c0   0x0000000c   Code   RO          782    .text.gpio_bits_write  at32m412_416_gpio.o
    0x080034cc   0x080034cc   0x0000000e   Code   RO          766    .text.gpio_default_para_init  at32m412_416_gpio.o
    0x080034da   0x080034da   0x00000002   PAD
    0x080034dc   0x080034dc   0x0000007a   Code   RO          764    .text.gpio_init     at32m412_416_gpio.o
    0x08003556   0x08003556   0x00000002   PAD
    0x08003558   0x08003558   0x00000028   Code   RO          790    .text.gpio_pin_mux_config  at32m412_416_gpio.o
    0x08003580   0x08003580   0x00000190   Code   RO           71    .text.main          main.o
    0x08003710   0x08003710   0x00000076   Code   RO         1245    .text.nvic_irq_enable  at32m412_416_misc.o
    0x08003786   0x08003786   0x00000002   PAD
    0x08003788   0x08003788   0x00000020   Code   RO         1249    .text.nvic_priority_group_config  at32m412_416_misc.o
    0x080037a8   0x080037a8   0x0000003a   Code   RO          141    .text.send_array    vofa.o
    0x080037e2   0x080037e2   0x00000002   PAD
    0x080037e4   0x080037e4   0x0000000e   Code   RO         1031    .text.spi_default_para_init  at32m412_416_spi.o
    0x080037f2   0x080037f2   0x00000002   PAD
    0x080037f4   0x080037f4   0x00000012   Code   RO         1055    .text.spi_enable    at32m412_416_spi.o
    0x08003806   0x08003806   0x00000002   PAD
    0x08003808   0x08003808   0x00000006   Code   RO         1071    .text.spi_i2s_data_receive  at32m412_416_spi.o
    0x0800380e   0x0800380e   0x00000002   PAD
    0x08003810   0x08003810   0x00000004   Code   RO         1069    .text.spi_i2s_data_transmit  at32m412_416_spi.o
    0x08003814   0x08003814   0x0000000a   Code   RO         1073    .text.spi_i2s_flag_get  at32m412_416_spi.o
    0x0800381e   0x0800381e   0x00000002   PAD
    0x08003820   0x08003820   0x0000011a   Code   RO         1033    .text.spi_init      at32m412_416_spi.o
    0x0800393a   0x0800393a   0x00000002   PAD
    0x0800393c   0x0800393c   0x000000a8   Code   RO         1298    .text.system_core_clock_update  system_at32m412_416.o
    0x080039e4   0x080039e4   0x00000018   Code   RO         1255    .text.systick_clock_source_config  at32m412_416_misc.o
    0x080039fc   0x080039fc   0x0000000e   Code   RO          618    .text.tmr_base_init  at32m412_416_tmr.o
    0x08003a0a   0x08003a0a   0x00000002   PAD
    0x08003a0c   0x08003a0c   0x00000038   Code   RO          728    .text.tmr_brk2_config  at32m412_416_tmr.o
    0x08003a44   0x08003a44   0x00000012   Code   RO          726    .text.tmr_brk_filter_value_set  at32m412_416_tmr.o
    0x08003a56   0x08003a56   0x00000002   PAD
    0x08003a58   0x08003a58   0x0000007a   Code   RO          724    .text.tmr_brkdt_config  at32m412_416_tmr.o
    0x08003ad2   0x08003ad2   0x00000002   PAD
    0x08003ad4   0x08003ad4   0x0000004e   Code   RO          644    .text.tmr_channel_value_set  at32m412_416_tmr.o
    0x08003b22   0x08003b22   0x00000002   PAD
    0x08003b24   0x08003b24   0x00000012   Code   RO          620    .text.tmr_clock_source_div_set  at32m412_416_tmr.o
    0x08003b36   0x08003b36   0x00000002   PAD
    0x08003b38   0x08003b38   0x00000012   Code   RO          622    .text.tmr_cnt_dir_set  at32m412_416_tmr.o
    0x08003b4a   0x08003b4a   0x00000002   PAD
    0x08003b4c   0x08003b4c   0x0000000a   Code   RO          608    .text.tmr_counter_enable  at32m412_416_tmr.o
    0x08003b56   0x08003b56   0x00000002   PAD
    0x08003b58   0x08003b58   0x00000006   Code   RO          700    .text.tmr_flag_clear  at32m412_416_tmr.o
    0x08003b5e   0x08003b5e   0x00000002   PAD
    0x08003b60   0x08003b60   0x0000001a   Code   RO          694    .text.tmr_interrupt_enable  at32m412_416_tmr.o
    0x08003b7a   0x08003b7a   0x00000002   PAD
    0x08003b7c   0x08003b7c   0x0000002a   Code   RO          696    .text.tmr_interrupt_flag_get  at32m412_416_tmr.o
    0x08003ba6   0x08003ba6   0x00000002   PAD
    0x08003ba8   0x08003ba8   0x0000007e   Code   RO          650    .text.tmr_output_channel_buffer_enable  at32m412_416_tmr.o
    0x08003c26   0x08003c26   0x00000002   PAD
    0x08003c28   0x08003c28   0x000002fe   Code   RO          636    .text.tmr_output_channel_config  at32m412_416_tmr.o
    0x08003f26   0x08003f26   0x00000002   PAD
    0x08003f28   0x08003f28   0x0000007e   Code   RO          652    .text.tmr_output_channel_immediately_set  at32m412_416_tmr.o
    0x08003fa6   0x08003fa6   0x00000002   PAD
    0x08003fa8   0x08003fa8   0x00000012   Code   RO          704    .text.tmr_output_enable  at32m412_416_tmr.o
    0x08003fba   0x08003fba   0x00000002   PAD
    0x08003fbc   0x08003fbc   0x00000012   Code   RO          658    .text.tmr_overflow_request_source_set  at32m412_416_tmr.o
    0x08003fce   0x08003fce   0x00000002   PAD
    0x08003fd0   0x08003fd0   0x00000012   Code   RO          648    .text.tmr_period_buffer_enable  at32m412_416_tmr.o
    0x08003fe2   0x08003fe2   0x00000002   PAD
    0x08003fe4   0x08003fe4   0x00000012   Code   RO          732    .text.tmr_primary_mode2_select  at32m412_416_tmr.o
    0x08003ff6   0x08003ff6   0x00000002   PAD
    0x08003ff8   0x08003ff8   0x00000012   Code   RO          676    .text.tmr_primary_mode_select  at32m412_416_tmr.o
    0x0800400a   0x0800400a   0x00000002   PAD
    0x0800400c   0x0800400c   0x00000044   Code   RO          626    .text.tmr_repetition_counter_set  at32m412_416_tmr.o
    0x08004050   0x08004050   0x00000012   Code   RO          690    .text.tmr_sub_sync_mode_set  at32m412_416_tmr.o
    0x08004062   0x08004062   0x00000002   PAD
    0x08004064   0x08004064   0x00000030   Code   RO          455    .text.update_ADRC   adrc.o
    0x08004094   0x08004094   0x00000148   Code   RO          449    .text.update_ADRC_ESO  adrc.o
    0x080041dc   0x080041dc   0x0000005e   Code   RO          309    .text.update_multi_turn_position  motor_sensoruse.o
    0x0800423a   0x0800423a   0x00000002   PAD
    0x0800423c   0x0800423c   0x00000006   Code   RO          835    .text.usart_data_receive  at32m412_416_usart.o
    0x08004242   0x08004242   0x00000002   PAD
    0x08004244   0x08004244   0x00000008   Code   RO          833    .text.usart_data_transmit  at32m412_416_usart.o
    0x0800424c   0x0800424c   0x00000012   Code   RO          807    .text.usart_enable  at32m412_416_usart.o
    0x0800425e   0x0800425e   0x00000002   PAD
    0x08004260   0x08004260   0x0000000a   Code   RO          855    .text.usart_flag_get  at32m412_416_usart.o
    0x0800426a   0x0800426a   0x00000002   PAD
    0x0800426c   0x0800426c   0x00000042   Code   RO          853    .text.usart_hardware_flow_control_set  at32m412_416_usart.o
    0x080042ae   0x080042ae   0x00000002   PAD
    0x080042b0   0x080042b0   0x000000a0   Code   RO          803    .text.usart_init    at32m412_416_usart.o
    0x08004350   0x08004350   0x00000020   Code   RO          817    .text.usart_interrupt_enable  at32m412_416_usart.o
    0x08004370   0x08004370   0x000000e8   Code   RO          857    .text.usart_interrupt_flag_get  at32m412_416_usart.o
    0x08004458   0x08004458   0x0000003a   Code   RO          805    .text.usart_parity_selection_config  at32m412_416_usart.o
    0x08004492   0x08004492   0x00000002   PAD
    0x08004494   0x08004494   0x00000012   Code   RO          811    .text.usart_receiver_enable  at32m412_416_usart.o
    0x080044a6   0x080044a6   0x00000002   PAD
    0x080044a8   0x080044a8   0x00000012   Code   RO          809    .text.usart_transmitter_enable  at32m412_416_usart.o
    0x080044ba   0x080044ba   0x00000002   PAD
    0x080044bc   0x080044bc   0x00000010   Code   RO         1267    .text.wdt_counter_reload  at32m412_416_wdt.o
    0x080044cc   0x080044cc   0x00000012   Code   RO         1271    .text.wdt_divider_set  at32m412_416_wdt.o
    0x080044de   0x080044de   0x00000002   PAD
    0x080044e0   0x080044e0   0x00000010   Code   RO         1265    .text.wdt_enable    at32m412_416_wdt.o
    0x080044f0   0x080044f0   0x00000012   Code   RO         1275    .text.wdt_flag_get  at32m412_416_wdt.o
    0x08004502   0x08004502   0x00000002   PAD
    0x08004504   0x08004504   0x00000014   Code   RO         1273    .text.wdt_register_write_enable  at32m412_416_wdt.o
    0x08004518   0x08004518   0x0000000c   Code   RO         1269    .text.wdt_reload_value_set  at32m412_416_wdt.o
    0x08004524   0x08004524   0x000000c6   Code   RO          101    .text.wk_adc1_init  wk_adc.o
    0x080045ea   0x080045ea   0x00000002   PAD
    0x080045ec   0x080045ec   0x000000ba   Code   RO          103    .text.wk_adc2_init  wk_adc.o
    0x080046a6   0x080046a6   0x00000002   PAD
    0x080046a8   0x080046a8   0x00000028   Code   RO           99    .text.wk_adc_common_init  wk_adc.o
    0x080046d0   0x080046d0   0x00000034   Code   RO           86    .text.wk_delay_ms   wk_system.o
    0x08004704   0x08004704   0x00000028   Code   RO           84    .text.wk_delay_us   wk_system.o
    0x0800472c   0x0800472c   0x00000050   Code   RO          272    .text.wk_dma1_channel1_init  wk_dma.o
    0x0800477c   0x0800477c   0x00000008   Code   RO          274    .text.wk_dma_channel_config  wk_dma.o
    0x08004784   0x08004784   0x00000076   Code   RO          125    .text.wk_gpio_config  wk_gpio.o
    0x080047fa   0x080047fa   0x00000002   PAD
    0x080047fc   0x080047fc   0x0000007a   Code   RO           61    .text.wk_nvic_config  at32m412_416_wk_config.o
    0x08004876   0x08004876   0x00000002   PAD
    0x08004878   0x08004878   0x00000078   Code   RO           59    .text.wk_periph_clock_config  at32m412_416_wk_config.o
    0x080048f0   0x080048f0   0x000000a0   Code   RO          359    .text.wk_spi2_init  wk_spi.o
    0x08004990   0x08004990   0x000000ca   Code   RO           57    .text.wk_system_clock_config  at32m412_416_wk_config.o
    0x08004a5a   0x08004a5a   0x00000002   PAD
    0x08004a5c   0x08004a5c   0x00000048   Code   RO           88    .text.wk_timebase_init  wk_system.o
    0x08004aa4   0x08004aa4   0x00000266   Code   RO          113    .text.wk_tmr1_init  wk_tmr.o
    0x08004d0a   0x08004d0a   0x00000002   PAD
    0x08004d0c   0x08004d0c   0x00000054   Code   RO          115    .text.wk_tmr4_init  wk_tmr.o
    0x08004d60   0x08004d60   0x00000094   Code   RO          133    .text.wk_usart1_init  wk_usart.o
    0x08004df4   0x08004df4   0x00000026   Code   RO         2799    i.__ARM_fpclassifyf  m_wm.l(fpclassifyf.o)
    0x08004e1a   0x08004e1a   0x00000002   PAD
    0x08004e1c   0x08004e1c   0x0000016c   Code   RO         2715    i.__hardfp_logf     m_wm.l(logf.o)
    0x08004f88   0x08004f88   0x00000664   Code   RO         2722    i.__hardfp_powf     m_wm.l(powf.o)
    0x080055ec   0x080055ec   0x00000014   Code   RO         2801    i.__mathlib_flt_divzero  m_wm.l(funder.o)
    0x08005600   0x08005600   0x00000006   Code   RO         2802    i.__mathlib_flt_infnan  m_wm.l(funder.o)
    0x08005606   0x08005606   0x00000006   Code   RO         2803    i.__mathlib_flt_infnan2  m_wm.l(funder.o)
    0x0800560c   0x0800560c   0x00000010   Code   RO         2804    i.__mathlib_flt_invalid  m_wm.l(funder.o)
    0x0800561c   0x0800561c   0x00000010   Code   RO         2805    i.__mathlib_flt_overflow  m_wm.l(funder.o)
    0x0800562c   0x0800562c   0x00000010   Code   RO         2807    i.__mathlib_flt_underflow  m_wm.l(funder.o)
    0x0800563c   0x0800563c   0x00000062   Code   RO         2664    x$fpl$d2f           fz_wm.l(d2f.o)
    0x0800569e   0x0800569e   0x00000002   PAD
    0x080056a0   0x080056a0   0x00000150   Code   RO         2666    x$fpl$dadd          fz_wm.l(daddsub_clz.o)
    0x080057f0   0x080057f0   0x00000154   Code   RO         2684    x$fpl$dmul          fz_wm.l(dmul.o)
    0x08005944   0x08005944   0x0000009c   Code   RO         2766    x$fpl$dnaninf       fz_wm.l(dnaninf.o)
    0x080059e0   0x080059e0   0x0000000c   Code   RO         2768    x$fpl$dretinf       fz_wm.l(dretinf.o)
    0x080059ec   0x080059ec   0x000001dc   Code   RO         2668    x$fpl$dsub          fz_wm.l(daddsub_clz.o)
    0x08005bc8   0x08005bc8   0x00000056   Code   RO         2686    x$fpl$f2d           fz_wm.l(f2d.o)
    0x08005c1e   0x08005c1e   0x0000008c   Code   RO         2774    x$fpl$fnaninf       fz_wm.l(fnaninf.o)
    0x08005caa   0x08005caa   0x0000001a   Code   RO         2931    x$fpl$fpinit        fz_wm.l(fpinit.o)
    0x08005cc4   0x08005cc4   0x0000000a   Code   RO         2778    x$fpl$fretinf       fz_wm.l(fretinf.o)
    0x08005cce   0x08005cce   0x00000000   Code   RO         2782    x$fpl$usenofp       fz_wm.l(usenofp.o)
    0x08005cce   0x08005cce   0x00000002   PAD
    0x08005cd0   0x08005cd0   0x00000040   Data   RO         2718    .constdata          m_wm.l(logf.o)
    0x08005d10   0x08005d10   0x00000140   Data   RO         2725    .constdata          m_wm.l(powf.o)
    0x08005e50   0x08005e50   0x00000200   Data   RO          211    .rodata.Sin_Cos_Table  math_drv.o
    0x08006050   0x08006050   0x00000008   Data   RO          597    .rodata.cst8        at32m412_416_crm.o
    0x08006058   0x08006058   0x00000020   Data   RO         2992    Region$$Table       anon$$obj.o


    Execution Region RW_IRAM1 (Exec base: 0x20000000, Load base: 0x08006078, Size: 0x00000e38, Max: 0x00004000, ABSOLUTE)

    Exec Addr    Load Addr    Size         Type   Attr      Idx    E Section Name        Object

    0x20000000   0x08006078   0x00000014   Data   RW          408    .data.g_TempProtect  thermistor.o
    0x20000014   0x0800608c   0x00000001   Data   RW          253    .data.g_local_device_addr  uart_can.o
    0x20000015   0x0800608d   0x00000003   PAD
    0x20000018   0x08006090   0x0000001c   Data   RW          478    .data.pid_id        pid.o
    0x20000034   0x080060ac   0x0000001c   Data   RW          479    .data.pid_iq        pid.o
    0x20000050   0x080060c8   0x0000001c   Data   RW          481    .data.pid_pos       pid.o
    0x2000006c   0x080060e4   0x0000001c   Data   RW          480    .data.pid_speed     pid.o
    0x20000088   0x08006100   0x00000004   Data   RW         1300    .data.system_core_clock  system_at32m412_416.o
    0x2000008c   0x08006104   0x00000004   PAD
    0x20000090        -       0x00000060   Zero   RW         2843    .bss                c_w.l(libspace.o)
    0x200000f0        -       0x00000078   Zero   RW           20    .bss.ADRC           global_control.o
    0x20000168        -       0x00000002   Zero   RW          332    .bss.Calibration_Bx39  motor_sensoruse.o
    0x2000016a   0x08006104   0x00000002   PAD
    0x2000016c        -       0x00000004   Zero   RW          178    .bss.Enc_VFsingle   encoder.o
    0x20000170        -       0x00000002   Zero   RW           15    .bss.FANTim1        global_control.o
    0x20000172   0x08006104   0x00000002   PAD
    0x20000174        -       0x00000004   Zero   RW           19    .bss.FANTim1pwm     global_control.o
    0x20000178        -       0x00000078   Zero   RW          198    .bss.FocStruct      foc_drv.o
    0x200001f0        -       0x00000001   Zero   RW          330    .bss.Sensoruse_Control.pwm_was_off  motor_sensoruse.o
    0x200001f1   0x08006104   0x00000003   PAD
    0x200001f4        -       0x00000004   Zero   RW          318    .bss.Sensoruse_Control.recovery_timer  motor_sensoruse.o
    0x200001f8        -       0x00000002   Zero   RW          512    .bss.StepCounter_Update.cadence_timer  step_counter.o
    0x200001fa        -       0x00000001   Zero   RW           18    .bss.TEMP_DELAY     global_control.o
    0x200001fb   0x08006104   0x00000001   PAD
    0x200001fc        -       0x00000002   Zero   RW           13    .bss.TaskTim1       global_control.o
    0x200001fe        -       0x00000002   Zero   RW           12    .bss.TaskTim100     global_control.o
    0x20000200        -       0x00000002   Zero   RW           14    .bss.TaskTim1Khz    global_control.o
    0x20000202        -       0x00000002   Zero   RW          331    .bss.VIBRATINO_1_flag  motor_sensoruse.o
    0x20000204        -       0x00000004   Zero   RW          160    .bss.adc_odt        adc_front-end.o
    0x20000208        -       0x0000003c   Zero   RW          350    .bss.buffer_read    flash.o
    0x20000244        -       0x0000003c   Zero   RW          349    .bss.buffer_write   flash.o
    0x20000280        -       0x00000040   Zero   RW          263    .bss.data_buf       uart_can.o
    0x200002c0        -       0x00000001   Zero   RW          262    .bss.data_lens      uart_can.o
    0x200002c1   0x08006104   0x00000003   PAD
    0x200002c4        -       0x00000004   Zero   RW          314    .bss.electrical_angle  motor_sensoruse.o
    0x200002c8        -       0x00000001   Zero   RW          411    .bss.filter_count   thermistor.o
    0x200002c9        -       0x00000001   Zero   RW          410    .bss.filter_index   thermistor.o
    0x200002ca        -       0x00000400   Zero   RW          348    .bss.flash_buf      flash.o
    0x200006ca   0x08006104   0x00000002   PAD
    0x200006cc        -       0x00000004   Zero   RW          319    .bss.g_Intern.0     motor_sensoruse.o
    0x200006d0        -       0x00000002   Zero   RW          328    .bss.g_Intern.10    motor_sensoruse.o
    0x200006d2   0x08006104   0x00000002   PAD
    0x200006d4        -       0x00000004   Zero   RW          329    .bss.g_Intern.11    motor_sensoruse.o
    0x200006d8        -       0x00000002   Zero   RW          320    .bss.g_Intern.2     motor_sensoruse.o
    0x200006da   0x08006104   0x00000002   PAD
    0x200006dc        -       0x00000001   Zero   RW          321    .bss.g_Intern.3     motor_sensoruse.o
    0x200006dd   0x08006104   0x00000001   PAD
    0x200006de        -       0x00000001   Zero   RW          322    .bss.g_Intern.4     motor_sensoruse.o
    0x200006df   0x08006104   0x00000001   PAD
    0x200006e0        -       0x00000001   Zero   RW          323    .bss.g_Intern.5     motor_sensoruse.o
    0x200006e1   0x08006104   0x00000003   PAD
    0x200006e4        -       0x00000001   Zero   RW          324    .bss.g_Intern.6     motor_sensoruse.o
    0x200006e5   0x08006104   0x00000003   PAD
    0x200006e8        -       0x00000001   Zero   RW          325    .bss.g_Intern.7     motor_sensoruse.o
    0x200006e9   0x08006104   0x00000001   PAD
    0x200006ea        -       0x00000001   Zero   RW          326    .bss.g_Intern.8     motor_sensoruse.o
    0x200006eb   0x08006104   0x00000001   PAD
    0x200006ec        -       0x00000002   Zero   RW          327    .bss.g_Intern.9     motor_sensoruse.o
    0x200006ee        -       0x00000001   Zero   RW          317    .bss.g_RecoveryFlashDone  motor_sensoruse.o
    0x200006ef        -       0x00000001   Zero   RW          315    .bss.g_RecoveryStable  motor_sensoruse.o
    0x200006f0        -       0x00000001   Zero   RW          316    .bss.g_RecoveryWritePending  motor_sensoruse.o
    0x200006f1   0x08006104   0x00000003   PAD
    0x200006f4        -       0x0000002c   Zero   RW          313    .bss.g_Sensoruse    motor_sensoruse.o
    0x20000720        -       0x00000040   Zero   RW          256    .bss.g_device_regs  uart_can.o
    0x20000760        -       0x00000028   Zero   RW          159    .bss.g_foc_phase_data  adc_front-end.o
    0x20000788        -       0x00000058   Zero   RW           21    .bss.g_stepCounter  global_control.o
    0x200007e0        -       0x00000001   Zero   RW           17    .bss.obs_flag       global_control.o
    0x200007e1   0x08006104   0x00000003   PAD
    0x200007e4        -       0x00000004   Zero   RW           22    .bss.obs_speed      global_control.o
    0x200007e8        -       0x00000001   Zero   RW          252    .bss.reg_RW         uart_can.o
    0x200007e9   0x08006104   0x00000003   PAD
    0x200007ec        -       0x00000004   Zero   RW          258    .bss.s_command_silence_ticks  uart_can.o
    0x200007f0        -       0x00000001   Zero   RW          259    .bss.s_command_timed_out  uart_can.o
    0x200007f1        -       0x00000001   Zero   RW          257    .bss.s_valid_command_seen  uart_can.o
    0x200007f2   0x08006104   0x00000002   PAD
    0x200007f4        -       0x00000014   Zero   RW          409    .bss.temperature_buffer  thermistor.o
    0x20000808        -       0x00000004   Zero   RW           90    .bss.ticks_count_us  wk_system.o
    0x2000080c        -       0x00000020   Zero   RW          260    .bss.uart_rx_buf    uart_can.o
    0x2000082c        -       0x00000001   Zero   RW          255    .bss.uart_rx_flag   uart_can.o
    0x2000082d        -       0x00000001   Zero   RW          254    .bss.uart_rx_index  uart_can.o
    0x2000082e   0x08006104   0x00000002   PAD
    0x20000830        -       0x00000004   Zero   RW          457    .bss.update_ADRC_ESO.I_e  adrc.o
    0x20000834   0x08006104   0x00000004   PAD
    0x20000838        -       0x00000200   Zero   RW         1287    HEAP                startup_at32m412_416.o
    0x20000a38        -       0x00000400   Zero   RW         1286    STACK               startup_at32m412_416.o


==============================================================================

Image component sizes


      Code (inc. data)   RO Data    RW Data    ZI Data      Debug   Object Name

       228         16          0          0         44       1489   adc_front-end.o
       534          4          0          0          4       7958   adrc.o
      1168         70          0          0          0      27700   at32m412_416_adc.o
       864         34          8          0          0      24206   at32m412_416_crm.o
       258          0          0          0          0      13938   at32m412_416_dma.o
       420          0          0          0          0      22332   at32m412_416_flash.o
       196          0          0          0          0      11354   at32m412_416_gpio.o
        18          0          0          0          0       1181   at32m412_416_int.o
       174          0          0          0          0       6592   at32m412_416_misc.o
       334          4          0          0          0      12428   at32m412_416_spi.o
      1602         52          0          0          0      39775   at32m412_416_tmr.o
       626         68          0          0          0      14122   at32m412_416_usart.o
       100          0          0          0          0       2594   at32m412_416_wdt.o
       444          0          0          0          0      11305   at32m412_416_wk_config.o
        56          8          0          0          4       8917   encoder.o
       408          0          0          0       1144       3704   flash.o
       600         36          0          0        120       3371   foc_drv.o
      1294         40          0          0        226      22673   global_control.o
        90          0          0          0          0       8882   kth78xx.o
       400          0          0          0          0      12127   main.o
       232          8        512          0          0       1554   math_drv.o
      3754        154          0          0         80      21230   motor_sensoruse.o
       456          8          0        112          0       2874   pid.o
        64         26        444          0       1536        840   startup_at32m412_416.o
       690         12          0          0          2       5000   step_counter.o
       278         24          0          4          0       8752   system_at32m412_416.o
       640         36          0         20         22       6815   thermistor.o
       786          0          0          1        170      10740   uart_can.o
        58          0          0          0          0       3790   vofa.o
       424          0          0          0          0      14749   wk_adc.o
        88          0          0          0          0       6631   wk_dma.o
       118          0          0          0          0       6452   wk_gpio.o
       160          0          0          0          0      10353   wk_spi.o
       164          0          0          0          4       1855   wk_system.o
       698          0          0          0          0      18094   wk_tmr.o
       148          0          0          0          0       9818   wk_usart.o

    ----------------------------------------------------------------------
     18772        604        996        140       3404     386195   Object Totals
         0          0         32          0          0          0   (incl. Generated)
       200          4          0          3         48          0   (incl. Padding)

    ----------------------------------------------------------------------

      Code (inc. data)   RO Data    RW Data    ZI Data      Debug   Library Member Name

         8          0          0          0          0         68   __main.o
         0          0          0          0          0          0   __rtentry.o
        12          0          0          0          0          0   __rtentry2.o
         6          0          0          0          0          0   __rtentry4.o
        94          8          0          0          0          0   __scatter.o
        26          0          0          0          0          0   __scatter_copy.o
        28          0          0          0          0          0   __scatter_zi.o
        22          0          0          0          0        100   _rserrno.o
        18          0          0          0          0         80   exit.o
         6          0          0          0          0        152   heapauxi.o
         0          0          0          0          0          0   indicate_semi.o
         2          0          0          0          0          0   libinit.o
         6          0          0          0          0          0   libinit2.o
         2          0          0          0          0          0   libshutdown.o
         2          0          0          0          0          0   libshutdown2.o
         8          4          0          0         96         68   libspace.o
         8          4          0          0          0         68   rt_errno_addr_intlibspace.o
        68          0          0          0          0         68   rt_memclr.o
        78          0          0          0          0         80   rt_memclr_w.o
       138          0          0          0          0         68   rt_memcpy_v6.o
       100          0          0          0          0         80   rt_memcpy_w.o
         2          0          0          0          0          0   rtexit.o
        10          0          0          0          0          0   rtexit2.o
        12          4          0          0          0         68   sys_exit.o
        74          0          0          0          0         80   sys_stackheap_outer.o
         2          0          0          0          0         68   use_no_semi.o
        98          4          0          0          0        140   d2f.o
       812         16          0          0          0        392   daddsub_clz.o
       340         12          0          0          0        152   dmul.o
       156          4          0          0          0        140   dnaninf.o
        12          0          0          0          0        116   dretinf.o
        86          4          0          0          0        132   f2d.o
       140          4          0          0          0        132   fnaninf.o
        26          0          0          0          0        116   fpinit.o
        10          0          0          0          0        116   fretinf.o
         0          0          0          0          0          0   usenofp.o
        38          0          0          0          0        116   fpclassifyf.o
        80         24          0          0          0        696   funder.o
       364         44         64          0          0        140   logf.o
      1636        110        320          0          0        372   powf.o

    ----------------------------------------------------------------------
      4544        242        384          0         96       3808   Library Totals
        14          0          0          0          0          0   (incl. Padding)

    ----------------------------------------------------------------------

      Code (inc. data)   RO Data    RW Data    ZI Data      Debug   Library Name

       732         20          0          0         96       1048   c_w.l
      1680         44          0          0          0       1436   fz_wm.l
      2118        178        384          0          0       1324   m_wm.l

    ----------------------------------------------------------------------
      4544        242        384          0         96       3808   Library Totals

    ----------------------------------------------------------------------

==============================================================================


      Code (inc. data)   RO Data    RW Data    ZI Data      Debug   

     23316        846       1380        140       3500     387223   Grand Totals
     23316        846       1380        140       3500     387223   ELF Image Totals
     23316        846       1380        140          0          0   ROM Totals

==============================================================================

    Total RO  Size (Code + RO Data)                24696 (  24.12kB)
    Total RW  Size (RW Data + ZI Data)              3640 (   3.55kB)
    Total ROM Size (Code + RO Data + RW Data)      24836 (  24.25kB)

==============================================================================

