<html>
<body>
<pre>
<h1>�Vision Build Log</h1>
<h2>Tool Versions:</h2>
IDE-Version: ��Vision V5.43.1.0
Copyright (C) 2025 ARM Ltd and ARM Germany GmbH. All rights reserved.
License Information: 457448 45664, 486444444, LIC=9WSKC-7NE3J-ARDXW-Q8MR9-T25WP-6TLZ1
 
Tool Versions:
Toolchain:       MDK-ARM Plus  Version: 5.43.0.0
Toolchain Path:  F:\keil5\ARM\arm5\Bin
C Compiler:      Armcc.exe V5.06 update 7 (build 960)
Assembler:       Armasm.exe V5.06 update 7 (build 960)
Linker/Locator:  ArmLink.exe V5.06 update 7 (build 960)
Library Manager: ArmAr.exe V5.06 update 7 (build 960)
Hex Converter:   FromElf.exe V5.06 update 7 (build 960)
CPU DLL:         SARMCM3.DLL V5.43.0.0
Dialog DLL:      DARMCM1.DLL V1.19.6.0
Target DLL:      UL2CM3.DLL V1.164.16.0
Dialog DLL:      TARMCM1.DLL V1.14.6.0
 
<h2>Project:</h2>
E:\pacefitApp\BX39v2.0_32\MDK-ARM\LedBlink.uvprojx
Project File Date:  07/09/2026

<h2>Output:</h2>
*** Using Compiler 'V5.06 update 7 (build 960)', folder: 'F:\keil5\ARM\arm5\Bin'
Build target 'N32G003_BenchTest'
assembling startup_n32g003.s...
compiling n32g003_it.c...
compiling system_n32g003.c...
compiling n32g003_uart.c...
compiling n32g003_gpio.c...
compiling n32g003_rcc.c...
compiling n32g003_beeper.c...
compiling n32g003_tim.c...
compiling misc.c...
compiling n32g003_flash.c...
compiling bsp_led.c...
compiling aip1640.c...
compiling main.c...
..\src\main.c(104): warning:  #223-D: function "RCV315_SetAddr" declared implicitly
              RCV315_SetAddr(flash_hi, flash_lo);
..\src\main.c: 1 warning, 0 errors
compiling RCV315.c...
compiling SYS_RUN.c...
..\myapp\SYS_RUN.c(848): warning:  #177-D: variable "hi"  was declared but never referenced
      uint8_t hi, lo;   /* 高位, 低位 */
..\myapp\SYS_RUN.c(848): warning:  #177-D: variable "lo"  was declared but never referenced
      uint8_t hi, lo;   /* 高位, 低位 */
..\myapp\SYS_RUN.c: 2 warnings, 0 errors
compiling bt_transparent.c...
compiling addr_store.c...
compiling tim1.c...
compiling beep.c...
compiling ctrl_tx.c...
..\myapp\ctrl_tx.c(30): warning:  #550-D: variable "last_ack"  was set but never used
      static uint32_t last_ack        = 0;
..\myapp\ctrl_tx.c: 1 warning, 0 errors
compiling uart_comm.c...
compiling sn_builder.c...
compiling bsp_delay.c...
compiling pairing_store.c...
linking...
Program Size: Code=25982 RO-data=1878 RW-data=212 ZI-data=1260  
FromELF: creating hex file...
After Build - User command #1: fromelf --bin --output=.\bin\LedBlink.bin .\Objects\LedBlink.axf
".\Objects_BenchTest\LedBlink_BenchTest.axf" - 0 Error(s), 4 Warning(s).

<h2>Software Packages used:</h2>

Package Vendor: Nationstech
                http://www.keil.com/pack/Nationstech.N32G003_DFP.1.0.0.pack
                Nationstech::N32G003_DFP@1.0.0
                Nationstech N32G003 Series Device Support, Drivers and Examples

<h2>Collection of Component include folders:</h2>
  F:/keil5/ARM/Packs/Nations/N32G003/1.1.2/firmware/CMSIS/device

<h2>Collection of Component Files used:</h2>
Build Time Elapsed:  00:00:03
</pre>
</body>
</html>
