<!doctype html public "-//w3c//dtd html 4.0 transitional//en">
<html><head>
<title>Static Call Graph - [.\Objects\LedBlink.axf]</title></head>
<body><HR>
<H1>Static Call Graph for image .\Objects\LedBlink.axf</H1><HR>
<BR><P>#&#060CALLGRAPH&#062# ARM Linker, 5060960: Last Updated: Tue Jun 16 10:52:10 2026
<BR><P>
<H3>Maximum Stack Usage =         76 bytes + Unknown(Cycles, Untraceable Function Pointers)</H3><H3>
Call chain for Maximum Stack Depth:</H3>
main &rArr; LED_Initialize &rArr; GPIO_Peripheral_Initialize &rArr; GPIO_Mode_Set
<P>
<H3>
Mutually Recursive functions
</H3> <LI><a href="#[1]">NMI_Handler</a>&nbsp;&nbsp;&nbsp;&rArr;&nbsp;&nbsp;&nbsp;<a href="#[1]">NMI_Handler</a><BR>
 <LI><a href="#[2]">HardFault_Handler</a>&nbsp;&nbsp;&nbsp;&rArr;&nbsp;&nbsp;&nbsp;<a href="#[2]">HardFault_Handler</a><BR>
 <LI><a href="#[3]">SVC_Handler</a>&nbsp;&nbsp;&nbsp;&rArr;&nbsp;&nbsp;&nbsp;<a href="#[3]">SVC_Handler</a><BR>
 <LI><a href="#[4]">PendSV_Handler</a>&nbsp;&nbsp;&nbsp;&rArr;&nbsp;&nbsp;&nbsp;<a href="#[4]">PendSV_Handler</a><BR>
 <LI><a href="#[5]">SysTick_Handler</a>&nbsp;&nbsp;&nbsp;&rArr;&nbsp;&nbsp;&nbsp;<a href="#[5]">SysTick_Handler</a><BR>
 <LI><a href="#[f]">ADC_IRQHandler</a>&nbsp;&nbsp;&nbsp;&rArr;&nbsp;&nbsp;&nbsp;<a href="#[f]">ADC_IRQHandler</a><BR>
</UL>
<P>
<H3>
Function Pointers
</H3><UL>
 <LI><a href="#[f]">ADC_IRQHandler</a> from startup_n32g003.o(.text) referenced from startup_n32g003.o(RESET)
 <LI><a href="#[15]">COMP_IRQHandler</a> from startup_n32g003.o(.text) referenced from startup_n32g003.o(RESET)
 <LI><a href="#[8]">EXTI0_1_IRQHandler</a> from startup_n32g003.o(.text) referenced from startup_n32g003.o(RESET)
 <LI><a href="#[9]">EXTI2_3_IRQHandler</a> from startup_n32g003.o(.text) referenced from startup_n32g003.o(RESET)
 <LI><a href="#[a]">EXTI4_17_IRQHandler</a> from startup_n32g003.o(.text) referenced from startup_n32g003.o(RESET)
 <LI><a href="#[7]">FLASH_IRQHandler</a> from startup_n32g003.o(.text) referenced from startup_n32g003.o(RESET)
 <LI><a href="#[2]">HardFault_Handler</a> from startup_n32g003.o(.text) referenced from startup_n32g003.o(RESET)
 <LI><a href="#[11]">I2C_ER_IRQHandler</a> from startup_n32g003.o(.text) referenced from startup_n32g003.o(RESET)
 <LI><a href="#[10]">I2C_EV_IRQHandler</a> from startup_n32g003.o(.text) referenced from startup_n32g003.o(RESET)
 <LI><a href="#[1]">NMI_Handler</a> from startup_n32g003.o(.text) referenced from startup_n32g003.o(RESET)
 <LI><a href="#[6]">PVD_IRQHandler</a> from startup_n32g003.o(.text) referenced from startup_n32g003.o(RESET)
 <LI><a href="#[4]">PendSV_Handler</a> from startup_n32g003.o(.text) referenced from startup_n32g003.o(RESET)
 <LI><a href="#[0]">Reset_Handler</a> from startup_n32g003.o(.text) referenced from startup_n32g003.o(RESET)
 <LI><a href="#[12]">SPI_IRQHandler</a> from startup_n32g003.o(.text) referenced from startup_n32g003.o(RESET)
 <LI><a href="#[3]">SVC_Handler</a> from startup_n32g003.o(.text) referenced from startup_n32g003.o(RESET)
 <LI><a href="#[5]">SysTick_Handler</a> from startup_n32g003.o(.text) referenced from startup_n32g003.o(RESET)
 <LI><a href="#[17]">System_Initializes</a> from system_n32g003.o(.text) referenced from startup_n32g003.o(.text)
 <LI><a href="#[b]">TIM1_BRK_UP_TRG_COM_IRQHandler</a> from startup_n32g003.o(.text) referenced from startup_n32g003.o(RESET)
 <LI><a href="#[c]">TIM1_CC_IRQHandler</a> from startup_n32g003.o(.text) referenced from startup_n32g003.o(RESET)
 <LI><a href="#[d]">TIM3_IRQHandler</a> from startup_n32g003.o(.text) referenced from startup_n32g003.o(RESET)
 <LI><a href="#[e]">TIM6_IRQHandler</a> from startup_n32g003.o(.text) referenced from startup_n32g003.o(RESET)
 <LI><a href="#[13]">UART1_IRQHandler</a> from startup_n32g003.o(.text) referenced from startup_n32g003.o(RESET)
 <LI><a href="#[14]">UART2_IRQHandler</a> from startup_n32g003.o(.text) referenced from startup_n32g003.o(RESET)
 <LI><a href="#[18]">__main</a> from entry.o(.ARM.Collect$$$$00000000) referenced from startup_n32g003.o(.text)
 <LI><a href="#[16]">main</a> from main.o(.text) referenced from entry9a.o(.ARM.Collect$$$$0000000B)
</UL>
<P>
<H3>
Global Symbols
</H3>
<P><STRONG><a name="[18]"></a>__main</STRONG> (Thumb, 0 bytes, Stack size unknown bytes, entry.o(.ARM.Collect$$$$00000000))
<BR>[Address Reference Count : 1]<UL><LI> startup_n32g003.o(.text)
</UL>
<P><STRONG><a name="[3a]"></a>_main_stk</STRONG> (Thumb, 0 bytes, Stack size unknown bytes, entry2.o(.ARM.Collect$$$$00000001))

<P><STRONG><a name="[19]"></a>_main_scatterload</STRONG> (Thumb, 0 bytes, Stack size unknown bytes, entry5.o(.ARM.Collect$$$$00000004))
<BR><BR>[Calls]<UL><LI><a href="#[1a]">&gt;&gt;</a>&nbsp;&nbsp;&nbsp;__scatterload
</UL>

<P><STRONG><a name="[39]"></a>__main_after_scatterload</STRONG> (Thumb, 0 bytes, Stack size unknown bytes, entry5.o(.ARM.Collect$$$$00000004))
<BR><BR>[Called By]<UL><LI><a href="#[1a]">&gt;&gt;</a>&nbsp;&nbsp;&nbsp;__scatterload
</UL>

<P><STRONG><a name="[3b]"></a>_main_clock</STRONG> (Thumb, 0 bytes, Stack size unknown bytes, entry7b.o(.ARM.Collect$$$$00000008))

<P><STRONG><a name="[3c]"></a>_main_cpp_init</STRONG> (Thumb, 0 bytes, Stack size unknown bytes, entry8b.o(.ARM.Collect$$$$0000000A))

<P><STRONG><a name="[3d]"></a>_main_init</STRONG> (Thumb, 0 bytes, Stack size unknown bytes, entry9a.o(.ARM.Collect$$$$0000000B))

<P><STRONG><a name="[1b]"></a>__rt_lib_shutdown_fini</STRONG> (Thumb, 0 bytes, Stack size unknown bytes, entry12b.o(.ARM.Collect$$$$0000000E))
<BR><BR>[Calls]<UL><LI><a href="#[1c]">&gt;&gt;</a>&nbsp;&nbsp;&nbsp;__arm_fini_ (Weak Reference)
</UL>

<P><STRONG><a name="[3e]"></a>__rt_final_cpp</STRONG> (Thumb, 0 bytes, Stack size unknown bytes, entry10a.o(.ARM.Collect$$$$0000000F))

<P><STRONG><a name="[3f]"></a>__rt_final_exit</STRONG> (Thumb, 0 bytes, Stack size unknown bytes, entry11a.o(.ARM.Collect$$$$00000011))

<P><STRONG><a name="[0]"></a>Reset_Handler</STRONG> (Thumb, 8 bytes, Stack size 0 bytes, startup_n32g003.o(.text))
<BR>[Address Reference Count : 1]<UL><LI> startup_n32g003.o(RESET)
</UL>
<P><STRONG><a name="[1]"></a>NMI_Handler</STRONG> (Thumb, 2 bytes, Stack size 0 bytes, startup_n32g003.o(.text))
<BR><BR>[Calls]<UL><LI><a href="#[1]">&gt;&gt;</a>&nbsp;&nbsp;&nbsp;NMI_Handler
</UL>
<BR>[Called By]<UL><LI><a href="#[1]">&gt;&gt;</a>&nbsp;&nbsp;&nbsp;NMI_Handler
</UL>
<BR>[Address Reference Count : 1]<UL><LI> startup_n32g003.o(RESET)
</UL>
<P><STRONG><a name="[2]"></a>HardFault_Handler</STRONG> (Thumb, 2 bytes, Stack size 0 bytes, startup_n32g003.o(.text))
<BR><BR>[Calls]<UL><LI><a href="#[2]">&gt;&gt;</a>&nbsp;&nbsp;&nbsp;HardFault_Handler
</UL>
<BR>[Called By]<UL><LI><a href="#[2]">&gt;&gt;</a>&nbsp;&nbsp;&nbsp;HardFault_Handler
</UL>
<BR>[Address Reference Count : 1]<UL><LI> startup_n32g003.o(RESET)
</UL>
<P><STRONG><a name="[3]"></a>SVC_Handler</STRONG> (Thumb, 2 bytes, Stack size 0 bytes, startup_n32g003.o(.text))
<BR><BR>[Calls]<UL><LI><a href="#[3]">&gt;&gt;</a>&nbsp;&nbsp;&nbsp;SVC_Handler
</UL>
<BR>[Called By]<UL><LI><a href="#[3]">&gt;&gt;</a>&nbsp;&nbsp;&nbsp;SVC_Handler
</UL>
<BR>[Address Reference Count : 1]<UL><LI> startup_n32g003.o(RESET)
</UL>
<P><STRONG><a name="[4]"></a>PendSV_Handler</STRONG> (Thumb, 2 bytes, Stack size 0 bytes, startup_n32g003.o(.text))
<BR><BR>[Calls]<UL><LI><a href="#[4]">&gt;&gt;</a>&nbsp;&nbsp;&nbsp;PendSV_Handler
</UL>
<BR>[Called By]<UL><LI><a href="#[4]">&gt;&gt;</a>&nbsp;&nbsp;&nbsp;PendSV_Handler
</UL>
<BR>[Address Reference Count : 1]<UL><LI> startup_n32g003.o(RESET)
</UL>
<P><STRONG><a name="[5]"></a>SysTick_Handler</STRONG> (Thumb, 2 bytes, Stack size 0 bytes, startup_n32g003.o(.text))
<BR><BR>[Calls]<UL><LI><a href="#[5]">&gt;&gt;</a>&nbsp;&nbsp;&nbsp;SysTick_Handler
</UL>
<BR>[Called By]<UL><LI><a href="#[5]">&gt;&gt;</a>&nbsp;&nbsp;&nbsp;SysTick_Handler
</UL>
<BR>[Address Reference Count : 1]<UL><LI> startup_n32g003.o(RESET)
</UL>
<P><STRONG><a name="[f]"></a>ADC_IRQHandler</STRONG> (Thumb, 0 bytes, Stack size 0 bytes, startup_n32g003.o(.text))
<BR><BR>[Calls]<UL><LI><a href="#[f]">&gt;&gt;</a>&nbsp;&nbsp;&nbsp;ADC_IRQHandler
</UL>
<BR>[Called By]<UL><LI><a href="#[f]">&gt;&gt;</a>&nbsp;&nbsp;&nbsp;ADC_IRQHandler
</UL>
<BR>[Address Reference Count : 1]<UL><LI> startup_n32g003.o(RESET)
</UL>
<P><STRONG><a name="[15]"></a>COMP_IRQHandler</STRONG> (Thumb, 0 bytes, Stack size 0 bytes, startup_n32g003.o(.text))
<BR>[Address Reference Count : 1]<UL><LI> startup_n32g003.o(RESET)
</UL>
<P><STRONG><a name="[8]"></a>EXTI0_1_IRQHandler</STRONG> (Thumb, 0 bytes, Stack size 0 bytes, startup_n32g003.o(.text))
<BR>[Address Reference Count : 1]<UL><LI> startup_n32g003.o(RESET)
</UL>
<P><STRONG><a name="[9]"></a>EXTI2_3_IRQHandler</STRONG> (Thumb, 0 bytes, Stack size 0 bytes, startup_n32g003.o(.text))
<BR>[Address Reference Count : 1]<UL><LI> startup_n32g003.o(RESET)
</UL>
<P><STRONG><a name="[a]"></a>EXTI4_17_IRQHandler</STRONG> (Thumb, 0 bytes, Stack size 0 bytes, startup_n32g003.o(.text))
<BR>[Address Reference Count : 1]<UL><LI> startup_n32g003.o(RESET)
</UL>
<P><STRONG><a name="[7]"></a>FLASH_IRQHandler</STRONG> (Thumb, 0 bytes, Stack size 0 bytes, startup_n32g003.o(.text))
<BR>[Address Reference Count : 1]<UL><LI> startup_n32g003.o(RESET)
</UL>
<P><STRONG><a name="[11]"></a>I2C_ER_IRQHandler</STRONG> (Thumb, 0 bytes, Stack size 0 bytes, startup_n32g003.o(.text))
<BR>[Address Reference Count : 1]<UL><LI> startup_n32g003.o(RESET)
</UL>
<P><STRONG><a name="[10]"></a>I2C_EV_IRQHandler</STRONG> (Thumb, 0 bytes, Stack size 0 bytes, startup_n32g003.o(.text))
<BR>[Address Reference Count : 1]<UL><LI> startup_n32g003.o(RESET)
</UL>
<P><STRONG><a name="[6]"></a>PVD_IRQHandler</STRONG> (Thumb, 0 bytes, Stack size 0 bytes, startup_n32g003.o(.text))
<BR>[Address Reference Count : 1]<UL><LI> startup_n32g003.o(RESET)
</UL>
<P><STRONG><a name="[12]"></a>SPI_IRQHandler</STRONG> (Thumb, 0 bytes, Stack size 0 bytes, startup_n32g003.o(.text))
<BR>[Address Reference Count : 1]<UL><LI> startup_n32g003.o(RESET)
</UL>
<P><STRONG><a name="[b]"></a>TIM1_BRK_UP_TRG_COM_IRQHandler</STRONG> (Thumb, 0 bytes, Stack size 0 bytes, startup_n32g003.o(.text))
<BR>[Address Reference Count : 1]<UL><LI> startup_n32g003.o(RESET)
</UL>
<P><STRONG><a name="[c]"></a>TIM1_CC_IRQHandler</STRONG> (Thumb, 0 bytes, Stack size 0 bytes, startup_n32g003.o(.text))
<BR>[Address Reference Count : 1]<UL><LI> startup_n32g003.o(RESET)
</UL>
<P><STRONG><a name="[d]"></a>TIM3_IRQHandler</STRONG> (Thumb, 0 bytes, Stack size 0 bytes, startup_n32g003.o(.text))
<BR>[Address Reference Count : 1]<UL><LI> startup_n32g003.o(RESET)
</UL>
<P><STRONG><a name="[e]"></a>TIM6_IRQHandler</STRONG> (Thumb, 0 bytes, Stack size 0 bytes, startup_n32g003.o(.text))
<BR>[Address Reference Count : 1]<UL><LI> startup_n32g003.o(RESET)
</UL>
<P><STRONG><a name="[13]"></a>UART1_IRQHandler</STRONG> (Thumb, 0 bytes, Stack size 0 bytes, startup_n32g003.o(.text))
<BR>[Address Reference Count : 1]<UL><LI> startup_n32g003.o(RESET)
</UL>
<P><STRONG><a name="[14]"></a>UART2_IRQHandler</STRONG> (Thumb, 0 bytes, Stack size 0 bytes, startup_n32g003.o(.text))
<BR>[Address Reference Count : 1]<UL><LI> startup_n32g003.o(RESET)
</UL>
<P><STRONG><a name="[17]"></a>System_Initializes</STRONG> (Thumb, 102 bytes, Stack size 8 bytes, system_n32g003.o(.text))
<BR><BR>[Stack]<UL><LI>Max Depth = 24<LI>Call Chain = System_Initializes &rArr; System_Clock_Set
</UL>
<BR>[Calls]<UL><LI><a href="#[1d]">&gt;&gt;</a>&nbsp;&nbsp;&nbsp;System_Clock_Set
</UL>
<BR>[Address Reference Count : 1]<UL><LI> startup_n32g003.o(.text)
</UL>
<P><STRONG><a name="[20]"></a>System_Core_Clock_Frequency_Update</STRONG> (Thumb, 138 bytes, Stack size 16 bytes, system_n32g003.o(.text), UNUSED)
<BR><BR>[Calls]<UL><LI><a href="#[21]">&gt;&gt;</a>&nbsp;&nbsp;&nbsp;__aeabi_uidivmod
</UL>

<P><STRONG><a name="[22]"></a>GPIO_Reset</STRONG> (Thumb, 38 bytes, Stack size 8 bytes, n32g003_gpio.o(.text), UNUSED)
<BR><BR>[Calls]<UL><LI><a href="#[23]">&gt;&gt;</a>&nbsp;&nbsp;&nbsp;RCC_Peripheral_Reset
</UL>

<P><STRONG><a name="[24]"></a>GPIO_Alternate_Function_Reset</STRONG> (Thumb, 10 bytes, Stack size 8 bytes, n32g003_gpio.o(.text), UNUSED)
<BR><BR>[Calls]<UL><LI><a href="#[23]">&gt;&gt;</a>&nbsp;&nbsp;&nbsp;RCC_Peripheral_Reset
</UL>

<P><STRONG><a name="[40]"></a>GPIOA_Pin_Reset</STRONG> (Thumb, 252 bytes, Stack size 12 bytes, n32g003_gpio.o(.text), UNUSED)

<P><STRONG><a name="[41]"></a>GPIOB_Pin_Reset</STRONG> (Thumb, 124 bytes, Stack size 12 bytes, n32g003_gpio.o(.text), UNUSED)

<P><STRONG><a name="[26]"></a>GPIO_Alternate_Set</STRONG> (Thumb, 74 bytes, Stack size 12 bytes, n32g003_gpio.o(.text))
<BR><BR>[Stack]<UL><LI>Max Depth = 12<LI>Call Chain = GPIO_Alternate_Set
</UL>
<BR>[Called By]<UL><LI><a href="#[25]">&gt;&gt;</a>&nbsp;&nbsp;&nbsp;GPIO_Peripheral_Initialize
</UL>

<P><STRONG><a name="[27]"></a>GPIO_Mode_Set</STRONG> (Thumb, 78 bytes, Stack size 16 bytes, n32g003_gpio.o(.text))
<BR><BR>[Stack]<UL><LI>Max Depth = 16<LI>Call Chain = GPIO_Mode_Set
</UL>
<BR>[Called By]<UL><LI><a href="#[25]">&gt;&gt;</a>&nbsp;&nbsp;&nbsp;GPIO_Peripheral_Initialize
</UL>

<P><STRONG><a name="[28]"></a>GPIO_Pull_Set</STRONG> (Thumb, 32 bytes, Stack size 12 bytes, n32g003_gpio.o(.text))
<BR><BR>[Stack]<UL><LI>Max Depth = 12<LI>Call Chain = GPIO_Pull_Set
</UL>
<BR>[Called By]<UL><LI><a href="#[25]">&gt;&gt;</a>&nbsp;&nbsp;&nbsp;GPIO_Peripheral_Initialize
</UL>

<P><STRONG><a name="[29]"></a>GPIO_SlewRate_Set</STRONG> (Thumb, 28 bytes, Stack size 12 bytes, n32g003_gpio.o(.text))
<BR><BR>[Stack]<UL><LI>Max Depth = 12<LI>Call Chain = GPIO_SlewRate_Set
</UL>
<BR>[Called By]<UL><LI><a href="#[25]">&gt;&gt;</a>&nbsp;&nbsp;&nbsp;GPIO_Peripheral_Initialize
</UL>

<P><STRONG><a name="[2a]"></a>GPIO_Driver_Set</STRONG> (Thumb, 28 bytes, Stack size 12 bytes, n32g003_gpio.o(.text))
<BR><BR>[Stack]<UL><LI>Max Depth = 12<LI>Call Chain = GPIO_Driver_Set
</UL>
<BR>[Called By]<UL><LI><a href="#[25]">&gt;&gt;</a>&nbsp;&nbsp;&nbsp;GPIO_Peripheral_Initialize
</UL>

<P><STRONG><a name="[25]"></a>GPIO_Peripheral_Initialize</STRONG> (Thumb, 88 bytes, Stack size 20 bytes, n32g003_gpio.o(.text))
<BR><BR>[Stack]<UL><LI>Max Depth = 36<LI>Call Chain = GPIO_Peripheral_Initialize &rArr; GPIO_Mode_Set
</UL>
<BR>[Calls]<UL><LI><a href="#[2a]">&gt;&gt;</a>&nbsp;&nbsp;&nbsp;GPIO_Driver_Set
<LI><a href="#[29]">&gt;&gt;</a>&nbsp;&nbsp;&nbsp;GPIO_SlewRate_Set
<LI><a href="#[28]">&gt;&gt;</a>&nbsp;&nbsp;&nbsp;GPIO_Pull_Set
<LI><a href="#[27]">&gt;&gt;</a>&nbsp;&nbsp;&nbsp;GPIO_Mode_Set
<LI><a href="#[26]">&gt;&gt;</a>&nbsp;&nbsp;&nbsp;GPIO_Alternate_Set
</UL>
<BR>[Called By]<UL><LI><a href="#[2c]">&gt;&gt;</a>&nbsp;&nbsp;&nbsp;LED_Initialize
</UL>

<P><STRONG><a name="[32]"></a>GPIO_Structure_Initialize</STRONG> (Thumb, 22 bytes, Stack size 0 bytes, n32g003_gpio.o(.text))
<BR><BR>[Called By]<UL><LI><a href="#[2c]">&gt;&gt;</a>&nbsp;&nbsp;&nbsp;LED_Initialize
</UL>

<P><STRONG><a name="[42]"></a>GPIO_Input_Pin_Data_Get</STRONG> (Thumb, 18 bytes, Stack size 0 bytes, n32g003_gpio.o(.text), UNUSED)

<P><STRONG><a name="[43]"></a>GPIO_Input_Data_Get</STRONG> (Thumb, 8 bytes, Stack size 0 bytes, n32g003_gpio.o(.text), UNUSED)

<P><STRONG><a name="[44]"></a>GPIO_Output_Pin_Data_Get</STRONG> (Thumb, 18 bytes, Stack size 0 bytes, n32g003_gpio.o(.text), UNUSED)

<P><STRONG><a name="[45]"></a>GPIO_Output_Data_Get</STRONG> (Thumb, 8 bytes, Stack size 0 bytes, n32g003_gpio.o(.text), UNUSED)

<P><STRONG><a name="[34]"></a>GPIO_Pins_Set</STRONG> (Thumb, 4 bytes, Stack size 0 bytes, n32g003_gpio.o(.text))
<BR><BR>[Called By]<UL><LI><a href="#[2e]">&gt;&gt;</a>&nbsp;&nbsp;&nbsp;LED_On
</UL>

<P><STRONG><a name="[35]"></a>GPIO_Pins_Reset</STRONG> (Thumb, 4 bytes, Stack size 0 bytes, n32g003_gpio.o(.text))
<BR><BR>[Called By]<UL><LI><a href="#[2d]">&gt;&gt;</a>&nbsp;&nbsp;&nbsp;LED_Off
</UL>

<P><STRONG><a name="[46]"></a>GPIO_PBSC_Pins_Reset</STRONG> (Thumb, 6 bytes, Stack size 0 bytes, n32g003_gpio.o(.text), UNUSED)

<P><STRONG><a name="[47]"></a>GPIO_PBC_Pins_Reset</STRONG> (Thumb, 4 bytes, Stack size 0 bytes, n32g003_gpio.o(.text), UNUSED)

<P><STRONG><a name="[48]"></a>GPIO_Write</STRONG> (Thumb, 4 bytes, Stack size 0 bytes, n32g003_gpio.o(.text), UNUSED)

<P><STRONG><a name="[33]"></a>GPIO_Pin_Toggle</STRONG> (Thumb, 8 bytes, Stack size 0 bytes, n32g003_gpio.o(.text))
<BR><BR>[Called By]<UL><LI><a href="#[30]">&gt;&gt;</a>&nbsp;&nbsp;&nbsp;LED_Toggle
</UL>

<P><STRONG><a name="[49]"></a>GPIO_Pin_Lock_Set</STRONG> (Thumb, 22 bytes, Stack size 0 bytes, n32g003_gpio.o(.text), UNUSED)

<P><STRONG><a name="[4a]"></a>GPIO_Pin_Remap_Set</STRONG> (Thumb, 90 bytes, Stack size 20 bytes, n32g003_gpio.o(.text), UNUSED)

<P><STRONG><a name="[4b]"></a>AFIO_ADC_External_Trigger_Set</STRONG> (Thumb, 40 bytes, Stack size 0 bytes, n32g003_gpio.o(.text), UNUSED)

<P><STRONG><a name="[4c]"></a>AFIO_SPI_NSS_Mode_Set</STRONG> (Thumb, 38 bytes, Stack size 0 bytes, n32g003_gpio.o(.text), UNUSED)

<P><STRONG><a name="[4d]"></a>AFIO_TIM3CH2_Remap</STRONG> (Thumb, 38 bytes, Stack size 0 bytes, n32g003_gpio.o(.text), UNUSED)

<P><STRONG><a name="[4e]"></a>RCC_Reset</STRONG> (Thumb, 64 bytes, Stack size 0 bytes, n32g003_rcc.o(.text), UNUSED)

<P><STRONG><a name="[4f]"></a>RCC_HSI_Calibration_Value_Set</STRONG> (Thumb, 26 bytes, Stack size 0 bytes, n32g003_rcc.o(.text), UNUSED)

<P><STRONG><a name="[50]"></a>RCC_LSI_Calibration_Value_Set</STRONG> (Thumb, 26 bytes, Stack size 0 bytes, n32g003_rcc.o(.text), UNUSED)

<P><STRONG><a name="[1f]"></a>RCC_Sysclk_Config</STRONG> (Thumb, 30 bytes, Stack size 0 bytes, n32g003_rcc.o(.text))
<BR><BR>[Called By]<UL><LI><a href="#[1d]">&gt;&gt;</a>&nbsp;&nbsp;&nbsp;System_Clock_Set
</UL>

<P><STRONG><a name="[51]"></a>RCC_Hclk_Config</STRONG> (Thumb, 28 bytes, Stack size 0 bytes, n32g003_rcc.o(.text), UNUSED)

<P><STRONG><a name="[52]"></a>RCC_Pclk_Config</STRONG> (Thumb, 30 bytes, Stack size 0 bytes, n32g003_rcc.o(.text), UNUSED)

<P><STRONG><a name="[53]"></a>RCC_TIM1_Clock_Config</STRONG> (Thumb, 24 bytes, Stack size 0 bytes, n32g003_rcc.o(.text), UNUSED)

<P><STRONG><a name="[54]"></a>RCC_ADC_1M_Clock_Config</STRONG> (Thumb, 30 bytes, Stack size 0 bytes, n32g003_rcc.o(.text), UNUSED)

<P><STRONG><a name="[55]"></a>RCC_ADC_Clock_Config</STRONG> (Thumb, 24 bytes, Stack size 0 bytes, n32g003_rcc.o(.text), UNUSED)

<P><STRONG><a name="[56]"></a>RCC_TIM6_Clock_Config</STRONG> (Thumb, 28 bytes, Stack size 0 bytes, n32g003_rcc.o(.text), UNUSED)

<P><STRONG><a name="[2b]"></a>RCC_Clocks_Frequencies_Value_Get</STRONG> (Thumb, 226 bytes, Stack size 16 bytes, n32g003_rcc.o(.text))
<BR><BR>[Stack]<UL><LI>Max Depth = 28<LI>Call Chain = RCC_Clocks_Frequencies_Value_Get &rArr; __aeabi_uidivmod
</UL>
<BR>[Calls]<UL><LI><a href="#[21]">&gt;&gt;</a>&nbsp;&nbsp;&nbsp;__aeabi_uidivmod
</UL>
<BR>[Called By]<UL><LI><a href="#[38]">&gt;&gt;</a>&nbsp;&nbsp;&nbsp;SysTick_Delay_Us
<LI><a href="#[2f]">&gt;&gt;</a>&nbsp;&nbsp;&nbsp;SysTick_Delay_Ms
</UL>

<P><STRONG><a name="[57]"></a>RCC_AHB_Peripheral_Clock_Enable</STRONG> (Thumb, 12 bytes, Stack size 0 bytes, n32g003_rcc.o(.text), UNUSED)

<P><STRONG><a name="[58]"></a>RCC_AHB_Peripheral_Clock_Disable</STRONG> (Thumb, 12 bytes, Stack size 0 bytes, n32g003_rcc.o(.text), UNUSED)

<P><STRONG><a name="[31]"></a>RCC_APB_Peripheral_Clock_Enable</STRONG> (Thumb, 12 bytes, Stack size 0 bytes, n32g003_rcc.o(.text))
<BR><BR>[Called By]<UL><LI><a href="#[2c]">&gt;&gt;</a>&nbsp;&nbsp;&nbsp;LED_Initialize
</UL>

<P><STRONG><a name="[59]"></a>RCC_APB_Peripheral_Clock_Disable</STRONG> (Thumb, 12 bytes, Stack size 0 bytes, n32g003_rcc.o(.text), UNUSED)

<P><STRONG><a name="[23]"></a>RCC_Peripheral_Reset</STRONG> (Thumb, 20 bytes, Stack size 0 bytes, n32g003_rcc.o(.text), UNUSED)
<BR><BR>[Called By]<UL><LI><a href="#[24]">&gt;&gt;</a>&nbsp;&nbsp;&nbsp;GPIO_Alternate_Function_Reset
<LI><a href="#[22]">&gt;&gt;</a>&nbsp;&nbsp;&nbsp;GPIO_Reset
</UL>

<P><STRONG><a name="[5a]"></a>RCC_MCO_Prescaler_Config</STRONG> (Thumb, 24 bytes, Stack size 0 bytes, n32g003_rcc.o(.text), UNUSED)

<P><STRONG><a name="[5b]"></a>RCC_MCO_Source_Config</STRONG> (Thumb, 30 bytes, Stack size 0 bytes, n32g003_rcc.o(.text), UNUSED)

<P><STRONG><a name="[5c]"></a>RCC_Flag_Status_Get</STRONG> (Thumb, 60 bytes, Stack size 0 bytes, n32g003_rcc.o(.text), UNUSED)

<P><STRONG><a name="[5d]"></a>RCC_Reset_Flag_Clear</STRONG> (Thumb, 24 bytes, Stack size 0 bytes, n32g003_rcc.o(.text), UNUSED)

<P><STRONG><a name="[5e]"></a>RCC_EMC_Reset_Disable</STRONG> (Thumb, 16 bytes, Stack size 0 bytes, n32g003_rcc.o(.text), UNUSED)

<P><STRONG><a name="[5f]"></a>RCC_EMC_Reset_Enable</STRONG> (Thumb, 16 bytes, Stack size 0 bytes, n32g003_rcc.o(.text), UNUSED)

<P><STRONG><a name="[60]"></a>RCC_EMC_Detect_Disable</STRONG> (Thumb, 14 bytes, Stack size 0 bytes, n32g003_rcc.o(.text), UNUSED)

<P><STRONG><a name="[61]"></a>RCC_EMC_Detect_Enable</STRONG> (Thumb, 14 bytes, Stack size 0 bytes, n32g003_rcc.o(.text), UNUSED)

<P><STRONG><a name="[62]"></a>RCC_LSI_Detect_Disable</STRONG> (Thumb, 14 bytes, Stack size 0 bytes, n32g003_rcc.o(.text), UNUSED)

<P><STRONG><a name="[63]"></a>RCC_LSI_Detect_Enable</STRONG> (Thumb, 14 bytes, Stack size 0 bytes, n32g003_rcc.o(.text), UNUSED)

<P><STRONG><a name="[64]"></a>RCC_LSI_Clocks_Frequencies_Get</STRONG> (Thumb, 12 bytes, Stack size 0 bytes, n32g003_rcc.o(.text), UNUSED)

<P><STRONG><a name="[16]"></a>main</STRONG> (Thumb, 102 bytes, Stack size 0 bytes, main.o(.text))
<BR><BR>[Stack]<UL><LI>Max Depth = 76<LI>Call Chain = main &rArr; LED_Initialize &rArr; GPIO_Peripheral_Initialize &rArr; GPIO_Mode_Set
</UL>
<BR>[Calls]<UL><LI><a href="#[2f]">&gt;&gt;</a>&nbsp;&nbsp;&nbsp;SysTick_Delay_Ms
<LI><a href="#[30]">&gt;&gt;</a>&nbsp;&nbsp;&nbsp;LED_Toggle
<LI><a href="#[2e]">&gt;&gt;</a>&nbsp;&nbsp;&nbsp;LED_On
<LI><a href="#[2d]">&gt;&gt;</a>&nbsp;&nbsp;&nbsp;LED_Off
<LI><a href="#[2c]">&gt;&gt;</a>&nbsp;&nbsp;&nbsp;LED_Initialize
</UL>
<BR>[Address Reference Count : 1]<UL><LI> entry9a.o(.ARM.Collect$$$$0000000B)
</UL>
<P><STRONG><a name="[2c]"></a>LED_Initialize</STRONG> (Thumb, 68 bytes, Stack size 40 bytes, bsp_led.o(.text))
<BR><BR>[Stack]<UL><LI>Max Depth = 76<LI>Call Chain = LED_Initialize &rArr; GPIO_Peripheral_Initialize &rArr; GPIO_Mode_Set
</UL>
<BR>[Calls]<UL><LI><a href="#[31]">&gt;&gt;</a>&nbsp;&nbsp;&nbsp;RCC_APB_Peripheral_Clock_Enable
<LI><a href="#[32]">&gt;&gt;</a>&nbsp;&nbsp;&nbsp;GPIO_Structure_Initialize
<LI><a href="#[25]">&gt;&gt;</a>&nbsp;&nbsp;&nbsp;GPIO_Peripheral_Initialize
</UL>
<BR>[Called By]<UL><LI><a href="#[16]">&gt;&gt;</a>&nbsp;&nbsp;&nbsp;main
</UL>

<P><STRONG><a name="[30]"></a>LED_Toggle</STRONG> (Thumb, 16 bytes, Stack size 16 bytes, bsp_led.o(.text))
<BR><BR>[Stack]<UL><LI>Max Depth = 16<LI>Call Chain = LED_Toggle
</UL>
<BR>[Calls]<UL><LI><a href="#[33]">&gt;&gt;</a>&nbsp;&nbsp;&nbsp;GPIO_Pin_Toggle
</UL>
<BR>[Called By]<UL><LI><a href="#[16]">&gt;&gt;</a>&nbsp;&nbsp;&nbsp;main
</UL>

<P><STRONG><a name="[2e]"></a>LED_On</STRONG> (Thumb, 16 bytes, Stack size 16 bytes, bsp_led.o(.text))
<BR><BR>[Stack]<UL><LI>Max Depth = 16<LI>Call Chain = LED_On
</UL>
<BR>[Calls]<UL><LI><a href="#[34]">&gt;&gt;</a>&nbsp;&nbsp;&nbsp;GPIO_Pins_Set
</UL>
<BR>[Called By]<UL><LI><a href="#[16]">&gt;&gt;</a>&nbsp;&nbsp;&nbsp;main
</UL>

<P><STRONG><a name="[2d]"></a>LED_Off</STRONG> (Thumb, 16 bytes, Stack size 16 bytes, bsp_led.o(.text))
<BR><BR>[Stack]<UL><LI>Max Depth = 16<LI>Call Chain = LED_Off
</UL>
<BR>[Calls]<UL><LI><a href="#[35]">&gt;&gt;</a>&nbsp;&nbsp;&nbsp;GPIO_Pins_Reset
</UL>
<BR>[Called By]<UL><LI><a href="#[16]">&gt;&gt;</a>&nbsp;&nbsp;&nbsp;main
</UL>

<P><STRONG><a name="[38]"></a>SysTick_Delay_Us</STRONG> (Thumb, 68 bytes, Stack size 40 bytes, bsp_delay.o(.text), UNUSED)
<BR><BR>[Calls]<UL><LI><a href="#[21]">&gt;&gt;</a>&nbsp;&nbsp;&nbsp;__aeabi_uidivmod
<LI><a href="#[36]">&gt;&gt;</a>&nbsp;&nbsp;&nbsp;DBG_SysTick_Config
<LI><a href="#[2b]">&gt;&gt;</a>&nbsp;&nbsp;&nbsp;RCC_Clocks_Frequencies_Value_Get
</UL>

<P><STRONG><a name="[2f]"></a>SysTick_Delay_Ms</STRONG> (Thumb, 70 bytes, Stack size 40 bytes, bsp_delay.o(.text))
<BR><BR>[Stack]<UL><LI>Max Depth = 68<LI>Call Chain = SysTick_Delay_Ms &rArr; RCC_Clocks_Frequencies_Value_Get &rArr; __aeabi_uidivmod
</UL>
<BR>[Calls]<UL><LI><a href="#[21]">&gt;&gt;</a>&nbsp;&nbsp;&nbsp;__aeabi_uidivmod
<LI><a href="#[36]">&gt;&gt;</a>&nbsp;&nbsp;&nbsp;DBG_SysTick_Config
<LI><a href="#[2b]">&gt;&gt;</a>&nbsp;&nbsp;&nbsp;RCC_Clocks_Frequencies_Value_Get
</UL>
<BR>[Called By]<UL><LI><a href="#[16]">&gt;&gt;</a>&nbsp;&nbsp;&nbsp;main
</UL>

<P><STRONG><a name="[65]"></a>__aeabi_uidiv</STRONG> (Thumb, 0 bytes, Stack size 12 bytes, uidiv.o(.text), UNUSED)

<P><STRONG><a name="[21]"></a>__aeabi_uidivmod</STRONG> (Thumb, 44 bytes, Stack size 12 bytes, uidiv.o(.text))
<BR><BR>[Stack]<UL><LI>Max Depth = 12<LI>Call Chain = __aeabi_uidivmod
</UL>
<BR>[Called By]<UL><LI><a href="#[38]">&gt;&gt;</a>&nbsp;&nbsp;&nbsp;SysTick_Delay_Us
<LI><a href="#[2f]">&gt;&gt;</a>&nbsp;&nbsp;&nbsp;SysTick_Delay_Ms
<LI><a href="#[2b]">&gt;&gt;</a>&nbsp;&nbsp;&nbsp;RCC_Clocks_Frequencies_Value_Get
<LI><a href="#[20]">&gt;&gt;</a>&nbsp;&nbsp;&nbsp;System_Core_Clock_Frequency_Update
</UL>

<P><STRONG><a name="[1a]"></a>__scatterload</STRONG> (Thumb, 28 bytes, Stack size 0 bytes, init.o(.text))
<BR><BR>[Calls]<UL><LI><a href="#[39]">&gt;&gt;</a>&nbsp;&nbsp;&nbsp;__main_after_scatterload
</UL>
<BR>[Called By]<UL><LI><a href="#[19]">&gt;&gt;</a>&nbsp;&nbsp;&nbsp;_main_scatterload
</UL>

<P><STRONG><a name="[66]"></a>__scatterload_rt2</STRONG> (Thumb, 0 bytes, Stack size 0 bytes, init.o(.text), UNUSED)

<P><STRONG><a name="[67]"></a>__scatterload_copy</STRONG> (Thumb, 14 bytes, Stack size unknown bytes, handlers.o(i.__scatterload_copy), UNUSED)

<P><STRONG><a name="[68]"></a>__scatterload_null</STRONG> (Thumb, 2 bytes, Stack size unknown bytes, handlers.o(i.__scatterload_null), UNUSED)

<P><STRONG><a name="[69]"></a>__scatterload_zeroinit</STRONG> (Thumb, 14 bytes, Stack size unknown bytes, handlers.o(i.__scatterload_zeroinit), UNUSED)
<P>
<H3>
Local Symbols
</H3>
<P><STRONG><a name="[1e]"></a>Systeminit_Flash_Latency_Set</STRONG> (Thumb, 24 bytes, Stack size 0 bytes, system_n32g003.o(.text))
<BR><BR>[Called By]<UL><LI><a href="#[1d]">&gt;&gt;</a>&nbsp;&nbsp;&nbsp;System_Clock_Set
</UL>

<P><STRONG><a name="[1d]"></a>System_Clock_Set</STRONG> (Thumb, 96 bytes, Stack size 16 bytes, system_n32g003.o(.text))
<BR><BR>[Stack]<UL><LI>Max Depth = 16<LI>Call Chain = System_Clock_Set
</UL>
<BR>[Calls]<UL><LI><a href="#[1f]">&gt;&gt;</a>&nbsp;&nbsp;&nbsp;RCC_Sysclk_Config
<LI><a href="#[1e]">&gt;&gt;</a>&nbsp;&nbsp;&nbsp;Systeminit_Flash_Latency_Set
</UL>
<BR>[Called By]<UL><LI><a href="#[17]">&gt;&gt;</a>&nbsp;&nbsp;&nbsp;System_Initializes
</UL>

<P><STRONG><a name="[36]"></a>DBG_SysTick_Config</STRONG> (Thumb, 58 bytes, Stack size 8 bytes, bsp_delay.o(.text))
<BR><BR>[Stack]<UL><LI>Max Depth = 16<LI>Call Chain = DBG_SysTick_Config &rArr; NVIC_SetPriority
</UL>
<BR>[Calls]<UL><LI><a href="#[37]">&gt;&gt;</a>&nbsp;&nbsp;&nbsp;NVIC_SetPriority
</UL>
<BR>[Called By]<UL><LI><a href="#[38]">&gt;&gt;</a>&nbsp;&nbsp;&nbsp;SysTick_Delay_Us
<LI><a href="#[2f]">&gt;&gt;</a>&nbsp;&nbsp;&nbsp;SysTick_Delay_Ms
</UL>

<P><STRONG><a name="[37]"></a>NVIC_SetPriority</STRONG> (Thumb, 110 bytes, Stack size 8 bytes, bsp_delay.o(.text))
<BR><BR>[Stack]<UL><LI>Max Depth = 8<LI>Call Chain = NVIC_SetPriority
</UL>
<BR>[Called By]<UL><LI><a href="#[36]">&gt;&gt;</a>&nbsp;&nbsp;&nbsp;DBG_SysTick_Config
</UL>
<P>
<H3>
Undefined Global Symbols
</H3>
<P><STRONG><a name="[1c]"></a>__arm_fini_</STRONG> (Unknown, 0 bytes, Stack size 0 bytes, UNDEFINED)
<BR><BR>[Called By]<UL><LI><a href="#[1b]">&gt;&gt;</a>&nbsp;&nbsp;&nbsp;__rt_lib_shutdown_fini
</UL>
<HR></body></html>
