<!doctype html public "-//w3c//dtd html 4.0 transitional//en">
<html><head>
<title>Static Call Graph - [.\Objects\LedBlink.axf]</title></head>
<body><HR>
<H1>Static Call Graph for image .\Objects\LedBlink.axf</H1><HR>
<BR><P>#&#060CALLGRAPH&#062# ARM Linker, 5060960: Last Updated: Thu Jul 16 09:12:21 2026
<BR><P>
<H3>Maximum Stack Usage =       1212 bytes + Unknown(Cycles, Untraceable Function Pointers)</H3><H3>
Call chain for Maximum Stack Depth:</H3>
main &rArr; BT_SendSafetyKeyError &rArr; BT_SendTreadmillError &rArr; __aeabi_fadd &rArr; _float_epilogue
<P>
<H3>
Mutually Recursive functions
</H3> <LI><a href="#[4]">PendSV_Handler</a>&nbsp;&nbsp;&nbsp;&rArr;&nbsp;&nbsp;&nbsp;<a href="#[4]">PendSV_Handler</a><BR>
 <LI><a href="#[f]">ADC_IRQHandler</a>&nbsp;&nbsp;&nbsp;&rArr;&nbsp;&nbsp;&nbsp;<a href="#[f]">ADC_IRQHandler</a><BR>
</UL>
<P>
<H3>
Function Pointers
</H3><UL>
 <LI><a href="#[f]">ADC_IRQHandler</a> from startup_n32g003.o(.text) referenced from startup_n32g003.o(RESET)
 <LI><a href="#[15]">COMP_IRQHandler</a> from startup_n32g003.o(.text) referenced from startup_n32g003.o(RESET)
 <LI><a href="#[8]">EXTI0_1_IRQHandler</a> from startup_n32g003.o(.text) referenced from startup_n32g003.o(RESET)
 <LI><a href="#[9]">EXTI2_3_IRQHandler</a> from startup_n32g003.o(.text) referenced from startup_n32g003.o(RESET)
 <LI><a href="#[a]">EXTI4_17_IRQHandler</a> from startup_n32g003.o(.text) referenced from startup_n32g003.o(RESET)
 <LI><a href="#[7]">FLASH_IRQHandler</a> from startup_n32g003.o(.text) referenced from startup_n32g003.o(RESET)
 <LI><a href="#[2]">HardFault_Handler</a> from n32g003_it.o(.text) referenced from startup_n32g003.o(RESET)
 <LI><a href="#[11]">I2C_ER_IRQHandler</a> from startup_n32g003.o(.text) referenced from startup_n32g003.o(RESET)
 <LI><a href="#[10]">I2C_EV_IRQHandler</a> from startup_n32g003.o(.text) referenced from startup_n32g003.o(RESET)
 <LI><a href="#[1]">NMI_Handler</a> from n32g003_it.o(.text) referenced from startup_n32g003.o(RESET)
 <LI><a href="#[6]">PVD_IRQHandler</a> from startup_n32g003.o(.text) referenced from startup_n32g003.o(RESET)
 <LI><a href="#[4]">PendSV_Handler</a> from startup_n32g003.o(.text) referenced from startup_n32g003.o(RESET)
 <LI><a href="#[0]">Reset_Handler</a> from startup_n32g003.o(.text) referenced from startup_n32g003.o(RESET)
 <LI><a href="#[12]">SPI_IRQHandler</a> from startup_n32g003.o(.text) referenced from startup_n32g003.o(RESET)
 <LI><a href="#[3]">SVC_Handler</a> from n32g003_it.o(.text) referenced from startup_n32g003.o(RESET)
 <LI><a href="#[5]">SysTick_Handler</a> from n32g003_it.o(.text) referenced from startup_n32g003.o(RESET)
 <LI><a href="#[17]">System_Initializes</a> from system_n32g003.o(.text) referenced from startup_n32g003.o(.text)
 <LI><a href="#[b]">TIM1_BRK_UP_TRG_COM_IRQHandler</a> from n32g003_it.o(.text) referenced from startup_n32g003.o(RESET)
 <LI><a href="#[c]">TIM1_CC_IRQHandler</a> from startup_n32g003.o(.text) referenced from startup_n32g003.o(RESET)
 <LI><a href="#[d]">TIM3_IRQHandler</a> from startup_n32g003.o(.text) referenced from startup_n32g003.o(RESET)
 <LI><a href="#[e]">TIM6_IRQHandler</a> from startup_n32g003.o(.text) referenced from startup_n32g003.o(RESET)
 <LI><a href="#[13]">UART1_IRQHandler</a> from uart_comm.o(.text) referenced from startup_n32g003.o(RESET)
 <LI><a href="#[14]">UART2_IRQHandler</a> from bt_transparent.o(.text) referenced from startup_n32g003.o(RESET)
 <LI><a href="#[18]">__main</a> from entry.o(.ARM.Collect$$$$00000000) referenced from startup_n32g003.o(.text)
 <LI><a href="#[19]">_sputc</a> from printf6.o(i._sputc) referenced from printf6.o(i.__0sprintf$6)
 <LI><a href="#[16]">main</a> from main.o(.text) referenced from entry9a.o(.ARM.Collect$$$$0000000B)
</UL>
<P>
<H3>
Global Symbols
</H3>
<P><STRONG><a name="[18]"></a>__main</STRONG> (Thumb, 0 bytes, Stack size unknown bytes, entry.o(.ARM.Collect$$$$00000000))
<BR>[Address Reference Count : 1]<UL><LI> startup_n32g003.o(.text)
</UL>
<P><STRONG><a name="[127]"></a>_main_stk</STRONG> (Thumb, 0 bytes, Stack size unknown bytes, entry2.o(.ARM.Collect$$$$00000001))

<P><STRONG><a name="[1a]"></a>_main_scatterload</STRONG> (Thumb, 0 bytes, Stack size unknown bytes, entry5.o(.ARM.Collect$$$$00000004))
<BR><BR>[Calls]<UL><LI><a href="#[1b]">&gt;&gt;</a>&nbsp;&nbsp;&nbsp;__scatterload
</UL>

<P><STRONG><a name="[122]"></a>__main_after_scatterload</STRONG> (Thumb, 0 bytes, Stack size unknown bytes, entry5.o(.ARM.Collect$$$$00000004))
<BR><BR>[Called By]<UL><LI><a href="#[1b]">&gt;&gt;</a>&nbsp;&nbsp;&nbsp;__scatterload
</UL>

<P><STRONG><a name="[128]"></a>_main_clock</STRONG> (Thumb, 0 bytes, Stack size unknown bytes, entry7b.o(.ARM.Collect$$$$00000008))

<P><STRONG><a name="[129]"></a>_main_cpp_init</STRONG> (Thumb, 0 bytes, Stack size unknown bytes, entry8b.o(.ARM.Collect$$$$0000000A))

<P><STRONG><a name="[12a]"></a>_main_init</STRONG> (Thumb, 0 bytes, Stack size unknown bytes, entry9a.o(.ARM.Collect$$$$0000000B))

<P><STRONG><a name="[1c]"></a>__rt_lib_shutdown_fini</STRONG> (Thumb, 0 bytes, Stack size unknown bytes, entry12b.o(.ARM.Collect$$$$0000000E))
<BR><BR>[Calls]<UL><LI><a href="#[1d]">&gt;&gt;</a>&nbsp;&nbsp;&nbsp;__arm_fini_ (Weak Reference)
</UL>

<P><STRONG><a name="[12b]"></a>__rt_final_cpp</STRONG> (Thumb, 0 bytes, Stack size unknown bytes, entry10a.o(.ARM.Collect$$$$0000000F))

<P><STRONG><a name="[12c]"></a>__rt_final_exit</STRONG> (Thumb, 0 bytes, Stack size unknown bytes, entry11a.o(.ARM.Collect$$$$00000011))

<P><STRONG><a name="[0]"></a>Reset_Handler</STRONG> (Thumb, 8 bytes, Stack size 0 bytes, startup_n32g003.o(.text))
<BR>[Address Reference Count : 1]<UL><LI> startup_n32g003.o(RESET)
</UL>
<P><STRONG><a name="[4]"></a>PendSV_Handler</STRONG> (Thumb, 2 bytes, Stack size 0 bytes, startup_n32g003.o(.text))
<BR><BR>[Calls]<UL><LI><a href="#[4]">&gt;&gt;</a>&nbsp;&nbsp;&nbsp;PendSV_Handler
</UL>
<BR>[Called By]<UL><LI><a href="#[4]">&gt;&gt;</a>&nbsp;&nbsp;&nbsp;PendSV_Handler
</UL>
<BR>[Address Reference Count : 1]<UL><LI> startup_n32g003.o(RESET)
</UL>
<P><STRONG><a name="[f]"></a>ADC_IRQHandler</STRONG> (Thumb, 0 bytes, Stack size 0 bytes, startup_n32g003.o(.text))
<BR><BR>[Calls]<UL><LI><a href="#[f]">&gt;&gt;</a>&nbsp;&nbsp;&nbsp;ADC_IRQHandler
</UL>
<BR>[Called By]<UL><LI><a href="#[f]">&gt;&gt;</a>&nbsp;&nbsp;&nbsp;ADC_IRQHandler
</UL>
<BR>[Address Reference Count : 1]<UL><LI> startup_n32g003.o(RESET)
</UL>
<P><STRONG><a name="[15]"></a>COMP_IRQHandler</STRONG> (Thumb, 0 bytes, Stack size 0 bytes, startup_n32g003.o(.text))
<BR>[Address Reference Count : 1]<UL><LI> startup_n32g003.o(RESET)
</UL>
<P><STRONG><a name="[8]"></a>EXTI0_1_IRQHandler</STRONG> (Thumb, 0 bytes, Stack size 0 bytes, startup_n32g003.o(.text))
<BR>[Address Reference Count : 1]<UL><LI> startup_n32g003.o(RESET)
</UL>
<P><STRONG><a name="[9]"></a>EXTI2_3_IRQHandler</STRONG> (Thumb, 0 bytes, Stack size 0 bytes, startup_n32g003.o(.text))
<BR>[Address Reference Count : 1]<UL><LI> startup_n32g003.o(RESET)
</UL>
<P><STRONG><a name="[a]"></a>EXTI4_17_IRQHandler</STRONG> (Thumb, 0 bytes, Stack size 0 bytes, startup_n32g003.o(.text))
<BR>[Address Reference Count : 1]<UL><LI> startup_n32g003.o(RESET)
</UL>
<P><STRONG><a name="[7]"></a>FLASH_IRQHandler</STRONG> (Thumb, 0 bytes, Stack size 0 bytes, startup_n32g003.o(.text))
<BR>[Address Reference Count : 1]<UL><LI> startup_n32g003.o(RESET)
</UL>
<P><STRONG><a name="[11]"></a>I2C_ER_IRQHandler</STRONG> (Thumb, 0 bytes, Stack size 0 bytes, startup_n32g003.o(.text))
<BR>[Address Reference Count : 1]<UL><LI> startup_n32g003.o(RESET)
</UL>
<P><STRONG><a name="[10]"></a>I2C_EV_IRQHandler</STRONG> (Thumb, 0 bytes, Stack size 0 bytes, startup_n32g003.o(.text))
<BR>[Address Reference Count : 1]<UL><LI> startup_n32g003.o(RESET)
</UL>
<P><STRONG><a name="[6]"></a>PVD_IRQHandler</STRONG> (Thumb, 0 bytes, Stack size 0 bytes, startup_n32g003.o(.text))
<BR>[Address Reference Count : 1]<UL><LI> startup_n32g003.o(RESET)
</UL>
<P><STRONG><a name="[12]"></a>SPI_IRQHandler</STRONG> (Thumb, 0 bytes, Stack size 0 bytes, startup_n32g003.o(.text))
<BR>[Address Reference Count : 1]<UL><LI> startup_n32g003.o(RESET)
</UL>
<P><STRONG><a name="[c]"></a>TIM1_CC_IRQHandler</STRONG> (Thumb, 0 bytes, Stack size 0 bytes, startup_n32g003.o(.text))
<BR>[Address Reference Count : 1]<UL><LI> startup_n32g003.o(RESET)
</UL>
<P><STRONG><a name="[d]"></a>TIM3_IRQHandler</STRONG> (Thumb, 0 bytes, Stack size 0 bytes, startup_n32g003.o(.text))
<BR>[Address Reference Count : 1]<UL><LI> startup_n32g003.o(RESET)
</UL>
<P><STRONG><a name="[e]"></a>TIM6_IRQHandler</STRONG> (Thumb, 0 bytes, Stack size 0 bytes, startup_n32g003.o(.text))
<BR>[Address Reference Count : 1]<UL><LI> startup_n32g003.o(RESET)
</UL>
<P><STRONG><a name="[17]"></a>System_Initializes</STRONG> (Thumb, 102 bytes, Stack size 8 bytes, system_n32g003.o(.text))
<BR><BR>[Stack]<UL><LI>Max Depth = 24<LI>Call Chain = System_Initializes &rArr; System_Clock_Set
</UL>
<BR>[Calls]<UL><LI><a href="#[1e]">&gt;&gt;</a>&nbsp;&nbsp;&nbsp;System_Clock_Set
</UL>
<BR>[Address Reference Count : 1]<UL><LI> startup_n32g003.o(.text)
</UL>
<P><STRONG><a name="[21]"></a>System_Core_Clock_Frequency_Update</STRONG> (Thumb, 138 bytes, Stack size 16 bytes, system_n32g003.o(.text), UNUSED)
<BR><BR>[Calls]<UL><LI><a href="#[22]">&gt;&gt;</a>&nbsp;&nbsp;&nbsp;__aeabi_uidivmod
</UL>

<P><STRONG><a name="[1]"></a>NMI_Handler</STRONG> (Thumb, 2 bytes, Stack size 0 bytes, n32g003_it.o(.text))
<BR>[Address Reference Count : 1]<UL><LI> startup_n32g003.o(RESET)
</UL>
<P><STRONG><a name="[2]"></a>HardFault_Handler</STRONG> (Thumb, 4 bytes, Stack size 0 bytes, n32g003_it.o(.text))
<BR>[Address Reference Count : 1]<UL><LI> startup_n32g003.o(RESET)
</UL>
<P><STRONG><a name="[12d]"></a>MemManage_Handler</STRONG> (Thumb, 4 bytes, Stack size 0 bytes, n32g003_it.o(.text), UNUSED)

<P><STRONG><a name="[12e]"></a>BusFault_Handler</STRONG> (Thumb, 4 bytes, Stack size 0 bytes, n32g003_it.o(.text), UNUSED)

<P><STRONG><a name="[12f]"></a>UsageFault_Handler</STRONG> (Thumb, 4 bytes, Stack size 0 bytes, n32g003_it.o(.text), UNUSED)

<P><STRONG><a name="[3]"></a>SVC_Handler</STRONG> (Thumb, 2 bytes, Stack size 0 bytes, n32g003_it.o(.text))
<BR>[Address Reference Count : 1]<UL><LI> startup_n32g003.o(RESET)
</UL>
<P><STRONG><a name="[130]"></a>DebugMon_Handler</STRONG> (Thumb, 2 bytes, Stack size 0 bytes, n32g003_it.o(.text), UNUSED)

<P><STRONG><a name="[5]"></a>SysTick_Handler</STRONG> (Thumb, 2 bytes, Stack size 0 bytes, n32g003_it.o(.text))
<BR>[Address Reference Count : 1]<UL><LI> startup_n32g003.o(RESET)
</UL>
<P><STRONG><a name="[b]"></a>TIM1_BRK_UP_TRG_COM_IRQHandler</STRONG> (Thumb, 108 bytes, Stack size 8 bytes, n32g003_it.o(.text))
<BR><BR>[Stack]<UL><LI>Max Depth = 108<LI>Call Chain = TIM1_BRK_UP_TRG_COM_IRQHandler &rArr; SYS_RUN_Process &rArr; SYS_RUN_HandleKey &rArr; __aeabi_fsub &rArr; __aeabi_fadd &rArr; _float_epilogue
</UL>
<BR>[Calls]<UL><LI><a href="#[23]">&gt;&gt;</a>&nbsp;&nbsp;&nbsp;TIM_Interrupt_Status_Get
<LI><a href="#[24]">&gt;&gt;</a>&nbsp;&nbsp;&nbsp;TIM_Interrupt_Status_Clear
<LI><a href="#[28]">&gt;&gt;</a>&nbsp;&nbsp;&nbsp;SYS_RUN_Process
<LI><a href="#[27]">&gt;&gt;</a>&nbsp;&nbsp;&nbsp;RCV315_Process
<LI><a href="#[25]">&gt;&gt;</a>&nbsp;&nbsp;&nbsp;BEEPER_Enable
<LI><a href="#[26]">&gt;&gt;</a>&nbsp;&nbsp;&nbsp;BEEPER_Disable
</UL>
<BR>[Address Reference Count : 1]<UL><LI> startup_n32g003.o(RESET)
</UL>
<P><STRONG><a name="[29]"></a>GPIO_Reset</STRONG> (Thumb, 38 bytes, Stack size 8 bytes, n32g003_gpio.o(.text), UNUSED)
<BR><BR>[Calls]<UL><LI><a href="#[2a]">&gt;&gt;</a>&nbsp;&nbsp;&nbsp;RCC_Peripheral_Reset
</UL>

<P><STRONG><a name="[2b]"></a>GPIO_Alternate_Function_Reset</STRONG> (Thumb, 10 bytes, Stack size 8 bytes, n32g003_gpio.o(.text), UNUSED)
<BR><BR>[Calls]<UL><LI><a href="#[2a]">&gt;&gt;</a>&nbsp;&nbsp;&nbsp;RCC_Peripheral_Reset
</UL>

<P><STRONG><a name="[131]"></a>GPIOA_Pin_Reset</STRONG> (Thumb, 252 bytes, Stack size 12 bytes, n32g003_gpio.o(.text), UNUSED)

<P><STRONG><a name="[132]"></a>GPIOB_Pin_Reset</STRONG> (Thumb, 124 bytes, Stack size 12 bytes, n32g003_gpio.o(.text), UNUSED)

<P><STRONG><a name="[2d]"></a>GPIO_Alternate_Set</STRONG> (Thumb, 74 bytes, Stack size 12 bytes, n32g003_gpio.o(.text))
<BR><BR>[Stack]<UL><LI>Max Depth = 12<LI>Call Chain = GPIO_Alternate_Set
</UL>
<BR>[Called By]<UL><LI><a href="#[2c]">&gt;&gt;</a>&nbsp;&nbsp;&nbsp;GPIO_Peripheral_Initialize
</UL>

<P><STRONG><a name="[2e]"></a>GPIO_Mode_Set</STRONG> (Thumb, 78 bytes, Stack size 16 bytes, n32g003_gpio.o(.text))
<BR><BR>[Stack]<UL><LI>Max Depth = 16<LI>Call Chain = GPIO_Mode_Set
</UL>
<BR>[Called By]<UL><LI><a href="#[2c]">&gt;&gt;</a>&nbsp;&nbsp;&nbsp;GPIO_Peripheral_Initialize
</UL>

<P><STRONG><a name="[2f]"></a>GPIO_Pull_Set</STRONG> (Thumb, 32 bytes, Stack size 12 bytes, n32g003_gpio.o(.text))
<BR><BR>[Stack]<UL><LI>Max Depth = 12<LI>Call Chain = GPIO_Pull_Set
</UL>
<BR>[Called By]<UL><LI><a href="#[2c]">&gt;&gt;</a>&nbsp;&nbsp;&nbsp;GPIO_Peripheral_Initialize
</UL>

<P><STRONG><a name="[30]"></a>GPIO_SlewRate_Set</STRONG> (Thumb, 28 bytes, Stack size 12 bytes, n32g003_gpio.o(.text))
<BR><BR>[Stack]<UL><LI>Max Depth = 12<LI>Call Chain = GPIO_SlewRate_Set
</UL>
<BR>[Called By]<UL><LI><a href="#[2c]">&gt;&gt;</a>&nbsp;&nbsp;&nbsp;GPIO_Peripheral_Initialize
</UL>

<P><STRONG><a name="[31]"></a>GPIO_Driver_Set</STRONG> (Thumb, 28 bytes, Stack size 12 bytes, n32g003_gpio.o(.text))
<BR><BR>[Stack]<UL><LI>Max Depth = 12<LI>Call Chain = GPIO_Driver_Set
</UL>
<BR>[Called By]<UL><LI><a href="#[2c]">&gt;&gt;</a>&nbsp;&nbsp;&nbsp;GPIO_Peripheral_Initialize
</UL>

<P><STRONG><a name="[2c]"></a>GPIO_Peripheral_Initialize</STRONG> (Thumb, 88 bytes, Stack size 20 bytes, n32g003_gpio.o(.text))
<BR><BR>[Stack]<UL><LI>Max Depth = 36<LI>Call Chain = GPIO_Peripheral_Initialize &rArr; GPIO_Mode_Set
</UL>
<BR>[Calls]<UL><LI><a href="#[31]">&gt;&gt;</a>&nbsp;&nbsp;&nbsp;GPIO_Driver_Set
<LI><a href="#[30]">&gt;&gt;</a>&nbsp;&nbsp;&nbsp;GPIO_SlewRate_Set
<LI><a href="#[2f]">&gt;&gt;</a>&nbsp;&nbsp;&nbsp;GPIO_Pull_Set
<LI><a href="#[2e]">&gt;&gt;</a>&nbsp;&nbsp;&nbsp;GPIO_Mode_Set
<LI><a href="#[2d]">&gt;&gt;</a>&nbsp;&nbsp;&nbsp;GPIO_Alternate_Set
</UL>
<BR>[Called By]<UL><LI><a href="#[89]">&gt;&gt;</a>&nbsp;&nbsp;&nbsp;aip1640_init
<LI><a href="#[91]">&gt;&gt;</a>&nbsp;&nbsp;&nbsp;UART1_Comm_Init
<LI><a href="#[8a]">&gt;&gt;</a>&nbsp;&nbsp;&nbsp;RCV315_Init
<LI><a href="#[85]">&gt;&gt;</a>&nbsp;&nbsp;&nbsp;LED_Initialize
<LI><a href="#[88]">&gt;&gt;</a>&nbsp;&nbsp;&nbsp;Beep_Init
<LI><a href="#[90]">&gt;&gt;</a>&nbsp;&nbsp;&nbsp;BT_UART_Init
<LI><a href="#[82]">&gt;&gt;</a>&nbsp;&nbsp;&nbsp;GPIO_Init
</UL>

<P><STRONG><a name="[84]"></a>GPIO_Structure_Initialize</STRONG> (Thumb, 22 bytes, Stack size 0 bytes, n32g003_gpio.o(.text))
<BR><BR>[Called By]<UL><LI><a href="#[89]">&gt;&gt;</a>&nbsp;&nbsp;&nbsp;aip1640_init
<LI><a href="#[91]">&gt;&gt;</a>&nbsp;&nbsp;&nbsp;UART1_Comm_Init
<LI><a href="#[8a]">&gt;&gt;</a>&nbsp;&nbsp;&nbsp;RCV315_Init
<LI><a href="#[85]">&gt;&gt;</a>&nbsp;&nbsp;&nbsp;LED_Initialize
<LI><a href="#[88]">&gt;&gt;</a>&nbsp;&nbsp;&nbsp;Beep_Init
<LI><a href="#[90]">&gt;&gt;</a>&nbsp;&nbsp;&nbsp;BT_UART_Init
<LI><a href="#[82]">&gt;&gt;</a>&nbsp;&nbsp;&nbsp;GPIO_Init
</UL>

<P><STRONG><a name="[117]"></a>GPIO_Input_Pin_Data_Get</STRONG> (Thumb, 18 bytes, Stack size 0 bytes, n32g003_gpio.o(.text))
<BR><BR>[Called By]<UL><LI><a href="#[a3]">&gt;&gt;</a>&nbsp;&nbsp;&nbsp;CTRL_TX_Process
</UL>

<P><STRONG><a name="[133]"></a>GPIO_Input_Data_Get</STRONG> (Thumb, 8 bytes, Stack size 0 bytes, n32g003_gpio.o(.text), UNUSED)

<P><STRONG><a name="[134]"></a>GPIO_Output_Pin_Data_Get</STRONG> (Thumb, 18 bytes, Stack size 0 bytes, n32g003_gpio.o(.text), UNUSED)

<P><STRONG><a name="[135]"></a>GPIO_Output_Data_Get</STRONG> (Thumb, 8 bytes, Stack size 0 bytes, n32g003_gpio.o(.text), UNUSED)

<P><STRONG><a name="[a8]"></a>GPIO_Pins_Set</STRONG> (Thumb, 4 bytes, Stack size 0 bytes, n32g003_gpio.o(.text))
<BR><BR>[Called By]<UL><LI><a href="#[ad]">&gt;&gt;</a>&nbsp;&nbsp;&nbsp;aip1640_write_data
<LI><a href="#[ac]">&gt;&gt;</a>&nbsp;&nbsp;&nbsp;aip1640_stop
<LI><a href="#[aa]">&gt;&gt;</a>&nbsp;&nbsp;&nbsp;aip1640_start
<LI><a href="#[89]">&gt;&gt;</a>&nbsp;&nbsp;&nbsp;aip1640_init
<LI><a href="#[87]">&gt;&gt;</a>&nbsp;&nbsp;&nbsp;LED_On
</UL>

<P><STRONG><a name="[a9]"></a>GPIO_Pins_Reset</STRONG> (Thumb, 4 bytes, Stack size 0 bytes, n32g003_gpio.o(.text))
<BR><BR>[Called By]<UL><LI><a href="#[ad]">&gt;&gt;</a>&nbsp;&nbsp;&nbsp;aip1640_write_data
<LI><a href="#[ac]">&gt;&gt;</a>&nbsp;&nbsp;&nbsp;aip1640_stop
<LI><a href="#[aa]">&gt;&gt;</a>&nbsp;&nbsp;&nbsp;aip1640_start
<LI><a href="#[86]">&gt;&gt;</a>&nbsp;&nbsp;&nbsp;LED_Off
</UL>

<P><STRONG><a name="[136]"></a>GPIO_PBSC_Pins_Reset</STRONG> (Thumb, 6 bytes, Stack size 0 bytes, n32g003_gpio.o(.text), UNUSED)

<P><STRONG><a name="[137]"></a>GPIO_PBC_Pins_Reset</STRONG> (Thumb, 4 bytes, Stack size 0 bytes, n32g003_gpio.o(.text), UNUSED)

<P><STRONG><a name="[138]"></a>GPIO_Write</STRONG> (Thumb, 4 bytes, Stack size 0 bytes, n32g003_gpio.o(.text), UNUSED)

<P><STRONG><a name="[a7]"></a>GPIO_Pin_Toggle</STRONG> (Thumb, 8 bytes, Stack size 0 bytes, n32g003_gpio.o(.text), UNUSED)
<BR><BR>[Called By]<UL><LI><a href="#[a6]">&gt;&gt;</a>&nbsp;&nbsp;&nbsp;LED_Toggle
</UL>

<P><STRONG><a name="[139]"></a>GPIO_Pin_Lock_Set</STRONG> (Thumb, 22 bytes, Stack size 0 bytes, n32g003_gpio.o(.text), UNUSED)

<P><STRONG><a name="[13a]"></a>GPIO_Pin_Remap_Set</STRONG> (Thumb, 90 bytes, Stack size 20 bytes, n32g003_gpio.o(.text), UNUSED)

<P><STRONG><a name="[13b]"></a>AFIO_ADC_External_Trigger_Set</STRONG> (Thumb, 40 bytes, Stack size 0 bytes, n32g003_gpio.o(.text), UNUSED)

<P><STRONG><a name="[13c]"></a>AFIO_SPI_NSS_Mode_Set</STRONG> (Thumb, 38 bytes, Stack size 0 bytes, n32g003_gpio.o(.text), UNUSED)

<P><STRONG><a name="[13d]"></a>AFIO_TIM3CH2_Remap</STRONG> (Thumb, 38 bytes, Stack size 0 bytes, n32g003_gpio.o(.text), UNUSED)

<P><STRONG><a name="[13e]"></a>RCC_Reset</STRONG> (Thumb, 64 bytes, Stack size 0 bytes, n32g003_rcc.o(.text), UNUSED)

<P><STRONG><a name="[13f]"></a>RCC_HSI_Calibration_Value_Set</STRONG> (Thumb, 26 bytes, Stack size 0 bytes, n32g003_rcc.o(.text), UNUSED)

<P><STRONG><a name="[140]"></a>RCC_LSI_Calibration_Value_Set</STRONG> (Thumb, 26 bytes, Stack size 0 bytes, n32g003_rcc.o(.text), UNUSED)

<P><STRONG><a name="[20]"></a>RCC_Sysclk_Config</STRONG> (Thumb, 30 bytes, Stack size 0 bytes, n32g003_rcc.o(.text))
<BR><BR>[Called By]<UL><LI><a href="#[1e]">&gt;&gt;</a>&nbsp;&nbsp;&nbsp;System_Clock_Set
</UL>

<P><STRONG><a name="[141]"></a>RCC_Hclk_Config</STRONG> (Thumb, 28 bytes, Stack size 0 bytes, n32g003_rcc.o(.text), UNUSED)

<P><STRONG><a name="[142]"></a>RCC_Pclk_Config</STRONG> (Thumb, 30 bytes, Stack size 0 bytes, n32g003_rcc.o(.text), UNUSED)

<P><STRONG><a name="[10b]"></a>RCC_TIM1_Clock_Config</STRONG> (Thumb, 24 bytes, Stack size 0 bytes, n32g003_rcc.o(.text))
<BR><BR>[Called By]<UL><LI><a href="#[8d]">&gt;&gt;</a>&nbsp;&nbsp;&nbsp;TIM1_Config
</UL>

<P><STRONG><a name="[143]"></a>RCC_ADC_1M_Clock_Config</STRONG> (Thumb, 30 bytes, Stack size 0 bytes, n32g003_rcc.o(.text), UNUSED)

<P><STRONG><a name="[144]"></a>RCC_ADC_Clock_Config</STRONG> (Thumb, 24 bytes, Stack size 0 bytes, n32g003_rcc.o(.text), UNUSED)

<P><STRONG><a name="[145]"></a>RCC_TIM6_Clock_Config</STRONG> (Thumb, 28 bytes, Stack size 0 bytes, n32g003_rcc.o(.text), UNUSED)

<P><STRONG><a name="[32]"></a>RCC_Clocks_Frequencies_Value_Get</STRONG> (Thumb, 226 bytes, Stack size 16 bytes, n32g003_rcc.o(.text))
<BR><BR>[Stack]<UL><LI>Max Depth = 28<LI>Call Chain = RCC_Clocks_Frequencies_Value_Get &rArr; __aeabi_uidivmod
</UL>
<BR>[Calls]<UL><LI><a href="#[22]">&gt;&gt;</a>&nbsp;&nbsp;&nbsp;__aeabi_uidivmod
</UL>
<BR>[Called By]<UL><LI><a href="#[8f]">&gt;&gt;</a>&nbsp;&nbsp;&nbsp;SysTick_Delay_Ms
<LI><a href="#[61]">&gt;&gt;</a>&nbsp;&nbsp;&nbsp;UART_Baud_Rate_Config
<LI><a href="#[11c]">&gt;&gt;</a>&nbsp;&nbsp;&nbsp;SysTick_Delay_Us
</UL>

<P><STRONG><a name="[146]"></a>RCC_AHB_Peripheral_Clock_Enable</STRONG> (Thumb, 12 bytes, Stack size 0 bytes, n32g003_rcc.o(.text), UNUSED)

<P><STRONG><a name="[147]"></a>RCC_AHB_Peripheral_Clock_Disable</STRONG> (Thumb, 12 bytes, Stack size 0 bytes, n32g003_rcc.o(.text), UNUSED)

<P><STRONG><a name="[83]"></a>RCC_APB_Peripheral_Clock_Enable</STRONG> (Thumb, 12 bytes, Stack size 0 bytes, n32g003_rcc.o(.text))
<BR><BR>[Called By]<UL><LI><a href="#[89]">&gt;&gt;</a>&nbsp;&nbsp;&nbsp;aip1640_init
<LI><a href="#[91]">&gt;&gt;</a>&nbsp;&nbsp;&nbsp;UART1_Comm_Init
<LI><a href="#[8d]">&gt;&gt;</a>&nbsp;&nbsp;&nbsp;TIM1_Config
<LI><a href="#[8a]">&gt;&gt;</a>&nbsp;&nbsp;&nbsp;RCV315_Init
<LI><a href="#[85]">&gt;&gt;</a>&nbsp;&nbsp;&nbsp;LED_Initialize
<LI><a href="#[88]">&gt;&gt;</a>&nbsp;&nbsp;&nbsp;Beep_Init
<LI><a href="#[90]">&gt;&gt;</a>&nbsp;&nbsp;&nbsp;BT_UART_Init
<LI><a href="#[82]">&gt;&gt;</a>&nbsp;&nbsp;&nbsp;GPIO_Init
</UL>

<P><STRONG><a name="[148]"></a>RCC_APB_Peripheral_Clock_Disable</STRONG> (Thumb, 12 bytes, Stack size 0 bytes, n32g003_rcc.o(.text), UNUSED)

<P><STRONG><a name="[2a]"></a>RCC_Peripheral_Reset</STRONG> (Thumb, 20 bytes, Stack size 0 bytes, n32g003_rcc.o(.text))
<BR><BR>[Called By]<UL><LI><a href="#[67]">&gt;&gt;</a>&nbsp;&nbsp;&nbsp;BEEPER_Reset
<LI><a href="#[60]">&gt;&gt;</a>&nbsp;&nbsp;&nbsp;UART_Reset
<LI><a href="#[33]">&gt;&gt;</a>&nbsp;&nbsp;&nbsp;TIM_Reset
<LI><a href="#[2b]">&gt;&gt;</a>&nbsp;&nbsp;&nbsp;GPIO_Alternate_Function_Reset
<LI><a href="#[29]">&gt;&gt;</a>&nbsp;&nbsp;&nbsp;GPIO_Reset
</UL>

<P><STRONG><a name="[149]"></a>RCC_MCO_Prescaler_Config</STRONG> (Thumb, 24 bytes, Stack size 0 bytes, n32g003_rcc.o(.text), UNUSED)

<P><STRONG><a name="[14a]"></a>RCC_MCO_Source_Config</STRONG> (Thumb, 30 bytes, Stack size 0 bytes, n32g003_rcc.o(.text), UNUSED)

<P><STRONG><a name="[14b]"></a>RCC_Flag_Status_Get</STRONG> (Thumb, 60 bytes, Stack size 0 bytes, n32g003_rcc.o(.text), UNUSED)

<P><STRONG><a name="[14c]"></a>RCC_Reset_Flag_Clear</STRONG> (Thumb, 24 bytes, Stack size 0 bytes, n32g003_rcc.o(.text), UNUSED)

<P><STRONG><a name="[14d]"></a>RCC_EMC_Reset_Disable</STRONG> (Thumb, 16 bytes, Stack size 0 bytes, n32g003_rcc.o(.text), UNUSED)

<P><STRONG><a name="[14e]"></a>RCC_EMC_Reset_Enable</STRONG> (Thumb, 16 bytes, Stack size 0 bytes, n32g003_rcc.o(.text), UNUSED)

<P><STRONG><a name="[14f]"></a>RCC_EMC_Detect_Disable</STRONG> (Thumb, 14 bytes, Stack size 0 bytes, n32g003_rcc.o(.text), UNUSED)

<P><STRONG><a name="[150]"></a>RCC_EMC_Detect_Enable</STRONG> (Thumb, 14 bytes, Stack size 0 bytes, n32g003_rcc.o(.text), UNUSED)

<P><STRONG><a name="[151]"></a>RCC_LSI_Detect_Disable</STRONG> (Thumb, 14 bytes, Stack size 0 bytes, n32g003_rcc.o(.text), UNUSED)

<P><STRONG><a name="[152]"></a>RCC_LSI_Detect_Enable</STRONG> (Thumb, 14 bytes, Stack size 0 bytes, n32g003_rcc.o(.text), UNUSED)

<P><STRONG><a name="[153]"></a>RCC_LSI_Clocks_Frequencies_Get</STRONG> (Thumb, 12 bytes, Stack size 0 bytes, n32g003_rcc.o(.text), UNUSED)

<P><STRONG><a name="[33]"></a>TIM_Reset</STRONG> (Thumb, 46 bytes, Stack size 8 bytes, n32g003_tim.o(.text), UNUSED)
<BR><BR>[Calls]<UL><LI><a href="#[2a]">&gt;&gt;</a>&nbsp;&nbsp;&nbsp;RCC_Peripheral_Reset
</UL>

<P><STRONG><a name="[35]"></a>TIM_Base_Count_Mode_Set</STRONG> (Thumb, 26 bytes, Stack size 8 bytes, n32g003_tim.o(.text))
<BR><BR>[Stack]<UL><LI>Max Depth = 8<LI>Call Chain = TIM_Base_Count_Mode_Set
</UL>
<BR>[Called By]<UL><LI><a href="#[34]">&gt;&gt;</a>&nbsp;&nbsp;&nbsp;TIM_Base_Initialize
</UL>

<P><STRONG><a name="[37]"></a>TIM_Base_Auto_Reload_Set</STRONG> (Thumb, 4 bytes, Stack size 0 bytes, n32g003_tim.o(.text))
<BR><BR>[Called By]<UL><LI><a href="#[34]">&gt;&gt;</a>&nbsp;&nbsp;&nbsp;TIM_Base_Initialize
</UL>

<P><STRONG><a name="[38]"></a>TIM_Base_Prescaler_Set</STRONG> (Thumb, 4 bytes, Stack size 0 bytes, n32g003_tim.o(.text))
<BR><BR>[Called By]<UL><LI><a href="#[34]">&gt;&gt;</a>&nbsp;&nbsp;&nbsp;TIM_Base_Initialize
</UL>

<P><STRONG><a name="[3a]"></a>TIM_Base_Reload_Mode_Set</STRONG> (Thumb, 4 bytes, Stack size 0 bytes, n32g003_tim.o(.text))
<BR><BR>[Called By]<UL><LI><a href="#[8d]">&gt;&gt;</a>&nbsp;&nbsp;&nbsp;TIM1_Config
<LI><a href="#[34]">&gt;&gt;</a>&nbsp;&nbsp;&nbsp;TIM_Base_Initialize
</UL>

<P><STRONG><a name="[39]"></a>TIM_Base_Repeat_Count_Set</STRONG> (Thumb, 4 bytes, Stack size 0 bytes, n32g003_tim.o(.text))
<BR><BR>[Called By]<UL><LI><a href="#[34]">&gt;&gt;</a>&nbsp;&nbsp;&nbsp;TIM_Base_Initialize
</UL>

<P><STRONG><a name="[3b]"></a>TIM_Base_Channel1</STRONG> (Thumb, 28 bytes, Stack size 0 bytes, n32g003_tim.o(.text))
<BR><BR>[Called By]<UL><LI><a href="#[34]">&gt;&gt;</a>&nbsp;&nbsp;&nbsp;TIM_Base_Initialize
</UL>

<P><STRONG><a name="[3c]"></a>TIM_Base_OCrefClear</STRONG> (Thumb, 28 bytes, Stack size 0 bytes, n32g003_tim.o(.text))
<BR><BR>[Called By]<UL><LI><a href="#[34]">&gt;&gt;</a>&nbsp;&nbsp;&nbsp;TIM_Base_Initialize
</UL>

<P><STRONG><a name="[36]"></a>TIM_Clock_Division_Set</STRONG> (Thumb, 18 bytes, Stack size 0 bytes, n32g003_tim.o(.text))
<BR><BR>[Called By]<UL><LI><a href="#[34]">&gt;&gt;</a>&nbsp;&nbsp;&nbsp;TIM_Base_Initialize
</UL>

<P><STRONG><a name="[34]"></a>TIM_Base_Initialize</STRONG> (Thumb, 102 bytes, Stack size 12 bytes, n32g003_tim.o(.text))
<BR><BR>[Stack]<UL><LI>Max Depth = 20<LI>Call Chain = TIM_Base_Initialize &rArr; TIM_Base_Count_Mode_Set
</UL>
<BR>[Calls]<UL><LI><a href="#[36]">&gt;&gt;</a>&nbsp;&nbsp;&nbsp;TIM_Clock_Division_Set
<LI><a href="#[3c]">&gt;&gt;</a>&nbsp;&nbsp;&nbsp;TIM_Base_OCrefClear
<LI><a href="#[3b]">&gt;&gt;</a>&nbsp;&nbsp;&nbsp;TIM_Base_Channel1
<LI><a href="#[39]">&gt;&gt;</a>&nbsp;&nbsp;&nbsp;TIM_Base_Repeat_Count_Set
<LI><a href="#[3a]">&gt;&gt;</a>&nbsp;&nbsp;&nbsp;TIM_Base_Reload_Mode_Set
<LI><a href="#[38]">&gt;&gt;</a>&nbsp;&nbsp;&nbsp;TIM_Base_Prescaler_Set
<LI><a href="#[37]">&gt;&gt;</a>&nbsp;&nbsp;&nbsp;TIM_Base_Auto_Reload_Set
<LI><a href="#[35]">&gt;&gt;</a>&nbsp;&nbsp;&nbsp;TIM_Base_Count_Mode_Set
</UL>
<BR>[Called By]<UL><LI><a href="#[8d]">&gt;&gt;</a>&nbsp;&nbsp;&nbsp;TIM1_Config
</UL>

<P><STRONG><a name="[10c]"></a>TIM_Base_Struct_Initialize</STRONG> (Thumb, 22 bytes, Stack size 0 bytes, n32g003_tim.o(.text))
<BR><BR>[Called By]<UL><LI><a href="#[8d]">&gt;&gt;</a>&nbsp;&nbsp;&nbsp;TIM1_Config
</UL>

<P><STRONG><a name="[154]"></a>TIM_Base_Count_Set</STRONG> (Thumb, 4 bytes, Stack size 0 bytes, n32g003_tim.o(.text), UNUSED)

<P><STRONG><a name="[f5]"></a>TIM_Base_Count_Get</STRONG> (Thumb, 6 bytes, Stack size 0 bytes, n32g003_tim.o(.text), UNUSED)
<BR><BR>[Called By]<UL><LI><a href="#[f4]">&gt;&gt;</a>&nbsp;&nbsp;&nbsp;BT_GenRand4Digits
</UL>

<P><STRONG><a name="[155]"></a>TIM_Auto_Reload_Get</STRONG> (Thumb, 6 bytes, Stack size 0 bytes, n32g003_tim.o(.text), UNUSED)

<P><STRONG><a name="[156]"></a>TIM_Base_Prescaler_Get</STRONG> (Thumb, 6 bytes, Stack size 0 bytes, n32g003_tim.o(.text), UNUSED)

<P><STRONG><a name="[10e]"></a>TIM_On</STRONG> (Thumb, 10 bytes, Stack size 0 bytes, n32g003_tim.o(.text))
<BR><BR>[Called By]<UL><LI><a href="#[8d]">&gt;&gt;</a>&nbsp;&nbsp;&nbsp;TIM1_Config
</UL>

<P><STRONG><a name="[157]"></a>TIM_Off</STRONG> (Thumb, 10 bytes, Stack size 0 bytes, n32g003_tim.o(.text), UNUSED)

<P><STRONG><a name="[158]"></a>TIM_Output_Channel1_Preload_Set</STRONG> (Thumb, 20 bytes, Stack size 0 bytes, n32g003_tim.o(.text), UNUSED)

<P><STRONG><a name="[159]"></a>TIM_Output_Channel2_Preload_Set</STRONG> (Thumb, 20 bytes, Stack size 0 bytes, n32g003_tim.o(.text), UNUSED)

<P><STRONG><a name="[15a]"></a>TIM_Output_Channel3_Preload_Set</STRONG> (Thumb, 20 bytes, Stack size 0 bytes, n32g003_tim.o(.text), UNUSED)

<P><STRONG><a name="[15b]"></a>TIM_Output_Channel4_Preload_Set</STRONG> (Thumb, 20 bytes, Stack size 0 bytes, n32g003_tim.o(.text), UNUSED)

<P><STRONG><a name="[15c]"></a>TIM_Output_Channel5_Preload_Set</STRONG> (Thumb, 24 bytes, Stack size 0 bytes, n32g003_tim.o(.text), UNUSED)

<P><STRONG><a name="[15d]"></a>TIM_Auto_Reload_Preload_Enable</STRONG> (Thumb, 10 bytes, Stack size 0 bytes, n32g003_tim.o(.text), UNUSED)

<P><STRONG><a name="[15e]"></a>TIM_Auto_Reload_Preload_Disable</STRONG> (Thumb, 10 bytes, Stack size 0 bytes, n32g003_tim.o(.text), UNUSED)

<P><STRONG><a name="[15f]"></a>TIM_Update_Event_Enable</STRONG> (Thumb, 10 bytes, Stack size 0 bytes, n32g003_tim.o(.text), UNUSED)

<P><STRONG><a name="[160]"></a>TIM_Update_Event_Disable</STRONG> (Thumb, 10 bytes, Stack size 0 bytes, n32g003_tim.o(.text), UNUSED)

<P><STRONG><a name="[161]"></a>TIM_Update_Request_Source_Set</STRONG> (Thumb, 24 bytes, Stack size 0 bytes, n32g003_tim.o(.text), UNUSED)

<P><STRONG><a name="[162]"></a>TIM_Event_Generate</STRONG> (Thumb, 4 bytes, Stack size 0 bytes, n32g003_tim.o(.text), UNUSED)

<P><STRONG><a name="[163]"></a>TIM_Commutation_Event_Enable</STRONG> (Thumb, 10 bytes, Stack size 0 bytes, n32g003_tim.o(.text), UNUSED)

<P><STRONG><a name="[164]"></a>TIM_Commutation_Event_Disable</STRONG> (Thumb, 10 bytes, Stack size 0 bytes, n32g003_tim.o(.text), UNUSED)

<P><STRONG><a name="[165]"></a>TIM_Capture_Compare_Control_Preload_Enable</STRONG> (Thumb, 10 bytes, Stack size 0 bytes, n32g003_tim.o(.text), UNUSED)

<P><STRONG><a name="[166]"></a>TIM_Capture_Compare_Control_Preload_Disable</STRONG> (Thumb, 10 bytes, Stack size 0 bytes, n32g003_tim.o(.text), UNUSED)

<P><STRONG><a name="[167]"></a>TIM_Compare1_Set</STRONG> (Thumb, 4 bytes, Stack size 0 bytes, n32g003_tim.o(.text), UNUSED)

<P><STRONG><a name="[168]"></a>TIM_Compare2_Set</STRONG> (Thumb, 4 bytes, Stack size 0 bytes, n32g003_tim.o(.text), UNUSED)

<P><STRONG><a name="[169]"></a>TIM_Compare3_Set</STRONG> (Thumb, 4 bytes, Stack size 0 bytes, n32g003_tim.o(.text), UNUSED)

<P><STRONG><a name="[16a]"></a>TIM_Compare4_Set</STRONG> (Thumb, 6 bytes, Stack size 0 bytes, n32g003_tim.o(.text), UNUSED)

<P><STRONG><a name="[16b]"></a>TIM_Compare5_Set</STRONG> (Thumb, 6 bytes, Stack size 0 bytes, n32g003_tim.o(.text), UNUSED)

<P><STRONG><a name="[16c]"></a>TIM_Compare_Capture1_Get</STRONG> (Thumb, 6 bytes, Stack size 0 bytes, n32g003_tim.o(.text), UNUSED)

<P><STRONG><a name="[16d]"></a>TIM_Compare_Capture2_Get</STRONG> (Thumb, 6 bytes, Stack size 0 bytes, n32g003_tim.o(.text), UNUSED)

<P><STRONG><a name="[16e]"></a>TIM_Compare_Capture3_Get</STRONG> (Thumb, 6 bytes, Stack size 0 bytes, n32g003_tim.o(.text), UNUSED)

<P><STRONG><a name="[16f]"></a>TIM_Compare_Capture4_Get</STRONG> (Thumb, 8 bytes, Stack size 0 bytes, n32g003_tim.o(.text), UNUSED)

<P><STRONG><a name="[170]"></a>TIM_Compare_Capture5_Get</STRONG> (Thumb, 8 bytes, Stack size 0 bytes, n32g003_tim.o(.text), UNUSED)

<P><STRONG><a name="[3e]"></a>TIM_Trigger_Source_Select</STRONG> (Thumb, 22 bytes, Stack size 0 bytes, n32g003_tim.o(.text), UNUSED)
<BR><BR>[Called By]<UL><LI><a href="#[3f]">&gt;&gt;</a>&nbsp;&nbsp;&nbsp;TIM_Trigger_As_External_Clock
<LI><a href="#[3d]">&gt;&gt;</a>&nbsp;&nbsp;&nbsp;TIM_Internal_Trig_To_Ext_Set
</UL>

<P><STRONG><a name="[41]"></a>Input_Channel1_Config</STRONG> (Thumb, 82 bytes, Stack size 20 bytes, n32g003_tim.o(.text), UNUSED)
<BR><BR>[Called By]<UL><LI><a href="#[4e]">&gt;&gt;</a>&nbsp;&nbsp;&nbsp;TIM_PWM_Input_Channel_Config
<LI><a href="#[47]">&gt;&gt;</a>&nbsp;&nbsp;&nbsp;TIM_Input_Channel_Initialize
<LI><a href="#[3f]">&gt;&gt;</a>&nbsp;&nbsp;&nbsp;TIM_Trigger_As_External_Clock
</UL>

<P><STRONG><a name="[40]"></a>Input_Channel2_Config</STRONG> (Thumb, 94 bytes, Stack size 24 bytes, n32g003_tim.o(.text), UNUSED)
<BR><BR>[Called By]<UL><LI><a href="#[4e]">&gt;&gt;</a>&nbsp;&nbsp;&nbsp;TIM_PWM_Input_Channel_Config
<LI><a href="#[47]">&gt;&gt;</a>&nbsp;&nbsp;&nbsp;TIM_Input_Channel_Initialize
<LI><a href="#[3f]">&gt;&gt;</a>&nbsp;&nbsp;&nbsp;TIM_Trigger_As_External_Clock
</UL>

<P><STRONG><a name="[4a]"></a>Input_Channel3_Config</STRONG> (Thumb, 92 bytes, Stack size 24 bytes, n32g003_tim.o(.text), UNUSED)
<BR><BR>[Called By]<UL><LI><a href="#[47]">&gt;&gt;</a>&nbsp;&nbsp;&nbsp;TIM_Input_Channel_Initialize
</UL>

<P><STRONG><a name="[4c]"></a>Input_Channel4_Config</STRONG> (Thumb, 92 bytes, Stack size 24 bytes, n32g003_tim.o(.text), UNUSED)
<BR><BR>[Called By]<UL><LI><a href="#[47]">&gt;&gt;</a>&nbsp;&nbsp;&nbsp;TIM_Input_Channel_Initialize
</UL>

<P><STRONG><a name="[43]"></a>TIM_External_Trigger_Filter_Set</STRONG> (Thumb, 48 bytes, Stack size 0 bytes, n32g003_tim.o(.text), UNUSED)
<BR><BR>[Called By]<UL><LI><a href="#[46]">&gt;&gt;</a>&nbsp;&nbsp;&nbsp;TIM_External_Clock_Mode2_Set
<LI><a href="#[42]">&gt;&gt;</a>&nbsp;&nbsp;&nbsp;TIM_External_Clock_Mode1_Set
</UL>

<P><STRONG><a name="[45]"></a>TIM_External_Trigger_Prescaler_Set</STRONG> (Thumb, 18 bytes, Stack size 0 bytes, n32g003_tim.o(.text), UNUSED)
<BR><BR>[Called By]<UL><LI><a href="#[46]">&gt;&gt;</a>&nbsp;&nbsp;&nbsp;TIM_External_Clock_Mode2_Set
<LI><a href="#[42]">&gt;&gt;</a>&nbsp;&nbsp;&nbsp;TIM_External_Clock_Mode1_Set
</UL>

<P><STRONG><a name="[44]"></a>TIM_External_Trigger_Polarity_Set</STRONG> (Thumb, 28 bytes, Stack size 0 bytes, n32g003_tim.o(.text), UNUSED)
<BR><BR>[Called By]<UL><LI><a href="#[46]">&gt;&gt;</a>&nbsp;&nbsp;&nbsp;TIM_External_Clock_Mode2_Set
<LI><a href="#[42]">&gt;&gt;</a>&nbsp;&nbsp;&nbsp;TIM_External_Clock_Mode1_Set
</UL>

<P><STRONG><a name="[171]"></a>TIM_Internal_Clock_Set</STRONG> (Thumb, 10 bytes, Stack size 0 bytes, n32g003_tim.o(.text), UNUSED)

<P><STRONG><a name="[48]"></a>TIM_Input_Capture1_Prescaler_Set</STRONG> (Thumb, 18 bytes, Stack size 0 bytes, n32g003_tim.o(.text), UNUSED)
<BR><BR>[Called By]<UL><LI><a href="#[4e]">&gt;&gt;</a>&nbsp;&nbsp;&nbsp;TIM_PWM_Input_Channel_Config
<LI><a href="#[47]">&gt;&gt;</a>&nbsp;&nbsp;&nbsp;TIM_Input_Channel_Initialize
</UL>

<P><STRONG><a name="[49]"></a>TIM_Input_Capture2_Prescaler_Set</STRONG> (Thumb, 20 bytes, Stack size 0 bytes, n32g003_tim.o(.text), UNUSED)
<BR><BR>[Called By]<UL><LI><a href="#[4e]">&gt;&gt;</a>&nbsp;&nbsp;&nbsp;TIM_PWM_Input_Channel_Config
<LI><a href="#[47]">&gt;&gt;</a>&nbsp;&nbsp;&nbsp;TIM_Input_Channel_Initialize
</UL>

<P><STRONG><a name="[4b]"></a>TIM_Input_Capture3_Prescaler_Set</STRONG> (Thumb, 18 bytes, Stack size 0 bytes, n32g003_tim.o(.text), UNUSED)
<BR><BR>[Called By]<UL><LI><a href="#[47]">&gt;&gt;</a>&nbsp;&nbsp;&nbsp;TIM_Input_Channel_Initialize
</UL>

<P><STRONG><a name="[4d]"></a>TIM_Input_Capture4_Prescaler_Set</STRONG> (Thumb, 18 bytes, Stack size 0 bytes, n32g003_tim.o(.text), UNUSED)
<BR><BR>[Called By]<UL><LI><a href="#[47]">&gt;&gt;</a>&nbsp;&nbsp;&nbsp;TIM_Input_Channel_Initialize
</UL>

<P><STRONG><a name="[3d]"></a>TIM_Internal_Trig_To_Ext_Set</STRONG> (Thumb, 24 bytes, Stack size 12 bytes, n32g003_tim.o(.text), UNUSED)
<BR><BR>[Calls]<UL><LI><a href="#[3e]">&gt;&gt;</a>&nbsp;&nbsp;&nbsp;TIM_Trigger_Source_Select
</UL>

<P><STRONG><a name="[3f]"></a>TIM_Trigger_As_External_Clock</STRONG> (Thumb, 58 bytes, Stack size 20 bytes, n32g003_tim.o(.text), UNUSED)
<BR><BR>[Calls]<UL><LI><a href="#[40]">&gt;&gt;</a>&nbsp;&nbsp;&nbsp;Input_Channel2_Config
<LI><a href="#[41]">&gt;&gt;</a>&nbsp;&nbsp;&nbsp;Input_Channel1_Config
<LI><a href="#[3e]">&gt;&gt;</a>&nbsp;&nbsp;&nbsp;TIM_Trigger_Source_Select
</UL>

<P><STRONG><a name="[42]"></a>TIM_External_Clock_Mode1_Set</STRONG> (Thumb, 58 bytes, Stack size 36 bytes, n32g003_tim.o(.text), UNUSED)
<BR><BR>[Calls]<UL><LI><a href="#[44]">&gt;&gt;</a>&nbsp;&nbsp;&nbsp;TIM_External_Trigger_Polarity_Set
<LI><a href="#[45]">&gt;&gt;</a>&nbsp;&nbsp;&nbsp;TIM_External_Trigger_Prescaler_Set
<LI><a href="#[43]">&gt;&gt;</a>&nbsp;&nbsp;&nbsp;TIM_External_Trigger_Filter_Set
</UL>

<P><STRONG><a name="[46]"></a>TIM_External_Clock_Mode2_Set</STRONG> (Thumb, 46 bytes, Stack size 20 bytes, n32g003_tim.o(.text), UNUSED)
<BR><BR>[Calls]<UL><LI><a href="#[44]">&gt;&gt;</a>&nbsp;&nbsp;&nbsp;TIM_External_Trigger_Polarity_Set
<LI><a href="#[45]">&gt;&gt;</a>&nbsp;&nbsp;&nbsp;TIM_External_Trigger_Prescaler_Set
<LI><a href="#[43]">&gt;&gt;</a>&nbsp;&nbsp;&nbsp;TIM_External_Trigger_Filter_Set
</UL>

<P><STRONG><a name="[172]"></a>TIM_Slave_Mode_Select</STRONG> (Thumb, 16 bytes, Stack size 0 bytes, n32g003_tim.o(.text), UNUSED)

<P><STRONG><a name="[173]"></a>TIM_Master_Slave_Mode_Set</STRONG> (Thumb, 18 bytes, Stack size 0 bytes, n32g003_tim.o(.text), UNUSED)

<P><STRONG><a name="[174]"></a>TIM_Output_Trigger_Select</STRONG> (Thumb, 16 bytes, Stack size 0 bytes, n32g003_tim.o(.text), UNUSED)

<P><STRONG><a name="[175]"></a>TIM_One_Pulse_Mode_Select</STRONG> (Thumb, 16 bytes, Stack size 0 bytes, n32g003_tim.o(.text), UNUSED)

<P><STRONG><a name="[176]"></a>TIM_Input_Struct_Initialize</STRONG> (Thumb, 16 bytes, Stack size 0 bytes, n32g003_tim.o(.text), UNUSED)

<P><STRONG><a name="[47]"></a>TIM_Input_Channel_Initialize</STRONG> (Thumb, 112 bytes, Stack size 12 bytes, n32g003_tim.o(.text), UNUSED)
<BR><BR>[Calls]<UL><LI><a href="#[4d]">&gt;&gt;</a>&nbsp;&nbsp;&nbsp;TIM_Input_Capture4_Prescaler_Set
<LI><a href="#[4b]">&gt;&gt;</a>&nbsp;&nbsp;&nbsp;TIM_Input_Capture3_Prescaler_Set
<LI><a href="#[49]">&gt;&gt;</a>&nbsp;&nbsp;&nbsp;TIM_Input_Capture2_Prescaler_Set
<LI><a href="#[48]">&gt;&gt;</a>&nbsp;&nbsp;&nbsp;TIM_Input_Capture1_Prescaler_Set
<LI><a href="#[4c]">&gt;&gt;</a>&nbsp;&nbsp;&nbsp;Input_Channel4_Config
<LI><a href="#[4a]">&gt;&gt;</a>&nbsp;&nbsp;&nbsp;Input_Channel3_Config
<LI><a href="#[40]">&gt;&gt;</a>&nbsp;&nbsp;&nbsp;Input_Channel2_Config
<LI><a href="#[41]">&gt;&gt;</a>&nbsp;&nbsp;&nbsp;Input_Channel1_Config
</UL>

<P><STRONG><a name="[4e]"></a>TIM_PWM_Input_Channel_Config</STRONG> (Thumb, 124 bytes, Stack size 20 bytes, n32g003_tim.o(.text), UNUSED)
<BR><BR>[Calls]<UL><LI><a href="#[49]">&gt;&gt;</a>&nbsp;&nbsp;&nbsp;TIM_Input_Capture2_Prescaler_Set
<LI><a href="#[48]">&gt;&gt;</a>&nbsp;&nbsp;&nbsp;TIM_Input_Capture1_Prescaler_Set
<LI><a href="#[40]">&gt;&gt;</a>&nbsp;&nbsp;&nbsp;Input_Channel2_Config
<LI><a href="#[41]">&gt;&gt;</a>&nbsp;&nbsp;&nbsp;Input_Channel1_Config
</UL>

<P><STRONG><a name="[51]"></a>TIM_Output_Channel_Polarity_Set</STRONG> (Thumb, 26 bytes, Stack size 12 bytes, n32g003_tim.o(.text), UNUSED)
<BR><BR>[Called By]<UL><LI><a href="#[59]">&gt;&gt;</a>&nbsp;&nbsp;&nbsp;TIM_Output_Channel5_Initialize
<LI><a href="#[58]">&gt;&gt;</a>&nbsp;&nbsp;&nbsp;TIM_Output_Channel4_Initialize
<LI><a href="#[57]">&gt;&gt;</a>&nbsp;&nbsp;&nbsp;TIM_Output_Channel3_Initialize
<LI><a href="#[56]">&gt;&gt;</a>&nbsp;&nbsp;&nbsp;TIM_Output_Channel2_Initialize
<LI><a href="#[4f]">&gt;&gt;</a>&nbsp;&nbsp;&nbsp;TIM_Output_Channel1_Initialize
</UL>

<P><STRONG><a name="[53]"></a>TIM_Output_Channel_N_Polarity_Set</STRONG> (Thumb, 26 bytes, Stack size 12 bytes, n32g003_tim.o(.text), UNUSED)
<BR><BR>[Called By]<UL><LI><a href="#[57]">&gt;&gt;</a>&nbsp;&nbsp;&nbsp;TIM_Output_Channel3_Initialize
<LI><a href="#[56]">&gt;&gt;</a>&nbsp;&nbsp;&nbsp;TIM_Output_Channel2_Initialize
<LI><a href="#[4f]">&gt;&gt;</a>&nbsp;&nbsp;&nbsp;TIM_Output_Channel1_Initialize
</UL>

<P><STRONG><a name="[52]"></a>TIM_Capture_Compare_Ch_Enable</STRONG> (Thumb, 12 bytes, Stack size 0 bytes, n32g003_tim.o(.text), UNUSED)
<BR><BR>[Called By]<UL><LI><a href="#[59]">&gt;&gt;</a>&nbsp;&nbsp;&nbsp;TIM_Output_Channel5_Initialize
<LI><a href="#[58]">&gt;&gt;</a>&nbsp;&nbsp;&nbsp;TIM_Output_Channel4_Initialize
<LI><a href="#[57]">&gt;&gt;</a>&nbsp;&nbsp;&nbsp;TIM_Output_Channel3_Initialize
<LI><a href="#[56]">&gt;&gt;</a>&nbsp;&nbsp;&nbsp;TIM_Output_Channel2_Initialize
<LI><a href="#[4f]">&gt;&gt;</a>&nbsp;&nbsp;&nbsp;TIM_Output_Channel1_Initialize
</UL>

<P><STRONG><a name="[50]"></a>TIM_Capture_Compare_Ch_Disable</STRONG> (Thumb, 12 bytes, Stack size 0 bytes, n32g003_tim.o(.text), UNUSED)
<BR><BR>[Called By]<UL><LI><a href="#[59]">&gt;&gt;</a>&nbsp;&nbsp;&nbsp;TIM_Output_Channel5_Initialize
<LI><a href="#[58]">&gt;&gt;</a>&nbsp;&nbsp;&nbsp;TIM_Output_Channel4_Initialize
<LI><a href="#[57]">&gt;&gt;</a>&nbsp;&nbsp;&nbsp;TIM_Output_Channel3_Initialize
<LI><a href="#[56]">&gt;&gt;</a>&nbsp;&nbsp;&nbsp;TIM_Output_Channel2_Initialize
<LI><a href="#[4f]">&gt;&gt;</a>&nbsp;&nbsp;&nbsp;TIM_Output_Channel1_Initialize
</UL>

<P><STRONG><a name="[54]"></a>TIM_Capture_Compare_Ch_N_Enable</STRONG> (Thumb, 12 bytes, Stack size 0 bytes, n32g003_tim.o(.text), UNUSED)
<BR><BR>[Called By]<UL><LI><a href="#[57]">&gt;&gt;</a>&nbsp;&nbsp;&nbsp;TIM_Output_Channel3_Initialize
<LI><a href="#[56]">&gt;&gt;</a>&nbsp;&nbsp;&nbsp;TIM_Output_Channel2_Initialize
<LI><a href="#[4f]">&gt;&gt;</a>&nbsp;&nbsp;&nbsp;TIM_Output_Channel1_Initialize
</UL>

<P><STRONG><a name="[55]"></a>TIM_Capture_Compare_Ch_N_Disable</STRONG> (Thumb, 12 bytes, Stack size 0 bytes, n32g003_tim.o(.text), UNUSED)
<BR><BR>[Called By]<UL><LI><a href="#[57]">&gt;&gt;</a>&nbsp;&nbsp;&nbsp;TIM_Output_Channel3_Initialize
<LI><a href="#[56]">&gt;&gt;</a>&nbsp;&nbsp;&nbsp;TIM_Output_Channel2_Initialize
<LI><a href="#[4f]">&gt;&gt;</a>&nbsp;&nbsp;&nbsp;TIM_Output_Channel1_Initialize
</UL>

<P><STRONG><a name="[177]"></a>TIM_CCEN_Status_Get</STRONG> (Thumb, 18 bytes, Stack size 0 bytes, n32g003_tim.o(.text), UNUSED)

<P><STRONG><a name="[178]"></a>TIM_Output_Channel_Mode_Set</STRONG> (Thumb, 86 bytes, Stack size 16 bytes, n32g003_tim.o(.text), UNUSED)

<P><STRONG><a name="[179]"></a>TIM_Forced_Output_Channel1_Set</STRONG> (Thumb, 22 bytes, Stack size 0 bytes, n32g003_tim.o(.text), UNUSED)

<P><STRONG><a name="[17a]"></a>TIM_Forced_Output_Channel2_Set</STRONG> (Thumb, 20 bytes, Stack size 0 bytes, n32g003_tim.o(.text), UNUSED)

<P><STRONG><a name="[17b]"></a>TIM_Forced_Output_Channel3_Set</STRONG> (Thumb, 22 bytes, Stack size 0 bytes, n32g003_tim.o(.text), UNUSED)

<P><STRONG><a name="[17c]"></a>TIM_Forced_Output_Channel4_Set</STRONG> (Thumb, 20 bytes, Stack size 0 bytes, n32g003_tim.o(.text), UNUSED)

<P><STRONG><a name="[17d]"></a>TIM_Forced_Output_Channel5_Set</STRONG> (Thumb, 26 bytes, Stack size 0 bytes, n32g003_tim.o(.text), UNUSED)

<P><STRONG><a name="[17e]"></a>TIM_Output_Channel1_Fast_Set</STRONG> (Thumb, 22 bytes, Stack size 0 bytes, n32g003_tim.o(.text), UNUSED)

<P><STRONG><a name="[17f]"></a>TIM_Output_Channel2_Fast_Set</STRONG> (Thumb, 20 bytes, Stack size 0 bytes, n32g003_tim.o(.text), UNUSED)

<P><STRONG><a name="[180]"></a>TIM_Output_Channel3_Fast_Set</STRONG> (Thumb, 42 bytes, Stack size 0 bytes, n32g003_tim.o(.text), UNUSED)

<P><STRONG><a name="[181]"></a>TIM_Output_Channel4_Fast_Set</STRONG> (Thumb, 20 bytes, Stack size 0 bytes, n32g003_tim.o(.text), UNUSED)

<P><STRONG><a name="[182]"></a>TIM_Output_Channel5_Fast_Set</STRONG> (Thumb, 24 bytes, Stack size 0 bytes, n32g003_tim.o(.text), UNUSED)

<P><STRONG><a name="[183]"></a>TIM_Output_Channel1_Reference_Clear</STRONG> (Thumb, 22 bytes, Stack size 0 bytes, n32g003_tim.o(.text), UNUSED)

<P><STRONG><a name="[184]"></a>TIM_Output_Channel2_Reference_Clear</STRONG> (Thumb, 20 bytes, Stack size 0 bytes, n32g003_tim.o(.text), UNUSED)

<P><STRONG><a name="[185]"></a>TIM_Output_Channel3_Reference_Clear</STRONG> (Thumb, 22 bytes, Stack size 0 bytes, n32g003_tim.o(.text), UNUSED)

<P><STRONG><a name="[186]"></a>TIM_Output_Channel4_Reference_Clear</STRONG> (Thumb, 20 bytes, Stack size 0 bytes, n32g003_tim.o(.text), UNUSED)

<P><STRONG><a name="[187]"></a>TIM_Output_Channel5_Reference_Clear</STRONG> (Thumb, 26 bytes, Stack size 0 bytes, n32g003_tim.o(.text), UNUSED)

<P><STRONG><a name="[4f]"></a>TIM_Output_Channel1_Initialize</STRONG> (Thumb, 148 bytes, Stack size 20 bytes, n32g003_tim.o(.text), UNUSED)
<BR><BR>[Calls]<UL><LI><a href="#[55]">&gt;&gt;</a>&nbsp;&nbsp;&nbsp;TIM_Capture_Compare_Ch_N_Disable
<LI><a href="#[54]">&gt;&gt;</a>&nbsp;&nbsp;&nbsp;TIM_Capture_Compare_Ch_N_Enable
<LI><a href="#[50]">&gt;&gt;</a>&nbsp;&nbsp;&nbsp;TIM_Capture_Compare_Ch_Disable
<LI><a href="#[52]">&gt;&gt;</a>&nbsp;&nbsp;&nbsp;TIM_Capture_Compare_Ch_Enable
<LI><a href="#[53]">&gt;&gt;</a>&nbsp;&nbsp;&nbsp;TIM_Output_Channel_N_Polarity_Set
<LI><a href="#[51]">&gt;&gt;</a>&nbsp;&nbsp;&nbsp;TIM_Output_Channel_Polarity_Set
</UL>

<P><STRONG><a name="[56]"></a>TIM_Output_Channel2_Initialize</STRONG> (Thumb, 152 bytes, Stack size 20 bytes, n32g003_tim.o(.text), UNUSED)
<BR><BR>[Calls]<UL><LI><a href="#[55]">&gt;&gt;</a>&nbsp;&nbsp;&nbsp;TIM_Capture_Compare_Ch_N_Disable
<LI><a href="#[54]">&gt;&gt;</a>&nbsp;&nbsp;&nbsp;TIM_Capture_Compare_Ch_N_Enable
<LI><a href="#[50]">&gt;&gt;</a>&nbsp;&nbsp;&nbsp;TIM_Capture_Compare_Ch_Disable
<LI><a href="#[52]">&gt;&gt;</a>&nbsp;&nbsp;&nbsp;TIM_Capture_Compare_Ch_Enable
<LI><a href="#[53]">&gt;&gt;</a>&nbsp;&nbsp;&nbsp;TIM_Output_Channel_N_Polarity_Set
<LI><a href="#[51]">&gt;&gt;</a>&nbsp;&nbsp;&nbsp;TIM_Output_Channel_Polarity_Set
</UL>

<P><STRONG><a name="[57]"></a>TIM_Output_Channel3_Initialize</STRONG> (Thumb, 152 bytes, Stack size 20 bytes, n32g003_tim.o(.text), UNUSED)
<BR><BR>[Calls]<UL><LI><a href="#[55]">&gt;&gt;</a>&nbsp;&nbsp;&nbsp;TIM_Capture_Compare_Ch_N_Disable
<LI><a href="#[54]">&gt;&gt;</a>&nbsp;&nbsp;&nbsp;TIM_Capture_Compare_Ch_N_Enable
<LI><a href="#[50]">&gt;&gt;</a>&nbsp;&nbsp;&nbsp;TIM_Capture_Compare_Ch_Disable
<LI><a href="#[52]">&gt;&gt;</a>&nbsp;&nbsp;&nbsp;TIM_Capture_Compare_Ch_Enable
<LI><a href="#[53]">&gt;&gt;</a>&nbsp;&nbsp;&nbsp;TIM_Output_Channel_N_Polarity_Set
<LI><a href="#[51]">&gt;&gt;</a>&nbsp;&nbsp;&nbsp;TIM_Output_Channel_Polarity_Set
</UL>

<P><STRONG><a name="[58]"></a>TIM_Output_Channel4_Initialize</STRONG> (Thumb, 104 bytes, Stack size 20 bytes, n32g003_tim.o(.text), UNUSED)
<BR><BR>[Calls]<UL><LI><a href="#[50]">&gt;&gt;</a>&nbsp;&nbsp;&nbsp;TIM_Capture_Compare_Ch_Disable
<LI><a href="#[52]">&gt;&gt;</a>&nbsp;&nbsp;&nbsp;TIM_Capture_Compare_Ch_Enable
<LI><a href="#[51]">&gt;&gt;</a>&nbsp;&nbsp;&nbsp;TIM_Output_Channel_Polarity_Set
</UL>

<P><STRONG><a name="[59]"></a>TIM_Output_Channel5_Initialize</STRONG> (Thumb, 102 bytes, Stack size 20 bytes, n32g003_tim.o(.text), UNUSED)
<BR><BR>[Calls]<UL><LI><a href="#[50]">&gt;&gt;</a>&nbsp;&nbsp;&nbsp;TIM_Capture_Compare_Ch_Disable
<LI><a href="#[52]">&gt;&gt;</a>&nbsp;&nbsp;&nbsp;TIM_Capture_Compare_Ch_Enable
<LI><a href="#[51]">&gt;&gt;</a>&nbsp;&nbsp;&nbsp;TIM_Output_Channel_Polarity_Set
</UL>

<P><STRONG><a name="[188]"></a>TIM_PWM_Output_Enable</STRONG> (Thumb, 16 bytes, Stack size 0 bytes, n32g003_tim.o(.text), UNUSED)

<P><STRONG><a name="[189]"></a>TIM_PWM_Output_Disable</STRONG> (Thumb, 14 bytes, Stack size 0 bytes, n32g003_tim.o(.text), UNUSED)

<P><STRONG><a name="[18a]"></a>TIM_Output_Channel_Struct_Initialize</STRONG> (Thumb, 20 bytes, Stack size 0 bytes, n32g003_tim.o(.text), UNUSED)

<P><STRONG><a name="[5c]"></a>TIM_Lock_Up_Break_Enable</STRONG> (Thumb, 12 bytes, Stack size 0 bytes, n32g003_tim.o(.text), UNUSED)
<BR><BR>[Called By]<UL><LI><a href="#[5a]">&gt;&gt;</a>&nbsp;&nbsp;&nbsp;TIM_Break_And_Dead_Time_Set
</UL>

<P><STRONG><a name="[5d]"></a>TIM_Lock_Up_Break_Disable</STRONG> (Thumb, 12 bytes, Stack size 0 bytes, n32g003_tim.o(.text), UNUSED)
<BR><BR>[Called By]<UL><LI><a href="#[5a]">&gt;&gt;</a>&nbsp;&nbsp;&nbsp;TIM_Break_And_Dead_Time_Set
</UL>

<P><STRONG><a name="[5e]"></a>TIM_Pvd_Break_Enable</STRONG> (Thumb, 12 bytes, Stack size 0 bytes, n32g003_tim.o(.text), UNUSED)
<BR><BR>[Called By]<UL><LI><a href="#[5a]">&gt;&gt;</a>&nbsp;&nbsp;&nbsp;TIM_Break_And_Dead_Time_Set
</UL>

<P><STRONG><a name="[5f]"></a>TIM_Pvd_Break_Disable</STRONG> (Thumb, 12 bytes, Stack size 0 bytes, n32g003_tim.o(.text), UNUSED)
<BR><BR>[Called By]<UL><LI><a href="#[5a]">&gt;&gt;</a>&nbsp;&nbsp;&nbsp;TIM_Break_And_Dead_Time_Set
</UL>

<P><STRONG><a name="[5b]"></a>TIM_IOM_Comp_Break</STRONG> (Thumb, 28 bytes, Stack size 0 bytes, n32g003_tim.o(.text), UNUSED)
<BR><BR>[Called By]<UL><LI><a href="#[5a]">&gt;&gt;</a>&nbsp;&nbsp;&nbsp;TIM_Break_And_Dead_Time_Set
</UL>

<P><STRONG><a name="[5a]"></a>TIM_Break_And_Dead_Time_Set</STRONG> (Thumb, 122 bytes, Stack size 12 bytes, n32g003_tim.o(.text), UNUSED)
<BR><BR>[Calls]<UL><LI><a href="#[5b]">&gt;&gt;</a>&nbsp;&nbsp;&nbsp;TIM_IOM_Comp_Break
<LI><a href="#[5f]">&gt;&gt;</a>&nbsp;&nbsp;&nbsp;TIM_Pvd_Break_Disable
<LI><a href="#[5e]">&gt;&gt;</a>&nbsp;&nbsp;&nbsp;TIM_Pvd_Break_Enable
<LI><a href="#[5d]">&gt;&gt;</a>&nbsp;&nbsp;&nbsp;TIM_Lock_Up_Break_Disable
<LI><a href="#[5c]">&gt;&gt;</a>&nbsp;&nbsp;&nbsp;TIM_Lock_Up_Break_Enable
</UL>

<P><STRONG><a name="[18b]"></a>TIM_Break_And_Dead_Time_Struct_Initialize</STRONG> (Thumb, 24 bytes, Stack size 0 bytes, n32g003_tim.o(.text), UNUSED)

<P><STRONG><a name="[10d]"></a>TIM_Interrupt_Enable</STRONG> (Thumb, 8 bytes, Stack size 0 bytes, n32g003_tim.o(.text))
<BR><BR>[Called By]<UL><LI><a href="#[8d]">&gt;&gt;</a>&nbsp;&nbsp;&nbsp;TIM1_Config
</UL>

<P><STRONG><a name="[18c]"></a>TIM_Interrupt_Disable</STRONG> (Thumb, 8 bytes, Stack size 0 bytes, n32g003_tim.o(.text), UNUSED)

<P><STRONG><a name="[23]"></a>TIM_Interrupt_Status_Get</STRONG> (Thumb, 36 bytes, Stack size 8 bytes, n32g003_tim.o(.text))
<BR><BR>[Stack]<UL><LI>Max Depth = 8<LI>Call Chain = TIM_Interrupt_Status_Get
</UL>
<BR>[Called By]<UL><LI><a href="#[b]">&gt;&gt;</a>&nbsp;&nbsp;&nbsp;TIM1_BRK_UP_TRG_COM_IRQHandler
</UL>

<P><STRONG><a name="[24]"></a>TIM_Interrupt_Status_Clear</STRONG> (Thumb, 6 bytes, Stack size 0 bytes, n32g003_tim.o(.text))
<BR><BR>[Called By]<UL><LI><a href="#[b]">&gt;&gt;</a>&nbsp;&nbsp;&nbsp;TIM1_BRK_UP_TRG_COM_IRQHandler
</UL>

<P><STRONG><a name="[18d]"></a>TIM_Flag_Status_Get</STRONG> (Thumb, 18 bytes, Stack size 0 bytes, n32g003_tim.o(.text), UNUSED)

<P><STRONG><a name="[18e]"></a>TIM_Flag_Clear</STRONG> (Thumb, 6 bytes, Stack size 0 bytes, n32g003_tim.o(.text), UNUSED)

<P><STRONG><a name="[60]"></a>UART_Reset</STRONG> (Thumb, 32 bytes, Stack size 8 bytes, n32g003_uart.o(.text), UNUSED)
<BR><BR>[Calls]<UL><LI><a href="#[2a]">&gt;&gt;</a>&nbsp;&nbsp;&nbsp;RCC_Peripheral_Reset
</UL>

<P><STRONG><a name="[66]"></a>UART_Mode_Config</STRONG> (Thumb, 26 bytes, Stack size 8 bytes, n32g003_uart.o(.text))
<BR><BR>[Stack]<UL><LI>Max Depth = 8<LI>Call Chain = UART_Mode_Config
</UL>
<BR>[Called By]<UL><LI><a href="#[62]">&gt;&gt;</a>&nbsp;&nbsp;&nbsp;UART_Initializes
</UL>

<P><STRONG><a name="[65]"></a>UART_Parity_Config</STRONG> (Thumb, 28 bytes, Stack size 8 bytes, n32g003_uart.o(.text))
<BR><BR>[Stack]<UL><LI>Max Depth = 8<LI>Call Chain = UART_Parity_Config
</UL>
<BR>[Called By]<UL><LI><a href="#[62]">&gt;&gt;</a>&nbsp;&nbsp;&nbsp;UART_Initializes
</UL>

<P><STRONG><a name="[64]"></a>UART_Stop_Bits_Config</STRONG> (Thumb, 28 bytes, Stack size 8 bytes, n32g003_uart.o(.text))
<BR><BR>[Stack]<UL><LI>Max Depth = 8<LI>Call Chain = UART_Stop_Bits_Config
</UL>
<BR>[Called By]<UL><LI><a href="#[62]">&gt;&gt;</a>&nbsp;&nbsp;&nbsp;UART_Initializes
</UL>

<P><STRONG><a name="[63]"></a>UART_Word_Length_Config</STRONG> (Thumb, 28 bytes, Stack size 8 bytes, n32g003_uart.o(.text))
<BR><BR>[Stack]<UL><LI>Max Depth = 8<LI>Call Chain = UART_Word_Length_Config
</UL>
<BR>[Called By]<UL><LI><a href="#[62]">&gt;&gt;</a>&nbsp;&nbsp;&nbsp;UART_Initializes
</UL>

<P><STRONG><a name="[61]"></a>UART_Baud_Rate_Config</STRONG> (Thumb, 108 bytes, Stack size 48 bytes, n32g003_uart.o(.text))
<BR><BR>[Stack]<UL><LI>Max Depth = 76<LI>Call Chain = UART_Baud_Rate_Config &rArr; RCC_Clocks_Frequencies_Value_Get &rArr; __aeabi_uidivmod
</UL>
<BR>[Calls]<UL><LI><a href="#[32]">&gt;&gt;</a>&nbsp;&nbsp;&nbsp;RCC_Clocks_Frequencies_Value_Get
<LI><a href="#[22]">&gt;&gt;</a>&nbsp;&nbsp;&nbsp;__aeabi_uidivmod
</UL>
<BR>[Called By]<UL><LI><a href="#[62]">&gt;&gt;</a>&nbsp;&nbsp;&nbsp;UART_Initializes
</UL>

<P><STRONG><a name="[62]"></a>UART_Initializes</STRONG> (Thumb, 48 bytes, Stack size 16 bytes, n32g003_uart.o(.text))
<BR><BR>[Stack]<UL><LI>Max Depth = 92<LI>Call Chain = UART_Initializes &rArr; UART_Baud_Rate_Config &rArr; RCC_Clocks_Frequencies_Value_Get &rArr; __aeabi_uidivmod
</UL>
<BR>[Calls]<UL><LI><a href="#[61]">&gt;&gt;</a>&nbsp;&nbsp;&nbsp;UART_Baud_Rate_Config
<LI><a href="#[63]">&gt;&gt;</a>&nbsp;&nbsp;&nbsp;UART_Word_Length_Config
<LI><a href="#[64]">&gt;&gt;</a>&nbsp;&nbsp;&nbsp;UART_Stop_Bits_Config
<LI><a href="#[65]">&gt;&gt;</a>&nbsp;&nbsp;&nbsp;UART_Parity_Config
<LI><a href="#[66]">&gt;&gt;</a>&nbsp;&nbsp;&nbsp;UART_Mode_Config
</UL>
<BR>[Called By]<UL><LI><a href="#[91]">&gt;&gt;</a>&nbsp;&nbsp;&nbsp;UART1_Comm_Init
<LI><a href="#[90]">&gt;&gt;</a>&nbsp;&nbsp;&nbsp;BT_UART_Init
</UL>

<P><STRONG><a name="[f1]"></a>UART_Structure_Initializes</STRONG> (Thumb, 20 bytes, Stack size 0 bytes, n32g003_uart.o(.text))
<BR><BR>[Called By]<UL><LI><a href="#[91]">&gt;&gt;</a>&nbsp;&nbsp;&nbsp;UART1_Comm_Init
<LI><a href="#[90]">&gt;&gt;</a>&nbsp;&nbsp;&nbsp;BT_UART_Init
</UL>

<P><STRONG><a name="[f3]"></a>UART_Enable</STRONG> (Thumb, 12 bytes, Stack size 0 bytes, n32g003_uart.o(.text))
<BR><BR>[Called By]<UL><LI><a href="#[91]">&gt;&gt;</a>&nbsp;&nbsp;&nbsp;UART1_Comm_Init
<LI><a href="#[90]">&gt;&gt;</a>&nbsp;&nbsp;&nbsp;BT_UART_Init
</UL>

<P><STRONG><a name="[18f]"></a>UART_Disable</STRONG> (Thumb, 12 bytes, Stack size 0 bytes, n32g003_uart.o(.text), UNUSED)

<P><STRONG><a name="[f2]"></a>UART_Interrput_Enable</STRONG> (Thumb, 54 bytes, Stack size 16 bytes, n32g003_uart.o(.text))
<BR><BR>[Stack]<UL><LI>Max Depth = 16<LI>Call Chain = UART_Interrput_Enable
</UL>
<BR>[Called By]<UL><LI><a href="#[91]">&gt;&gt;</a>&nbsp;&nbsp;&nbsp;UART1_Comm_Init
<LI><a href="#[90]">&gt;&gt;</a>&nbsp;&nbsp;&nbsp;BT_UART_Init
</UL>

<P><STRONG><a name="[190]"></a>UART_Interrput_Disable</STRONG> (Thumb, 54 bytes, Stack size 16 bytes, n32g003_uart.o(.text), UNUSED)

<P><STRONG><a name="[191]"></a>UART_Address_Set</STRONG> (Thumb, 16 bytes, Stack size 0 bytes, n32g003_uart.o(.text), UNUSED)

<P><STRONG><a name="[192]"></a>UART_WakeUp_Mode_Set</STRONG> (Thumb, 18 bytes, Stack size 0 bytes, n32g003_uart.o(.text), UNUSED)

<P><STRONG><a name="[193]"></a>UART_Receiver_Wakeup_Enable</STRONG> (Thumb, 10 bytes, Stack size 0 bytes, n32g003_uart.o(.text), UNUSED)

<P><STRONG><a name="[194]"></a>UART_Receiver_Wakeup_Disable</STRONG> (Thumb, 10 bytes, Stack size 0 bytes, n32g003_uart.o(.text), UNUSED)

<P><STRONG><a name="[de]"></a>UART_Data_Send</STRONG> (Thumb, 8 bytes, Stack size 0 bytes, n32g003_uart.o(.text))
<BR><BR>[Called By]<UL><LI><a href="#[10f]">&gt;&gt;</a>&nbsp;&nbsp;&nbsp;UART1_SendBytes
<LI><a href="#[dc]">&gt;&gt;</a>&nbsp;&nbsp;&nbsp;UART2_SendData
</UL>

<P><STRONG><a name="[104]"></a>UART_Data_Receive</STRONG> (Thumb, 10 bytes, Stack size 0 bytes, n32g003_uart.o(.text))
<BR><BR>[Called By]<UL><LI><a href="#[13]">&gt;&gt;</a>&nbsp;&nbsp;&nbsp;UART1_IRQHandler
<LI><a href="#[14]">&gt;&gt;</a>&nbsp;&nbsp;&nbsp;UART2_IRQHandler
</UL>

<P><STRONG><a name="[195]"></a>UART_Break_Frame_Send</STRONG> (Thumb, 10 bytes, Stack size 0 bytes, n32g003_uart.o(.text), UNUSED)

<P><STRONG><a name="[196]"></a>UART_Half_Duplex_Enable</STRONG> (Thumb, 10 bytes, Stack size 0 bytes, n32g003_uart.o(.text), UNUSED)

<P><STRONG><a name="[197]"></a>UART_Half_Duplex_Disable</STRONG> (Thumb, 10 bytes, Stack size 0 bytes, n32g003_uart.o(.text), UNUSED)

<P><STRONG><a name="[dd]"></a>UART_Flag_Status_Get</STRONG> (Thumb, 18 bytes, Stack size 0 bytes, n32g003_uart.o(.text))
<BR><BR>[Called By]<UL><LI><a href="#[13]">&gt;&gt;</a>&nbsp;&nbsp;&nbsp;UART1_IRQHandler
<LI><a href="#[10f]">&gt;&gt;</a>&nbsp;&nbsp;&nbsp;UART1_SendBytes
<LI><a href="#[14]">&gt;&gt;</a>&nbsp;&nbsp;&nbsp;UART2_IRQHandler
<LI><a href="#[dc]">&gt;&gt;</a>&nbsp;&nbsp;&nbsp;UART2_SendData
</UL>

<P><STRONG><a name="[198]"></a>UART_Flag_Clear</STRONG> (Thumb, 6 bytes, Stack size 0 bytes, n32g003_uart.o(.text), UNUSED)

<P><STRONG><a name="[103]"></a>UART_Interrupt_Status_Get</STRONG> (Thumb, 78 bytes, Stack size 12 bytes, n32g003_uart.o(.text))
<BR><BR>[Stack]<UL><LI>Max Depth = 12<LI>Call Chain = UART_Interrupt_Status_Get
</UL>
<BR>[Called By]<UL><LI><a href="#[13]">&gt;&gt;</a>&nbsp;&nbsp;&nbsp;UART1_IRQHandler
<LI><a href="#[14]">&gt;&gt;</a>&nbsp;&nbsp;&nbsp;UART2_IRQHandler
</UL>

<P><STRONG><a name="[199]"></a>UART_Interrupt_Status_Clear</STRONG> (Thumb, 20 bytes, Stack size 8 bytes, n32g003_uart.o(.text), UNUSED)

<P><STRONG><a name="[7d]"></a>IWDG_Write_Protection_Disable</STRONG> (Thumb, 8 bytes, Stack size 0 bytes, n32g003_iwdg.o(.text))
<BR><BR>[Called By]<UL><LI><a href="#[7c]">&gt;&gt;</a>&nbsp;&nbsp;&nbsp;APP_IWDG_Init
</UL>

<P><STRONG><a name="[19a]"></a>IWDG_Write_Protection_Enable</STRONG> (Thumb, 8 bytes, Stack size 0 bytes, n32g003_iwdg.o(.text), UNUSED)

<P><STRONG><a name="[7e]"></a>IWDG_Prescaler_Division_Set</STRONG> (Thumb, 6 bytes, Stack size 0 bytes, n32g003_iwdg.o(.text))
<BR><BR>[Called By]<UL><LI><a href="#[7c]">&gt;&gt;</a>&nbsp;&nbsp;&nbsp;APP_IWDG_Init
</UL>

<P><STRONG><a name="[7f]"></a>IWDG_Counter_Reload</STRONG> (Thumb, 6 bytes, Stack size 0 bytes, n32g003_iwdg.o(.text))
<BR><BR>[Called By]<UL><LI><a href="#[7c]">&gt;&gt;</a>&nbsp;&nbsp;&nbsp;APP_IWDG_Init
</UL>

<P><STRONG><a name="[80]"></a>IWDG_Key_Reload</STRONG> (Thumb, 8 bytes, Stack size 0 bytes, n32g003_iwdg.o(.text))
<BR><BR>[Called By]<UL><LI><a href="#[16]">&gt;&gt;</a>&nbsp;&nbsp;&nbsp;main
<LI><a href="#[7c]">&gt;&gt;</a>&nbsp;&nbsp;&nbsp;APP_IWDG_Init
</UL>

<P><STRONG><a name="[81]"></a>IWDG_Enable</STRONG> (Thumb, 8 bytes, Stack size 0 bytes, n32g003_iwdg.o(.text))
<BR><BR>[Called By]<UL><LI><a href="#[7c]">&gt;&gt;</a>&nbsp;&nbsp;&nbsp;APP_IWDG_Init
</UL>

<P><STRONG><a name="[19b]"></a>IWDG_Freeze_Enable</STRONG> (Thumb, 26 bytes, Stack size 0 bytes, n32g003_iwdg.o(.text), UNUSED)

<P><STRONG><a name="[19c]"></a>IWDG_Restore_From_Freeze</STRONG> (Thumb, 26 bytes, Stack size 0 bytes, n32g003_iwdg.o(.text), UNUSED)

<P><STRONG><a name="[19d]"></a>IWDG_Status_Get</STRONG> (Thumb, 20 bytes, Stack size 0 bytes, n32g003_iwdg.o(.text), UNUSED)

<P><STRONG><a name="[67]"></a>BEEPER_Reset</STRONG> (Thumb, 10 bytes, Stack size 8 bytes, n32g003_beeper.o(.text))
<BR><BR>[Stack]<UL><LI>Max Depth = 8<LI>Call Chain = BEEPER_Reset
</UL>
<BR>[Calls]<UL><LI><a href="#[2a]">&gt;&gt;</a>&nbsp;&nbsp;&nbsp;RCC_Peripheral_Reset
</UL>
<BR>[Called By]<UL><LI><a href="#[88]">&gt;&gt;</a>&nbsp;&nbsp;&nbsp;Beep_Init
</UL>

<P><STRONG><a name="[107]"></a>BEEPER_Frequency_Select</STRONG> (Thumb, 22 bytes, Stack size 0 bytes, n32g003_beeper.o(.text))
<BR><BR>[Called By]<UL><LI><a href="#[88]">&gt;&gt;</a>&nbsp;&nbsp;&nbsp;Beep_Init
<LI><a href="#[109]">&gt;&gt;</a>&nbsp;&nbsp;&nbsp;beep_set_freq
</UL>

<P><STRONG><a name="[108]"></a>BEEPER_Inverted_Enable</STRONG> (Thumb, 14 bytes, Stack size 0 bytes, n32g003_beeper.o(.text))
<BR><BR>[Called By]<UL><LI><a href="#[88]">&gt;&gt;</a>&nbsp;&nbsp;&nbsp;Beep_Init
</UL>

<P><STRONG><a name="[19e]"></a>BEEPER_Inverted_Disable</STRONG> (Thumb, 14 bytes, Stack size 0 bytes, n32g003_beeper.o(.text), UNUSED)

<P><STRONG><a name="[25]"></a>BEEPER_Enable</STRONG> (Thumb, 14 bytes, Stack size 0 bytes, n32g003_beeper.o(.text))
<BR><BR>[Called By]<UL><LI><a href="#[b]">&gt;&gt;</a>&nbsp;&nbsp;&nbsp;TIM1_BRK_UP_TRG_COM_IRQHandler
</UL>

<P><STRONG><a name="[26]"></a>BEEPER_Disable</STRONG> (Thumb, 14 bytes, Stack size 0 bytes, n32g003_beeper.o(.text))
<BR><BR>[Called By]<UL><LI><a href="#[b]">&gt;&gt;</a>&nbsp;&nbsp;&nbsp;TIM1_BRK_UP_TRG_COM_IRQHandler
</UL>

<P><STRONG><a name="[68]"></a>NVIC_Initializes</STRONG> (Thumb, 64 bytes, Stack size 8 bytes, misc.o(.text))
<BR><BR>[Stack]<UL><LI>Max Depth = 16<LI>Call Chain = NVIC_Initializes &rArr; NVIC_SetPriority
</UL>
<BR>[Calls]<UL><LI><a href="#[69]">&gt;&gt;</a>&nbsp;&nbsp;&nbsp;NVIC_SetPriority
</UL>
<BR>[Called By]<UL><LI><a href="#[91]">&gt;&gt;</a>&nbsp;&nbsp;&nbsp;UART1_Comm_Init
<LI><a href="#[8d]">&gt;&gt;</a>&nbsp;&nbsp;&nbsp;TIM1_Config
<LI><a href="#[90]">&gt;&gt;</a>&nbsp;&nbsp;&nbsp;BT_UART_Init
</UL>

<P><STRONG><a name="[19f]"></a>NVIC_System_LowPower_Enable</STRONG> (Thumb, 12 bytes, Stack size 0 bytes, misc.o(.text), UNUSED)

<P><STRONG><a name="[1a0]"></a>NVIC_System_Low_Power_Disable</STRONG> (Thumb, 12 bytes, Stack size 0 bytes, misc.o(.text), UNUSED)

<P><STRONG><a name="[1a1]"></a>SysTick_Clock_Source_Set</STRONG> (Thumb, 32 bytes, Stack size 0 bytes, misc.o(.text), UNUSED)

<P><STRONG><a name="[1a2]"></a>FLASH_Latency_Set</STRONG> (Thumb, 24 bytes, Stack size 0 bytes, n32g003_flash.o(.text), UNUSED)

<P><STRONG><a name="[1a3]"></a>FLASH_Latency_Get</STRONG> (Thumb, 10 bytes, Stack size 0 bytes, n32g003_flash.o(.text), UNUSED)

<P><STRONG><a name="[1a4]"></a>FLASH_Prefetch_Buffer_Enable</STRONG> (Thumb, 14 bytes, Stack size 0 bytes, n32g003_flash.o(.text), UNUSED)

<P><STRONG><a name="[1a5]"></a>FLASH_Prefetch_Buffer_Disable</STRONG> (Thumb, 14 bytes, Stack size 0 bytes, n32g003_flash.o(.text), UNUSED)

<P><STRONG><a name="[105]"></a>FLASH_Unlock</STRONG> (Thumb, 12 bytes, Stack size 0 bytes, n32g003_flash.o(.text))
<BR><BR>[Called By]<UL><LI><a href="#[9d]">&gt;&gt;</a>&nbsp;&nbsp;&nbsp;Pairing_MarkDone
<LI><a href="#[c9]">&gt;&gt;</a>&nbsp;&nbsp;&nbsp;AddrStore_Save
</UL>

<P><STRONG><a name="[106]"></a>FLASH_Lock</STRONG> (Thumb, 14 bytes, Stack size 0 bytes, n32g003_flash.o(.text))
<BR><BR>[Called By]<UL><LI><a href="#[9d]">&gt;&gt;</a>&nbsp;&nbsp;&nbsp;Pairing_MarkDone
<LI><a href="#[c9]">&gt;&gt;</a>&nbsp;&nbsp;&nbsp;AddrStore_Save
</UL>

<P><STRONG><a name="[73]"></a>Option_Bytes_Unlock</STRONG> (Thumb, 12 bytes, Stack size 0 bytes, n32g003_flash.o(.text), UNUSED)
<BR><BR>[Called By]<UL><LI><a href="#[7a]">&gt;&gt;</a>&nbsp;&nbsp;&nbsp;FLASH_Read_Out_Protection_L2_Enable
<LI><a href="#[79]">&gt;&gt;</a>&nbsp;&nbsp;&nbsp;FLASH_Read_Out_Protection_L1_Disable
<LI><a href="#[78]">&gt;&gt;</a>&nbsp;&nbsp;&nbsp;FLASH_Read_Out_Protection_L1_Enable
<LI><a href="#[77]">&gt;&gt;</a>&nbsp;&nbsp;&nbsp;FLASH_Option_Bytes_User4_RDP2_Program
<LI><a href="#[76]">&gt;&gt;</a>&nbsp;&nbsp;&nbsp;FLASH_Option_Bytes_User2_User3_Program
<LI><a href="#[75]">&gt;&gt;</a>&nbsp;&nbsp;&nbsp;FLASH_Option_Bytes_DATA_Program
<LI><a href="#[74]">&gt;&gt;</a>&nbsp;&nbsp;&nbsp;FLASH_Option_Bytes_User_RDP1_Program
<LI><a href="#[71]">&gt;&gt;</a>&nbsp;&nbsp;&nbsp;FLASH_Option_Bytes_Erase
</UL>

<P><STRONG><a name="[1a6]"></a>Option_Bytes_Lock</STRONG> (Thumb, 16 bytes, Stack size 0 bytes, n32g003_flash.o(.text), UNUSED)

<P><STRONG><a name="[1a7]"></a>Option_Bytes_Lock_Status_Get</STRONG> (Thumb, 22 bytes, Stack size 0 bytes, n32g003_flash.o(.text), UNUSED)

<P><STRONG><a name="[6b]"></a>FLASH_Status_Get</STRONG> (Thumb, 54 bytes, Stack size 0 bytes, n32g003_flash.o(.text))
<BR><BR>[Called By]<UL><LI><a href="#[6a]">&gt;&gt;</a>&nbsp;&nbsp;&nbsp;FLASH_Last_Operation_Wait
</UL>

<P><STRONG><a name="[6a]"></a>FLASH_Last_Operation_Wait</STRONG> (Thumb, 40 bytes, Stack size 8 bytes, n32g003_flash.o(.text))
<BR><BR>[Stack]<UL><LI>Max Depth = 8<LI>Call Chain = FLASH_Last_Operation_Wait
</UL>
<BR>[Calls]<UL><LI><a href="#[6b]">&gt;&gt;</a>&nbsp;&nbsp;&nbsp;FLASH_Status_Get
</UL>
<BR>[Called By]<UL><LI><a href="#[7a]">&gt;&gt;</a>&nbsp;&nbsp;&nbsp;FLASH_Read_Out_Protection_L2_Enable
<LI><a href="#[79]">&gt;&gt;</a>&nbsp;&nbsp;&nbsp;FLASH_Read_Out_Protection_L1_Disable
<LI><a href="#[78]">&gt;&gt;</a>&nbsp;&nbsp;&nbsp;FLASH_Read_Out_Protection_L1_Enable
<LI><a href="#[77]">&gt;&gt;</a>&nbsp;&nbsp;&nbsp;FLASH_Option_Bytes_User4_RDP2_Program
<LI><a href="#[76]">&gt;&gt;</a>&nbsp;&nbsp;&nbsp;FLASH_Option_Bytes_User2_User3_Program
<LI><a href="#[75]">&gt;&gt;</a>&nbsp;&nbsp;&nbsp;FLASH_Option_Bytes_DATA_Program
<LI><a href="#[74]">&gt;&gt;</a>&nbsp;&nbsp;&nbsp;FLASH_Option_Bytes_User_RDP1_Program
<LI><a href="#[71]">&gt;&gt;</a>&nbsp;&nbsp;&nbsp;FLASH_Option_Bytes_Erase
<LI><a href="#[70]">&gt;&gt;</a>&nbsp;&nbsp;&nbsp;FLASH_Word_Program
<LI><a href="#[6f]">&gt;&gt;</a>&nbsp;&nbsp;&nbsp;FLASH_48Page_Mass_Erase
<LI><a href="#[6e]">&gt;&gt;</a>&nbsp;&nbsp;&nbsp;FLASH_Mass_Erase
<LI><a href="#[6c]">&gt;&gt;</a>&nbsp;&nbsp;&nbsp;FLASH_One_Page_Erase
</UL>

<P><STRONG><a name="[6d]"></a>FLASH_Flag_Status_Clear</STRONG> (Thumb, 12 bytes, Stack size 0 bytes, n32g003_flash.o(.text))
<BR><BR>[Called By]<UL><LI><a href="#[7a]">&gt;&gt;</a>&nbsp;&nbsp;&nbsp;FLASH_Read_Out_Protection_L2_Enable
<LI><a href="#[79]">&gt;&gt;</a>&nbsp;&nbsp;&nbsp;FLASH_Read_Out_Protection_L1_Disable
<LI><a href="#[78]">&gt;&gt;</a>&nbsp;&nbsp;&nbsp;FLASH_Read_Out_Protection_L1_Enable
<LI><a href="#[77]">&gt;&gt;</a>&nbsp;&nbsp;&nbsp;FLASH_Option_Bytes_User4_RDP2_Program
<LI><a href="#[76]">&gt;&gt;</a>&nbsp;&nbsp;&nbsp;FLASH_Option_Bytes_User2_User3_Program
<LI><a href="#[75]">&gt;&gt;</a>&nbsp;&nbsp;&nbsp;FLASH_Option_Bytes_DATA_Program
<LI><a href="#[74]">&gt;&gt;</a>&nbsp;&nbsp;&nbsp;FLASH_Option_Bytes_User_RDP1_Program
<LI><a href="#[71]">&gt;&gt;</a>&nbsp;&nbsp;&nbsp;FLASH_Option_Bytes_Erase
<LI><a href="#[70]">&gt;&gt;</a>&nbsp;&nbsp;&nbsp;FLASH_Word_Program
<LI><a href="#[6f]">&gt;&gt;</a>&nbsp;&nbsp;&nbsp;FLASH_48Page_Mass_Erase
<LI><a href="#[6e]">&gt;&gt;</a>&nbsp;&nbsp;&nbsp;FLASH_Mass_Erase
<LI><a href="#[6c]">&gt;&gt;</a>&nbsp;&nbsp;&nbsp;FLASH_One_Page_Erase
</UL>

<P><STRONG><a name="[6c]"></a>FLASH_One_Page_Erase</STRONG> (Thumb, 98 bytes, Stack size 12 bytes, n32g003_flash.o(.text))
<BR><BR>[Stack]<UL><LI>Max Depth = 20<LI>Call Chain = FLASH_One_Page_Erase &rArr; FLASH_Last_Operation_Wait
</UL>
<BR>[Calls]<UL><LI><a href="#[6d]">&gt;&gt;</a>&nbsp;&nbsp;&nbsp;FLASH_Flag_Status_Clear
<LI><a href="#[6a]">&gt;&gt;</a>&nbsp;&nbsp;&nbsp;FLASH_Last_Operation_Wait
</UL>
<BR>[Called By]<UL><LI><a href="#[9d]">&gt;&gt;</a>&nbsp;&nbsp;&nbsp;Pairing_MarkDone
<LI><a href="#[c9]">&gt;&gt;</a>&nbsp;&nbsp;&nbsp;AddrStore_Save
</UL>

<P><STRONG><a name="[6e]"></a>FLASH_Mass_Erase</STRONG> (Thumb, 74 bytes, Stack size 8 bytes, n32g003_flash.o(.text), UNUSED)
<BR><BR>[Calls]<UL><LI><a href="#[6d]">&gt;&gt;</a>&nbsp;&nbsp;&nbsp;FLASH_Flag_Status_Clear
<LI><a href="#[6a]">&gt;&gt;</a>&nbsp;&nbsp;&nbsp;FLASH_Last_Operation_Wait
</UL>

<P><STRONG><a name="[6f]"></a>FLASH_48Page_Mass_Erase</STRONG> (Thumb, 76 bytes, Stack size 8 bytes, n32g003_flash.o(.text), UNUSED)
<BR><BR>[Calls]<UL><LI><a href="#[6d]">&gt;&gt;</a>&nbsp;&nbsp;&nbsp;FLASH_Flag_Status_Clear
<LI><a href="#[6a]">&gt;&gt;</a>&nbsp;&nbsp;&nbsp;FLASH_Last_Operation_Wait
</UL>

<P><STRONG><a name="[70]"></a>FLASH_Word_Program</STRONG> (Thumb, 78 bytes, Stack size 16 bytes, n32g003_flash.o(.text))
<BR><BR>[Stack]<UL><LI>Max Depth = 24<LI>Call Chain = FLASH_Word_Program &rArr; FLASH_Last_Operation_Wait
</UL>
<BR>[Calls]<UL><LI><a href="#[6d]">&gt;&gt;</a>&nbsp;&nbsp;&nbsp;FLASH_Flag_Status_Clear
<LI><a href="#[6a]">&gt;&gt;</a>&nbsp;&nbsp;&nbsp;FLASH_Last_Operation_Wait
</UL>
<BR>[Called By]<UL><LI><a href="#[9d]">&gt;&gt;</a>&nbsp;&nbsp;&nbsp;Pairing_MarkDone
<LI><a href="#[c9]">&gt;&gt;</a>&nbsp;&nbsp;&nbsp;AddrStore_Save
</UL>

<P><STRONG><a name="[72]"></a>FLASH_Read_Out_Protection_L2_Status_Get</STRONG> (Thumb, 20 bytes, Stack size 0 bytes, n32g003_flash.o(.text), UNUSED)
<BR><BR>[Called By]<UL><LI><a href="#[7a]">&gt;&gt;</a>&nbsp;&nbsp;&nbsp;FLASH_Read_Out_Protection_L2_Enable
<LI><a href="#[79]">&gt;&gt;</a>&nbsp;&nbsp;&nbsp;FLASH_Read_Out_Protection_L1_Disable
<LI><a href="#[78]">&gt;&gt;</a>&nbsp;&nbsp;&nbsp;FLASH_Read_Out_Protection_L1_Enable
<LI><a href="#[77]">&gt;&gt;</a>&nbsp;&nbsp;&nbsp;FLASH_Option_Bytes_User4_RDP2_Program
<LI><a href="#[76]">&gt;&gt;</a>&nbsp;&nbsp;&nbsp;FLASH_Option_Bytes_User2_User3_Program
<LI><a href="#[75]">&gt;&gt;</a>&nbsp;&nbsp;&nbsp;FLASH_Option_Bytes_DATA_Program
<LI><a href="#[74]">&gt;&gt;</a>&nbsp;&nbsp;&nbsp;FLASH_Option_Bytes_User_RDP1_Program
<LI><a href="#[71]">&gt;&gt;</a>&nbsp;&nbsp;&nbsp;FLASH_Option_Bytes_Erase
</UL>

<P><STRONG><a name="[71]"></a>FLASH_Option_Bytes_Erase</STRONG> (Thumb, 118 bytes, Stack size 8 bytes, n32g003_flash.o(.text), UNUSED)
<BR><BR>[Calls]<UL><LI><a href="#[72]">&gt;&gt;</a>&nbsp;&nbsp;&nbsp;FLASH_Read_Out_Protection_L2_Status_Get
<LI><a href="#[6d]">&gt;&gt;</a>&nbsp;&nbsp;&nbsp;FLASH_Flag_Status_Clear
<LI><a href="#[6a]">&gt;&gt;</a>&nbsp;&nbsp;&nbsp;FLASH_Last_Operation_Wait
<LI><a href="#[73]">&gt;&gt;</a>&nbsp;&nbsp;&nbsp;Option_Bytes_Unlock
</UL>

<P><STRONG><a name="[74]"></a>FLASH_Option_Bytes_User_RDP1_Program</STRONG> (Thumb, 112 bytes, Stack size 36 bytes, n32g003_flash.o(.text), UNUSED)
<BR><BR>[Calls]<UL><LI><a href="#[72]">&gt;&gt;</a>&nbsp;&nbsp;&nbsp;FLASH_Read_Out_Protection_L2_Status_Get
<LI><a href="#[6d]">&gt;&gt;</a>&nbsp;&nbsp;&nbsp;FLASH_Flag_Status_Clear
<LI><a href="#[6a]">&gt;&gt;</a>&nbsp;&nbsp;&nbsp;FLASH_Last_Operation_Wait
<LI><a href="#[73]">&gt;&gt;</a>&nbsp;&nbsp;&nbsp;Option_Bytes_Unlock
</UL>

<P><STRONG><a name="[75]"></a>FLASH_Option_Bytes_DATA_Program</STRONG> (Thumb, 92 bytes, Stack size 16 bytes, n32g003_flash.o(.text), UNUSED)
<BR><BR>[Calls]<UL><LI><a href="#[72]">&gt;&gt;</a>&nbsp;&nbsp;&nbsp;FLASH_Read_Out_Protection_L2_Status_Get
<LI><a href="#[6d]">&gt;&gt;</a>&nbsp;&nbsp;&nbsp;FLASH_Flag_Status_Clear
<LI><a href="#[6a]">&gt;&gt;</a>&nbsp;&nbsp;&nbsp;FLASH_Last_Operation_Wait
<LI><a href="#[73]">&gt;&gt;</a>&nbsp;&nbsp;&nbsp;Option_Bytes_Unlock
</UL>

<P><STRONG><a name="[76]"></a>FLASH_Option_Bytes_User2_User3_Program</STRONG> (Thumb, 132 bytes, Stack size 36 bytes, n32g003_flash.o(.text), UNUSED)
<BR><BR>[Calls]<UL><LI><a href="#[72]">&gt;&gt;</a>&nbsp;&nbsp;&nbsp;FLASH_Read_Out_Protection_L2_Status_Get
<LI><a href="#[6d]">&gt;&gt;</a>&nbsp;&nbsp;&nbsp;FLASH_Flag_Status_Clear
<LI><a href="#[6a]">&gt;&gt;</a>&nbsp;&nbsp;&nbsp;FLASH_Last_Operation_Wait
<LI><a href="#[73]">&gt;&gt;</a>&nbsp;&nbsp;&nbsp;Option_Bytes_Unlock
</UL>

<P><STRONG><a name="[77]"></a>FLASH_Option_Bytes_User4_RDP2_Program</STRONG> (Thumb, 92 bytes, Stack size 16 bytes, n32g003_flash.o(.text), UNUSED)
<BR><BR>[Calls]<UL><LI><a href="#[72]">&gt;&gt;</a>&nbsp;&nbsp;&nbsp;FLASH_Read_Out_Protection_L2_Status_Get
<LI><a href="#[6d]">&gt;&gt;</a>&nbsp;&nbsp;&nbsp;FLASH_Flag_Status_Clear
<LI><a href="#[6a]">&gt;&gt;</a>&nbsp;&nbsp;&nbsp;FLASH_Last_Operation_Wait
<LI><a href="#[73]">&gt;&gt;</a>&nbsp;&nbsp;&nbsp;Option_Bytes_Unlock
</UL>

<P><STRONG><a name="[78]"></a>FLASH_Read_Out_Protection_L1_Enable</STRONG> (Thumb, 176 bytes, Stack size 12 bytes, n32g003_flash.o(.text), UNUSED)
<BR><BR>[Calls]<UL><LI><a href="#[72]">&gt;&gt;</a>&nbsp;&nbsp;&nbsp;FLASH_Read_Out_Protection_L2_Status_Get
<LI><a href="#[6d]">&gt;&gt;</a>&nbsp;&nbsp;&nbsp;FLASH_Flag_Status_Clear
<LI><a href="#[6a]">&gt;&gt;</a>&nbsp;&nbsp;&nbsp;FLASH_Last_Operation_Wait
<LI><a href="#[73]">&gt;&gt;</a>&nbsp;&nbsp;&nbsp;Option_Bytes_Unlock
</UL>

<P><STRONG><a name="[79]"></a>FLASH_Read_Out_Protection_L1_Disable</STRONG> (Thumb, 174 bytes, Stack size 12 bytes, n32g003_flash.o(.text), UNUSED)
<BR><BR>[Calls]<UL><LI><a href="#[72]">&gt;&gt;</a>&nbsp;&nbsp;&nbsp;FLASH_Read_Out_Protection_L2_Status_Get
<LI><a href="#[6d]">&gt;&gt;</a>&nbsp;&nbsp;&nbsp;FLASH_Flag_Status_Clear
<LI><a href="#[6a]">&gt;&gt;</a>&nbsp;&nbsp;&nbsp;FLASH_Last_Operation_Wait
<LI><a href="#[73]">&gt;&gt;</a>&nbsp;&nbsp;&nbsp;Option_Bytes_Unlock
</UL>

<P><STRONG><a name="[7b]"></a>FLASH_Read_Out_Protection_Status_Get</STRONG> (Thumb, 20 bytes, Stack size 0 bytes, n32g003_flash.o(.text), UNUSED)
<BR><BR>[Called By]<UL><LI><a href="#[7a]">&gt;&gt;</a>&nbsp;&nbsp;&nbsp;FLASH_Read_Out_Protection_L2_Enable
</UL>

<P><STRONG><a name="[7a]"></a>FLASH_Read_Out_Protection_L2_Enable</STRONG> (Thumb, 208 bytes, Stack size 12 bytes, n32g003_flash.o(.text), UNUSED)
<BR><BR>[Calls]<UL><LI><a href="#[7b]">&gt;&gt;</a>&nbsp;&nbsp;&nbsp;FLASH_Read_Out_Protection_Status_Get
<LI><a href="#[72]">&gt;&gt;</a>&nbsp;&nbsp;&nbsp;FLASH_Read_Out_Protection_L2_Status_Get
<LI><a href="#[6d]">&gt;&gt;</a>&nbsp;&nbsp;&nbsp;FLASH_Flag_Status_Clear
<LI><a href="#[6a]">&gt;&gt;</a>&nbsp;&nbsp;&nbsp;FLASH_Last_Operation_Wait
<LI><a href="#[73]">&gt;&gt;</a>&nbsp;&nbsp;&nbsp;Option_Bytes_Unlock
</UL>

<P><STRONG><a name="[1a8]"></a>FLASH_Option_Bytes_User_Get</STRONG> (Thumb, 22 bytes, Stack size 0 bytes, n32g003_flash.o(.text), UNUSED)

<P><STRONG><a name="[1a9]"></a>FLASH_Option_Bytes_User2_Get</STRONG> (Thumb, 8 bytes, Stack size 0 bytes, n32g003_flash.o(.text), UNUSED)

<P><STRONG><a name="[1aa]"></a>FLASH_User_LVRLS_Get</STRONG> (Thumb, 14 bytes, Stack size 0 bytes, n32g003_flash.o(.text), UNUSED)

<P><STRONG><a name="[1ab]"></a>FLASH_Option_Bytes_User3_Get</STRONG> (Thumb, 22 bytes, Stack size 0 bytes, n32g003_flash.o(.text), UNUSED)

<P><STRONG><a name="[1ac]"></a>FLASH_Option_Bytes_User4_Get</STRONG> (Thumb, 14 bytes, Stack size 0 bytes, n32g003_flash.o(.text), UNUSED)

<P><STRONG><a name="[1ad]"></a>FLASH_Prefetch_Buffer_Status_Get</STRONG> (Thumb, 20 bytes, Stack size 0 bytes, n32g003_flash.o(.text), UNUSED)

<P><STRONG><a name="[1ae]"></a>FLASH_Interrupt_Enable</STRONG> (Thumb, 12 bytes, Stack size 0 bytes, n32g003_flash.o(.text), UNUSED)

<P><STRONG><a name="[1af]"></a>FLASH_Interrupt_Disable</STRONG> (Thumb, 12 bytes, Stack size 0 bytes, n32g003_flash.o(.text), UNUSED)

<P><STRONG><a name="[1b0]"></a>FLASH_Flag_Status_Get</STRONG> (Thumb, 20 bytes, Stack size 0 bytes, n32g003_flash.o(.text), UNUSED)

<P><STRONG><a name="[1b1]"></a>FLASH_Option_Bytes_Flag_Get</STRONG> (Thumb, 20 bytes, Stack size 0 bytes, n32g003_flash.o(.text), UNUSED)

<P><STRONG><a name="[1b2]"></a>FLASH_VTOR_Address_Set</STRONG> (Thumb, 10 bytes, Stack size 0 bytes, n32g003_flash.o(.text), UNUSED)

<P><STRONG><a name="[82]"></a>GPIO_Init</STRONG> (Thumb, 40 bytes, Stack size 32 bytes, main.o(.text))
<BR><BR>[Stack]<UL><LI>Max Depth = 68<LI>Call Chain = GPIO_Init &rArr; GPIO_Peripheral_Initialize &rArr; GPIO_Mode_Set
</UL>
<BR>[Calls]<UL><LI><a href="#[83]">&gt;&gt;</a>&nbsp;&nbsp;&nbsp;RCC_APB_Peripheral_Clock_Enable
<LI><a href="#[84]">&gt;&gt;</a>&nbsp;&nbsp;&nbsp;GPIO_Structure_Initialize
<LI><a href="#[2c]">&gt;&gt;</a>&nbsp;&nbsp;&nbsp;GPIO_Peripheral_Initialize
</UL>
<BR>[Called By]<UL><LI><a href="#[16]">&gt;&gt;</a>&nbsp;&nbsp;&nbsp;main
</UL>

<P><STRONG><a name="[16]"></a>main</STRONG> (Thumb, 608 bytes, Stack size 16 bytes, main.o(.text))
<BR><BR>[Stack]<UL><LI>Max Depth = 1212<LI>Call Chain = main &rArr; BT_SendSafetyKeyError &rArr; BT_SendTreadmillError &rArr; __aeabi_fadd &rArr; _float_epilogue
</UL>
<BR>[Calls]<UL><LI><a href="#[89]">&gt;&gt;</a>&nbsp;&nbsp;&nbsp;aip1640_init
<LI><a href="#[94]">&gt;&gt;</a>&nbsp;&nbsp;&nbsp;aip1640_display
<LI><a href="#[96]">&gt;&gt;</a>&nbsp;&nbsp;&nbsp;aip1640_Display_Number5
<LI><a href="#[91]">&gt;&gt;</a>&nbsp;&nbsp;&nbsp;UART1_Comm_Init
<LI><a href="#[8d]">&gt;&gt;</a>&nbsp;&nbsp;&nbsp;TIM1_Config
<LI><a href="#[8f]">&gt;&gt;</a>&nbsp;&nbsp;&nbsp;SysTick_Delay_Ms
<LI><a href="#[a2]">&gt;&gt;</a>&nbsp;&nbsp;&nbsp;SYS_RUN_UpdateDisplay
<LI><a href="#[8e]">&gt;&gt;</a>&nbsp;&nbsp;&nbsp;SYS_RUN_Init
<LI><a href="#[9a]">&gt;&gt;</a>&nbsp;&nbsp;&nbsp;SN_Builder_Init
<LI><a href="#[8c]">&gt;&gt;</a>&nbsp;&nbsp;&nbsp;RCV315_SetAddr
<LI><a href="#[95]">&gt;&gt;</a>&nbsp;&nbsp;&nbsp;RCV315_IsPairingDone
<LI><a href="#[8a]">&gt;&gt;</a>&nbsp;&nbsp;&nbsp;RCV315_Init
<LI><a href="#[99]">&gt;&gt;</a>&nbsp;&nbsp;&nbsp;RCV315_ExitPairing
<LI><a href="#[93]">&gt;&gt;</a>&nbsp;&nbsp;&nbsp;RCV315_EnterPairing
<LI><a href="#[9b]">&gt;&gt;</a>&nbsp;&nbsp;&nbsp;Pairing_Store_Init
<LI><a href="#[9d]">&gt;&gt;</a>&nbsp;&nbsp;&nbsp;Pairing_MarkDone
<LI><a href="#[87]">&gt;&gt;</a>&nbsp;&nbsp;&nbsp;LED_On
<LI><a href="#[86]">&gt;&gt;</a>&nbsp;&nbsp;&nbsp;LED_Off
<LI><a href="#[85]">&gt;&gt;</a>&nbsp;&nbsp;&nbsp;LED_Initialize
<LI><a href="#[a3]">&gt;&gt;</a>&nbsp;&nbsp;&nbsp;CTRL_TX_Process
<LI><a href="#[92]">&gt;&gt;</a>&nbsp;&nbsp;&nbsp;CTRL_TX_Init
<LI><a href="#[88]">&gt;&gt;</a>&nbsp;&nbsp;&nbsp;Beep_Init
<LI><a href="#[97]">&gt;&gt;</a>&nbsp;&nbsp;&nbsp;Beep
<LI><a href="#[90]">&gt;&gt;</a>&nbsp;&nbsp;&nbsp;BT_UART_Init
<LI><a href="#[a4]">&gt;&gt;</a>&nbsp;&nbsp;&nbsp;BT_SendTelemetry
<LI><a href="#[9f]">&gt;&gt;</a>&nbsp;&nbsp;&nbsp;BT_SendSafetyKeyError
<LI><a href="#[a0]">&gt;&gt;</a>&nbsp;&nbsp;&nbsp;BT_SendOverheatDownspeed
<LI><a href="#[a5]">&gt;&gt;</a>&nbsp;&nbsp;&nbsp;BT_SendHeartbeat
<LI><a href="#[9e]">&gt;&gt;</a>&nbsp;&nbsp;&nbsp;BT_SendDeviceError
<LI><a href="#[a1]">&gt;&gt;</a>&nbsp;&nbsp;&nbsp;BT_SendAck
<LI><a href="#[9c]">&gt;&gt;</a>&nbsp;&nbsp;&nbsp;BT_Init
<LI><a href="#[8b]">&gt;&gt;</a>&nbsp;&nbsp;&nbsp;AddrStore_Load
<LI><a href="#[82]">&gt;&gt;</a>&nbsp;&nbsp;&nbsp;GPIO_Init
<LI><a href="#[7c]">&gt;&gt;</a>&nbsp;&nbsp;&nbsp;APP_IWDG_Init
<LI><a href="#[80]">&gt;&gt;</a>&nbsp;&nbsp;&nbsp;IWDG_Key_Reload
<LI><a href="#[28]">&gt;&gt;</a>&nbsp;&nbsp;&nbsp;SYS_RUN_Process
<LI><a href="#[98]">&gt;&gt;</a>&nbsp;&nbsp;&nbsp;__aeabi_memclr
</UL>
<BR>[Address Reference Count : 1]<UL><LI> entry9a.o(.ARM.Collect$$$$0000000B)
</UL>
<P><STRONG><a name="[85]"></a>LED_Initialize</STRONG> (Thumb, 68 bytes, Stack size 40 bytes, bsp_led.o(.text))
<BR><BR>[Stack]<UL><LI>Max Depth = 76<LI>Call Chain = LED_Initialize &rArr; GPIO_Peripheral_Initialize &rArr; GPIO_Mode_Set
</UL>
<BR>[Calls]<UL><LI><a href="#[83]">&gt;&gt;</a>&nbsp;&nbsp;&nbsp;RCC_APB_Peripheral_Clock_Enable
<LI><a href="#[84]">&gt;&gt;</a>&nbsp;&nbsp;&nbsp;GPIO_Structure_Initialize
<LI><a href="#[2c]">&gt;&gt;</a>&nbsp;&nbsp;&nbsp;GPIO_Peripheral_Initialize
</UL>
<BR>[Called By]<UL><LI><a href="#[16]">&gt;&gt;</a>&nbsp;&nbsp;&nbsp;main
</UL>

<P><STRONG><a name="[a6]"></a>LED_Toggle</STRONG> (Thumb, 16 bytes, Stack size 16 bytes, bsp_led.o(.text), UNUSED)
<BR><BR>[Calls]<UL><LI><a href="#[a7]">&gt;&gt;</a>&nbsp;&nbsp;&nbsp;GPIO_Pin_Toggle
</UL>

<P><STRONG><a name="[87]"></a>LED_On</STRONG> (Thumb, 16 bytes, Stack size 16 bytes, bsp_led.o(.text))
<BR><BR>[Stack]<UL><LI>Max Depth = 16<LI>Call Chain = LED_On
</UL>
<BR>[Calls]<UL><LI><a href="#[a8]">&gt;&gt;</a>&nbsp;&nbsp;&nbsp;GPIO_Pins_Set
</UL>
<BR>[Called By]<UL><LI><a href="#[16]">&gt;&gt;</a>&nbsp;&nbsp;&nbsp;main
</UL>

<P><STRONG><a name="[86]"></a>LED_Off</STRONG> (Thumb, 16 bytes, Stack size 16 bytes, bsp_led.o(.text))
<BR><BR>[Stack]<UL><LI>Max Depth = 16<LI>Call Chain = LED_Off
</UL>
<BR>[Calls]<UL><LI><a href="#[a9]">&gt;&gt;</a>&nbsp;&nbsp;&nbsp;GPIO_Pins_Reset
</UL>
<BR>[Called By]<UL><LI><a href="#[16]">&gt;&gt;</a>&nbsp;&nbsp;&nbsp;main
</UL>

<P><STRONG><a name="[89]"></a>aip1640_init</STRONG> (Thumb, 52 bytes, Stack size 32 bytes, aip1640.o(.text))
<BR><BR>[Stack]<UL><LI>Max Depth = 68<LI>Call Chain = aip1640_init &rArr; GPIO_Peripheral_Initialize &rArr; GPIO_Mode_Set
</UL>
<BR>[Calls]<UL><LI><a href="#[83]">&gt;&gt;</a>&nbsp;&nbsp;&nbsp;RCC_APB_Peripheral_Clock_Enable
<LI><a href="#[a8]">&gt;&gt;</a>&nbsp;&nbsp;&nbsp;GPIO_Pins_Set
<LI><a href="#[84]">&gt;&gt;</a>&nbsp;&nbsp;&nbsp;GPIO_Structure_Initialize
<LI><a href="#[2c]">&gt;&gt;</a>&nbsp;&nbsp;&nbsp;GPIO_Peripheral_Initialize
</UL>
<BR>[Called By]<UL><LI><a href="#[16]">&gt;&gt;</a>&nbsp;&nbsp;&nbsp;main
</UL>

<P><STRONG><a name="[ab]"></a>aip1640_delay_us</STRONG> (Thumb, 36 bytes, Stack size 8 bytes, aip1640.o(.text))
<BR><BR>[Stack]<UL><LI>Max Depth = 8<LI>Call Chain = aip1640_delay_us
</UL>
<BR>[Called By]<UL><LI><a href="#[ad]">&gt;&gt;</a>&nbsp;&nbsp;&nbsp;aip1640_write_data
<LI><a href="#[ac]">&gt;&gt;</a>&nbsp;&nbsp;&nbsp;aip1640_stop
<LI><a href="#[aa]">&gt;&gt;</a>&nbsp;&nbsp;&nbsp;aip1640_start
</UL>

<P><STRONG><a name="[aa]"></a>aip1640_start</STRONG> (Thumb, 40 bytes, Stack size 8 bytes, aip1640.o(.text))
<BR><BR>[Stack]<UL><LI>Max Depth = 16<LI>Call Chain = aip1640_start &rArr; aip1640_delay_us
</UL>
<BR>[Calls]<UL><LI><a href="#[ab]">&gt;&gt;</a>&nbsp;&nbsp;&nbsp;aip1640_delay_us
<LI><a href="#[a9]">&gt;&gt;</a>&nbsp;&nbsp;&nbsp;GPIO_Pins_Reset
<LI><a href="#[a8]">&gt;&gt;</a>&nbsp;&nbsp;&nbsp;GPIO_Pins_Set
</UL>
<BR>[Called By]<UL><LI><a href="#[94]">&gt;&gt;</a>&nbsp;&nbsp;&nbsp;aip1640_display
</UL>

<P><STRONG><a name="[ac]"></a>aip1640_stop</STRONG> (Thumb, 46 bytes, Stack size 8 bytes, aip1640.o(.text))
<BR><BR>[Stack]<UL><LI>Max Depth = 16<LI>Call Chain = aip1640_stop &rArr; aip1640_delay_us
</UL>
<BR>[Calls]<UL><LI><a href="#[ab]">&gt;&gt;</a>&nbsp;&nbsp;&nbsp;aip1640_delay_us
<LI><a href="#[a9]">&gt;&gt;</a>&nbsp;&nbsp;&nbsp;GPIO_Pins_Reset
<LI><a href="#[a8]">&gt;&gt;</a>&nbsp;&nbsp;&nbsp;GPIO_Pins_Set
</UL>
<BR>[Called By]<UL><LI><a href="#[94]">&gt;&gt;</a>&nbsp;&nbsp;&nbsp;aip1640_display
</UL>

[...]
<BR><BR>[Stack]<UL><LI>Max Depth = 16<LI>Call Chain = System_Clock_Set
</UL>
<BR>[Calls]<UL><LI><a href="#[20]">&gt;&gt;</a>&nbsp;&nbsp;&nbsp;RCC_Sysclk_Config
<LI><a href="#[1f]">&gt;&gt;</a>&nbsp;&nbsp;&nbsp;Systeminit_Flash_Latency_Set
</UL>
<BR>[Called By]<UL><LI><a href="#[17]">&gt;&gt;</a>&nbsp;&nbsp;&nbsp;System_Initializes
</UL>

<P><STRONG><a name="[69]"></a>NVIC_SetPriority</STRONG> (Thumb, 114 bytes, Stack size 8 bytes, misc.o(.text))
<BR><BR>[Stack]<UL><LI>Max Depth = 8<LI>Call Chain = NVIC_SetPriority
</UL>
<BR>[Called By]<UL><LI><a href="#[68]">&gt;&gt;</a>&nbsp;&nbsp;&nbsp;NVIC_Initializes
</UL>

<P><STRONG><a name="[7c]"></a>APP_IWDG_Init</STRONG> (Thumb, 30 bytes, Stack size 8 bytes, main.o(.text))
<BR><BR>[Stack]<UL><LI>Max Depth = 8<LI>Call Chain = APP_IWDG_Init
</UL>
<BR>[Calls]<UL><LI><a href="#[81]">&gt;&gt;</a>&nbsp;&nbsp;&nbsp;IWDG_Enable
<LI><a href="#[80]">&gt;&gt;</a>&nbsp;&nbsp;&nbsp;IWDG_Key_Reload
<LI><a href="#[7f]">&gt;&gt;</a>&nbsp;&nbsp;&nbsp;IWDG_Counter_Reload
<LI><a href="#[7e]">&gt;&gt;</a>&nbsp;&nbsp;&nbsp;IWDG_Prescaler_Division_Set
<LI><a href="#[7d]">&gt;&gt;</a>&nbsp;&nbsp;&nbsp;IWDG_Write_Protection_Disable
</UL>
<BR>[Called By]<UL><LI><a href="#[16]">&gt;&gt;</a>&nbsp;&nbsp;&nbsp;main
</UL>

<P><STRONG><a name="[ce]"></a>SYS_RUN_GetThermalSpeedMax</STRONG> (Thumb, 32 bytes, Stack size 0 bytes, sys_run.o(.text))
<BR><BR>[Called By]<UL><LI><a href="#[28]">&gt;&gt;</a>&nbsp;&nbsp;&nbsp;SYS_RUN_Process
</UL>

<P><STRONG><a name="[cc]"></a>key_to_event</STRONG> (Thumb, 38 bytes, Stack size 0 bytes, sys_run.o(.text))
<BR><BR>[Called By]<UL><LI><a href="#[28]">&gt;&gt;</a>&nbsp;&nbsp;&nbsp;SYS_RUN_Process
</UL>

<P><STRONG><a name="[b4]"></a>seg_show_time</STRONG> (Thumb, 324 bytes, Stack size 24 bytes, sys_run.o(.text))
<BR><BR>[Stack]<UL><LI>Max Depth = 52<LI>Call Chain = seg_show_time &rArr; __aeabi_idivmod &rArr; __aeabi_uidivmod
</UL>
<BR>[Calls]<UL><LI><a href="#[98]">&gt;&gt;</a>&nbsp;&nbsp;&nbsp;__aeabi_memclr
<LI><a href="#[b5]">&gt;&gt;</a>&nbsp;&nbsp;&nbsp;__aeabi_idivmod
</UL>
<BR>[Called By]<UL><LI><a href="#[a2]">&gt;&gt;</a>&nbsp;&nbsp;&nbsp;SYS_RUN_UpdateDisplay
</UL>

<P><STRONG><a name="[b6]"></a>seg_show_speed</STRONG> (Thumb, 104 bytes, Stack size 32 bytes, sys_run.o(.text))
<BR><BR>[Stack]<UL><LI>Max Depth = 68<LI>Call Chain = seg_show_speed &rArr; __aeabi_fadd &rArr; _float_epilogue
</UL>
<BR>[Calls]<UL><LI><a href="#[af]">&gt;&gt;</a>&nbsp;&nbsp;&nbsp;__aeabi_fadd
<LI><a href="#[b0]">&gt;&gt;</a>&nbsp;&nbsp;&nbsp;__aeabi_cfrcmple
<LI><a href="#[b3]">&gt;&gt;</a>&nbsp;&nbsp;&nbsp;__aeabi_cfcmple
<LI><a href="#[98]">&gt;&gt;</a>&nbsp;&nbsp;&nbsp;__aeabi_memclr
<LI><a href="#[b5]">&gt;&gt;</a>&nbsp;&nbsp;&nbsp;__aeabi_idivmod
<LI><a href="#[b7]">&gt;&gt;</a>&nbsp;&nbsp;&nbsp;__aeabi_fmul
<LI><a href="#[b8]">&gt;&gt;</a>&nbsp;&nbsp;&nbsp;__aeabi_f2uiz
</UL>
<BR>[Called By]<UL><LI><a href="#[a2]">&gt;&gt;</a>&nbsp;&nbsp;&nbsp;SYS_RUN_UpdateDisplay
</UL>

<P><STRONG><a name="[bc]"></a>seg_show_pause</STRONG> (Thumb, 24 bytes, Stack size 0 bytes, sys_run.o(.text))
<BR><BR>[Called By]<UL><LI><a href="#[a2]">&gt;&gt;</a>&nbsp;&nbsp;&nbsp;SYS_RUN_UpdateDisplay
</UL>

<P><STRONG><a name="[b9]"></a>seg_show_distance</STRONG> (Thumb, 182 bytes, Stack size 24 bytes, sys_run.o(.text))
<BR><BR>[Stack]<UL><LI>Max Depth = 60<LI>Call Chain = seg_show_distance &rArr; __aeabi_fadd &rArr; _float_epilogue
</UL>
<BR>[Calls]<UL><LI><a href="#[af]">&gt;&gt;</a>&nbsp;&nbsp;&nbsp;__aeabi_fadd
<LI><a href="#[b0]">&gt;&gt;</a>&nbsp;&nbsp;&nbsp;__aeabi_cfrcmple
<LI><a href="#[b3]">&gt;&gt;</a>&nbsp;&nbsp;&nbsp;__aeabi_cfcmple
<LI><a href="#[98]">&gt;&gt;</a>&nbsp;&nbsp;&nbsp;__aeabi_memclr
<LI><a href="#[b5]">&gt;&gt;</a>&nbsp;&nbsp;&nbsp;__aeabi_idivmod
<LI><a href="#[b7]">&gt;&gt;</a>&nbsp;&nbsp;&nbsp;__aeabi_fmul
<LI><a href="#[b8]">&gt;&gt;</a>&nbsp;&nbsp;&nbsp;__aeabi_f2uiz
</UL>
<BR>[Called By]<UL><LI><a href="#[a2]">&gt;&gt;</a>&nbsp;&nbsp;&nbsp;SYS_RUN_UpdateDisplay
</UL>

<P><STRONG><a name="[c1]"></a>SYS_RUN_EnterState</STRONG> (Thumb, 322 bytes, Stack size 8 bytes, sys_run.o(.text))
<BR><BR>[Stack]<UL><LI>Max Depth = 16<LI>Call Chain = SYS_RUN_EnterState &rArr; __ARM_common_switch8
</UL>
<BR>[Calls]<UL><LI><a href="#[c2]">&gt;&gt;</a>&nbsp;&nbsp;&nbsp;RCV315_SetSpeedRange
<LI><a href="#[bf]">&gt;&gt;</a>&nbsp;&nbsp;&nbsp;RCV315_SetVibLevel
<LI><a href="#[c3]">&gt;&gt;</a>&nbsp;&nbsp;&nbsp;RCV315_SetSpeed
<LI><a href="#[bb]">&gt;&gt;</a>&nbsp;&nbsp;&nbsp;RCV315_GetSpeed
<LI><a href="#[c4]">&gt;&gt;</a>&nbsp;&nbsp;&nbsp;UART1_GetSteps
<LI><a href="#[ba]">&gt;&gt;</a>&nbsp;&nbsp;&nbsp;__ARM_common_switch8
</UL>
<BR>[Called By]<UL><LI><a href="#[d7]">&gt;&gt;</a>&nbsp;&nbsp;&nbsp;SYS_RUN_HandleBTCtrl
<LI><a href="#[d6]">&gt;&gt;</a>&nbsp;&nbsp;&nbsp;SYS_RUN_HandleSystemFaultRecovered
<LI><a href="#[d4]">&gt;&gt;</a>&nbsp;&nbsp;&nbsp;SYS_RUN_HandleSafetyRestored
<LI><a href="#[d1]">&gt;&gt;</a>&nbsp;&nbsp;&nbsp;SYS_RUN_HandleSafetyRemoved
<LI><a href="#[c5]">&gt;&gt;</a>&nbsp;&nbsp;&nbsp;SYS_RUN_HandleKey
<LI><a href="#[28]">&gt;&gt;</a>&nbsp;&nbsp;&nbsp;SYS_RUN_Process
</UL>

<P><STRONG><a name="[c5]"></a>SYS_RUN_HandleKey</STRONG> (Thumb, 432 bytes, Stack size 24 bytes, sys_run.o(.text))
<BR><BR>[Stack]<UL><LI>Max Depth = 60<LI>Call Chain = SYS_RUN_HandleKey &rArr; __aeabi_fsub &rArr; __aeabi_fadd &rArr; _float_epilogue
</UL>
<BR>[Calls]<UL><LI><a href="#[c1]">&gt;&gt;</a>&nbsp;&nbsp;&nbsp;SYS_RUN_EnterState
<LI><a href="#[b2]">&gt;&gt;</a>&nbsp;&nbsp;&nbsp;__aeabi_fsub
<LI><a href="#[af]">&gt;&gt;</a>&nbsp;&nbsp;&nbsp;__aeabi_fadd
<LI><a href="#[b0]">&gt;&gt;</a>&nbsp;&nbsp;&nbsp;__aeabi_cfrcmple
<LI><a href="#[b3]">&gt;&gt;</a>&nbsp;&nbsp;&nbsp;__aeabi_cfcmple
<LI><a href="#[b1]">&gt;&gt;</a>&nbsp;&nbsp;&nbsp;__aeabi_cfcmpeq
<LI><a href="#[bf]">&gt;&gt;</a>&nbsp;&nbsp;&nbsp;RCV315_SetVibLevel
<LI><a href="#[bd]">&gt;&gt;</a>&nbsp;&nbsp;&nbsp;RCV315_GetVibLevel
<LI><a href="#[c3]">&gt;&gt;</a>&nbsp;&nbsp;&nbsp;RCV315_SetSpeed
<LI><a href="#[bb]">&gt;&gt;</a>&nbsp;&nbsp;&nbsp;RCV315_GetSpeed
<LI><a href="#[c6]">&gt;&gt;</a>&nbsp;&nbsp;&nbsp;CTRL_TX_RequestFaultRecovery
<LI><a href="#[ba]">&gt;&gt;</a>&nbsp;&nbsp;&nbsp;__ARM_common_switch8
</UL>
<BR>[Called By]<UL><LI><a href="#[28]">&gt;&gt;</a>&nbsp;&nbsp;&nbsp;SYS_RUN_Process
</UL>

<P><STRONG><a name="[e2]"></a>BT_AT_ClearRx</STRONG> (Thumb, 12 bytes, Stack size 0 bytes, bt_transparent.o(.text))
<BR><BR>[Called By]<UL><LI><a href="#[9c]">&gt;&gt;</a>&nbsp;&nbsp;&nbsp;BT_Init
<LI><a href="#[e4]">&gt;&gt;</a>&nbsp;&nbsp;&nbsp;BT_AT_QueryContains
<LI><a href="#[e1]">&gt;&gt;</a>&nbsp;&nbsp;&nbsp;BT_AT_SendAndWait
</UL>

<P><STRONG><a name="[f0]"></a>BT_AT_CaptureByte</STRONG> (Thumb, 52 bytes, Stack size 0 bytes, bt_transparent.o(.text))
<BR><BR>[Called By]<UL><LI><a href="#[ef]">&gt;&gt;</a>&nbsp;&nbsp;&nbsp;BT_ParseByte
</UL>

<P><STRONG><a name="[d9]"></a>BT_AT_Contains</STRONG> (Thumb, 24 bytes, Stack size 8 bytes, bt_transparent.o(.text))
<BR><BR>[Stack]<UL><LI>Max Depth = 20<LI>Call Chain = BT_AT_Contains &rArr; strstr
</UL>
<BR>[Calls]<UL><LI><a href="#[da]">&gt;&gt;</a>&nbsp;&nbsp;&nbsp;strstr
</UL>
<BR>[Called By]<UL><LI><a href="#[db]">&gt;&gt;</a>&nbsp;&nbsp;&nbsp;BT_AT_WaitFor
</UL>

<P><STRONG><a name="[db]"></a>BT_AT_WaitFor</STRONG> (Thumb, 54 bytes, Stack size 16 bytes, bt_transparent.o(.text))
<BR><BR>[Stack]<UL><LI>Max Depth = 36<LI>Call Chain = BT_AT_WaitFor &rArr; BT_AT_Contains &rArr; strstr
</UL>
<BR>[Calls]<UL><LI><a href="#[d9]">&gt;&gt;</a>&nbsp;&nbsp;&nbsp;BT_AT_Contains
</UL>
<BR>[Called By]<UL><LI><a href="#[9c]">&gt;&gt;</a>&nbsp;&nbsp;&nbsp;BT_Init
<LI><a href="#[e4]">&gt;&gt;</a>&nbsp;&nbsp;&nbsp;BT_AT_QueryContains
<LI><a href="#[e1]">&gt;&gt;</a>&nbsp;&nbsp;&nbsp;BT_AT_SendAndWait
</UL>

<P><STRONG><a name="[e1]"></a>BT_AT_SendAndWait</STRONG> (Thumb, 28 bytes, Stack size 16 bytes, bt_transparent.o(.text))
<BR><BR>[Stack]<UL><LI>Max Depth = 52<LI>Call Chain = BT_AT_SendAndWait &rArr; BT_AT_WaitFor &rArr; BT_AT_Contains &rArr; strstr
</UL>
<BR>[Calls]<UL><LI><a href="#[df]">&gt;&gt;</a>&nbsp;&nbsp;&nbsp;UART2_SendString
<LI><a href="#[db]">&gt;&gt;</a>&nbsp;&nbsp;&nbsp;BT_AT_WaitFor
<LI><a href="#[e2]">&gt;&gt;</a>&nbsp;&nbsp;&nbsp;BT_AT_ClearRx
</UL>
<BR>[Called By]<UL><LI><a href="#[9c]">&gt;&gt;</a>&nbsp;&nbsp;&nbsp;BT_Init
<LI><a href="#[e3]">&gt;&gt;</a>&nbsp;&nbsp;&nbsp;BT_AT_SendAndWaitOk
</UL>

<P><STRONG><a name="[e3]"></a>BT_AT_SendAndWaitOk</STRONG> (Thumb, 46 bytes, Stack size 16 bytes, bt_transparent.o(.text))
<BR><BR>[Stack]<UL><LI>Max Depth = 84<LI>Call Chain = BT_AT_SendAndWaitOk &rArr; SysTick_Delay_Ms &rArr; RCC_Clocks_Frequencies_Value_Get &rArr; __aeabi_uidivmod
</UL>
<BR>[Calls]<UL><LI><a href="#[8f]">&gt;&gt;</a>&nbsp;&nbsp;&nbsp;SysTick_Delay_Ms
<LI><a href="#[e1]">&gt;&gt;</a>&nbsp;&nbsp;&nbsp;BT_AT_SendAndWait
</UL>
<BR>[Called By]<UL><LI><a href="#[9c]">&gt;&gt;</a>&nbsp;&nbsp;&nbsp;BT_Init
<LI><a href="#[f6]">&gt;&gt;</a>&nbsp;&nbsp;&nbsp;BT_ConfigUuids
</UL>

<P><STRONG><a name="[e4]"></a>BT_AT_QueryContains</STRONG> (Thumb, 28 bytes, Stack size 16 bytes, bt_transparent.o(.text))
<BR><BR>[Stack]<UL><LI>Max Depth = 52<LI>Call Chain = BT_AT_QueryContains &rArr; BT_AT_WaitFor &rArr; BT_AT_Contains &rArr; strstr
</UL>
<BR>[Calls]<UL><LI><a href="#[df]">&gt;&gt;</a>&nbsp;&nbsp;&nbsp;UART2_SendString
<LI><a href="#[db]">&gt;&gt;</a>&nbsp;&nbsp;&nbsp;BT_AT_WaitFor
<LI><a href="#[e2]">&gt;&gt;</a>&nbsp;&nbsp;&nbsp;BT_AT_ClearRx
</UL>
<BR>[Called By]<UL><LI><a href="#[f8]">&gt;&gt;</a>&nbsp;&nbsp;&nbsp;BT_VerifyUuids
</UL>

<P><STRONG><a name="[e5]"></a>BT_SendFrame</STRONG> (Thumb, 94 bytes, Stack size 32 bytes, bt_transparent.o(.text))
<BR><BR>[Stack]<UL><LI>Max Depth = 48<LI>Call Chain = BT_SendFrame &rArr; UART2_SendData
</UL>
<BR>[Calls]<UL><LI><a href="#[dc]">&gt;&gt;</a>&nbsp;&nbsp;&nbsp;UART2_SendData
</UL>
<BR>[Called By]<UL><LI><a href="#[ee]">&gt;&gt;</a>&nbsp;&nbsp;&nbsp;BT_ProcessFrame
</UL>

<P><STRONG><a name="[ec]"></a>BT_RequestAck</STRONG> (Thumb, 18 bytes, Stack size 8 bytes, bt_transparent.o(.text))
<BR><BR>[Stack]<UL><LI>Max Depth = 8<LI>Call Chain = BT_RequestAck
</UL>
<BR>[Called By]<UL><LI><a href="#[ee]">&gt;&gt;</a>&nbsp;&nbsp;&nbsp;BT_ProcessFrame
<LI><a href="#[ed]">&gt;&gt;</a>&nbsp;&nbsp;&nbsp;BT_DispatchControl
<LI><a href="#[eb]">&gt;&gt;</a>&nbsp;&nbsp;&nbsp;BT_DispatchSetSpeed
</UL>

<P><STRONG><a name="[e6]"></a>BT_CmdToAckOf</STRONG> (Thumb, 56 bytes, Stack size 4 bytes, bt_transparent.o(.text))
<BR><BR>[Stack]<UL><LI>Max Depth = 12<LI>Call Chain = BT_CmdToAckOf &rArr; __ARM_common_switch8
</UL>
<BR>[Calls]<UL><LI><a href="#[ba]">&gt;&gt;</a>&nbsp;&nbsp;&nbsp;__ARM_common_switch8
</UL>
<BR>[Called By]<UL><LI><a href="#[ed]">&gt;&gt;</a>&nbsp;&nbsp;&nbsp;BT_DispatchControl
</UL>

<P><STRONG><a name="[e7]"></a>BT_AckOfStr</STRONG> (Thumb, 68 bytes, Stack size 4 bytes, bt_transparent.o(.text))
<BR><BR>[Stack]<UL><LI>Max Depth = 12<LI>Call Chain = BT_AckOfStr &rArr; __ARM_common_switch8
</UL>
<BR>[Calls]<UL><LI><a href="#[ba]">&gt;&gt;</a>&nbsp;&nbsp;&nbsp;__ARM_common_switch8
</UL>
<BR>[Called By]<UL><LI><a href="#[a1]">&gt;&gt;</a>&nbsp;&nbsp;&nbsp;BT_SendAck
</UL>

<P><STRONG><a name="[e8]"></a>BT_ThermalNotNormal</STRONG> (Thumb, 42 bytes, Stack size 8 bytes, bt_transparent.o(.text))
<BR><BR>[Stack]<UL><LI>Max Depth = 8<LI>Call Chain = BT_ThermalNotNormal
</UL>
<BR>[Calls]<UL><LI><a href="#[cd]">&gt;&gt;</a>&nbsp;&nbsp;&nbsp;UART1_GetIPMTemp
</UL>
<BR>[Called By]<UL><LI><a href="#[ed]">&gt;&gt;</a>&nbsp;&nbsp;&nbsp;BT_DispatchControl
<LI><a href="#[eb]">&gt;&gt;</a>&nbsp;&nbsp;&nbsp;BT_DispatchSetSpeed
</UL>

<P><STRONG><a name="[e9]"></a>BT_Matrix</STRONG> (Thumb, 296 bytes, Stack size 4 bytes, bt_transparent.o(.text))
<BR><BR>[Stack]<UL><LI>Max Depth = 12<LI>Call Chain = BT_Matrix &rArr; __ARM_common_switch8
</UL>
<BR>[Calls]<UL><LI><a href="#[ba]">&gt;&gt;</a>&nbsp;&nbsp;&nbsp;__ARM_common_switch8
</UL>
<BR>[Called By]<UL><LI><a href="#[ed]">&gt;&gt;</a>&nbsp;&nbsp;&nbsp;BT_DispatchControl
<LI><a href="#[eb]">&gt;&gt;</a>&nbsp;&nbsp;&nbsp;BT_DispatchSetSpeed
</UL>

<P><STRONG><a name="[ea]"></a>BT_ApplySetSpeed</STRONG> (Thumb, 250 bytes, Stack size 24 bytes, bt_transparent.o(.text))
<BR><BR>[Stack]<UL><LI>Max Depth = 60<LI>Call Chain = BT_ApplySetSpeed &rArr; __aeabi_fadd &rArr; _float_epilogue
</UL>
<BR>[Calls]<UL><LI><a href="#[af]">&gt;&gt;</a>&nbsp;&nbsp;&nbsp;__aeabi_fadd
<LI><a href="#[b0]">&gt;&gt;</a>&nbsp;&nbsp;&nbsp;__aeabi_cfrcmple
<LI><a href="#[b3]">&gt;&gt;</a>&nbsp;&nbsp;&nbsp;__aeabi_cfcmple
<LI><a href="#[c3]">&gt;&gt;</a>&nbsp;&nbsp;&nbsp;RCV315_SetSpeed
<LI><a href="#[cf]">&gt;&gt;</a>&nbsp;&nbsp;&nbsp;__aeabi_ui2f
<LI><a href="#[b7]">&gt;&gt;</a>&nbsp;&nbsp;&nbsp;__aeabi_fmul
<LI><a href="#[d0]">&gt;&gt;</a>&nbsp;&nbsp;&nbsp;__aeabi_fdiv
<LI><a href="#[b8]">&gt;&gt;</a>&nbsp;&nbsp;&nbsp;__aeabi_f2uiz
</UL>
<BR>[Called By]<UL><LI><a href="#[eb]">&gt;&gt;</a>&nbsp;&nbsp;&nbsp;BT_DispatchSetSpeed
</UL>

<P><STRONG><a name="[eb]"></a>BT_DispatchSetSpeed</STRONG> (Thumb, 116 bytes, Stack size 16 bytes, bt_transparent.o(.text))
<BR><BR>[Stack]<UL><LI>Max Depth = 76<LI>Call Chain = BT_DispatchSetSpeed &rArr; BT_ApplySetSpeed &rArr; __aeabi_fadd &rArr; _float_epilogue
</UL>
<BR>[Calls]<UL><LI><a href="#[ea]">&gt;&gt;</a>&nbsp;&nbsp;&nbsp;BT_ApplySetSpeed
<LI><a href="#[e9]">&gt;&gt;</a>&nbsp;&nbsp;&nbsp;BT_Matrix
<LI><a href="#[e8]">&gt;&gt;</a>&nbsp;&nbsp;&nbsp;BT_ThermalNotNormal
<LI><a href="#[ec]">&gt;&gt;</a>&nbsp;&nbsp;&nbsp;BT_RequestAck
</UL>
<BR>[Called By]<UL><LI><a href="#[ee]">&gt;&gt;</a>&nbsp;&nbsp;&nbsp;BT_ProcessFrame
</UL>

<P><STRONG><a name="[ed]"></a>BT_DispatchControl</STRONG> (Thumb, 194 bytes, Stack size 16 bytes, bt_transparent.o(.text))
<BR><BR>[Stack]<UL><LI>Max Depth = 40<LI>Call Chain = BT_DispatchControl &rArr; SYS_RUN_HandleBTCtrl &rArr; SYS_RUN_EnterState &rArr; __ARM_common_switch8
</UL>
<BR>[Calls]<UL><LI><a href="#[d7]">&gt;&gt;</a>&nbsp;&nbsp;&nbsp;SYS_RUN_HandleBTCtrl
<LI><a href="#[e9]">&gt;&gt;</a>&nbsp;&nbsp;&nbsp;BT_Matrix
<LI><a href="#[e8]">&gt;&gt;</a>&nbsp;&nbsp;&nbsp;BT_ThermalNotNormal
<LI><a href="#[e6]">&gt;&gt;</a>&nbsp;&nbsp;&nbsp;BT_CmdToAckOf
<LI><a href="#[ec]">&gt;&gt;</a>&nbsp;&nbsp;&nbsp;BT_RequestAck
</UL>
<BR>[Called By]<UL><LI><a href="#[ee]">&gt;&gt;</a>&nbsp;&nbsp;&nbsp;BT_ProcessFrame
</UL>

<P><STRONG><a name="[ee]"></a>BT_ProcessFrame</STRONG> (Thumb, 200 bytes, Stack size 8 bytes, bt_transparent.o(.text))
<BR><BR>[Stack]<UL><LI>Max Depth = 84<LI>Call Chain = BT_ProcessFrame &rArr; BT_DispatchSetSpeed &rArr; BT_ApplySetSpeed &rArr; __aeabi_fadd &rArr; _float_epilogue
</UL>
<BR>[Calls]<UL><LI><a href="#[ed]">&gt;&gt;</a>&nbsp;&nbsp;&nbsp;BT_DispatchControl
<LI><a href="#[eb]">&gt;&gt;</a>&nbsp;&nbsp;&nbsp;BT_DispatchSetSpeed
<LI><a href="#[ec]">&gt;&gt;</a>&nbsp;&nbsp;&nbsp;BT_RequestAck
<LI><a href="#[e5]">&gt;&gt;</a>&nbsp;&nbsp;&nbsp;BT_SendFrame
</UL>
<BR>[Called By]<UL><LI><a href="#[ef]">&gt;&gt;</a>&nbsp;&nbsp;&nbsp;BT_ParseByte
</UL>

<P><STRONG><a name="[f6]"></a>BT_ConfigUuids</STRONG> (Thumb, 78 bytes, Stack size 88 bytes, bt_transparent.o(.text))
<BR><BR>[Stack]<UL><LI>Max Depth = 172<LI>Call Chain = BT_ConfigUuids &rArr; BT_AT_SendAndWaitOk &rArr; SysTick_Delay_Ms &rArr; RCC_Clocks_Frequencies_Value_Get &rArr; __aeabi_uidivmod
</UL>
<BR>[Calls]<UL><LI><a href="#[f7]">&gt;&gt;</a>&nbsp;&nbsp;&nbsp;__2sprintf
<LI><a href="#[e3]">&gt;&gt;</a>&nbsp;&nbsp;&nbsp;BT_AT_SendAndWaitOk
</UL>
<BR>[Called By]<UL><LI><a href="#[9c]">&gt;&gt;</a>&nbsp;&nbsp;&nbsp;BT_Init
</UL>

<P><STRONG><a name="[f8]"></a>BT_VerifyUuids</STRONG> (Thumb, 50 bytes, Stack size 8 bytes, bt_transparent.o(.text))
<BR><BR>[Stack]<UL><LI>Max Depth = 60<LI>Call Chain = BT_VerifyUuids &rArr; BT_AT_QueryContains &rArr; BT_AT_WaitFor &rArr; BT_AT_Contains &rArr; strstr
</UL>
<BR>[Calls]<UL><LI><a href="#[e4]">&gt;&gt;</a>&nbsp;&nbsp;&nbsp;BT_AT_QueryContains
</UL>
<BR>[Called By]<UL><LI><a href="#[9c]">&gt;&gt;</a>&nbsp;&nbsp;&nbsp;BT_Init
</UL>

<P><STRONG><a name="[101]"></a>BT_SendTreadmillError</STRONG> (Thumb, 484 bytes, Stack size 608 bytes, bt_transparent.o(.text))
<BR><BR>[Stack]<UL><LI>Max Depth = 644<LI>Call Chain = BT_SendTreadmillError &rArr; __aeabi_fadd &rArr; _float_epilogue
</UL>
<BR>[Calls]<UL><LI><a href="#[af]">&gt;&gt;</a>&nbsp;&nbsp;&nbsp;__aeabi_fadd
<LI><a href="#[f7]">&gt;&gt;</a>&nbsp;&nbsp;&nbsp;__2sprintf
<LI><a href="#[22]">&gt;&gt;</a>&nbsp;&nbsp;&nbsp;__aeabi_uidivmod
<LI><a href="#[df]">&gt;&gt;</a>&nbsp;&nbsp;&nbsp;UART2_SendString
<LI><a href="#[fe]">&gt;&gt;</a>&nbsp;&nbsp;&nbsp;BT_NextSeq
<LI><a href="#[b7]">&gt;&gt;</a>&nbsp;&nbsp;&nbsp;__aeabi_fmul
<LI><a href="#[b8]">&gt;&gt;</a>&nbsp;&nbsp;&nbsp;__aeabi_f2uiz
</UL>
<BR>[Called By]<UL><LI><a href="#[9f]">&gt;&gt;</a>&nbsp;&nbsp;&nbsp;BT_SendSafetyKeyError
<LI><a href="#[9e]">&gt;&gt;</a>&nbsp;&nbsp;&nbsp;BT_SendDeviceError
</UL>

<P><STRONG><a name="[109]"></a>beep_set_freq</STRONG> (Thumb, 12 bytes, Stack size 8 bytes, beep.o(.text), UNUSED)
<BR><BR>[Calls]<UL><LI><a href="#[107]">&gt;&gt;</a>&nbsp;&nbsp;&nbsp;BEEPER_Frequency_Select
</UL>
<BR>[Called By]<UL><LI><a href="#[10a]">&gt;&gt;</a>&nbsp;&nbsp;&nbsp;Beep_Freq
</UL>

<P><STRONG><a name="[111]"></a>UART1_CalcChecksum</STRONG> (Thumb, 26 bytes, Stack size 8 bytes, uart_comm.o(.text))
<BR><BR>[Stack]<UL><LI>Max Depth = 8<LI>Call Chain = UART1_CalcChecksum
</UL>
<BR>[Called By]<UL><LI><a href="#[115]">&gt;&gt;</a>&nbsp;&nbsp;&nbsp;UART1_SendEmergencyRelease
<LI><a href="#[114]">&gt;&gt;</a>&nbsp;&nbsp;&nbsp;UART1_SendEmergencyStop
<LI><a href="#[113]">&gt;&gt;</a>&nbsp;&nbsp;&nbsp;UART1_SendVibration
<LI><a href="#[112]">&gt;&gt;</a>&nbsp;&nbsp;&nbsp;UART1_SendSpeed
<LI><a href="#[110]">&gt;&gt;</a>&nbsp;&nbsp;&nbsp;UART1_SendResponse
</UL>

<P><STRONG><a name="[11a]"></a>DBG_SysTick_Config</STRONG> (Thumb, 58 bytes, Stack size 8 bytes, bsp_delay.o(.text))
<BR><BR>[Stack]<UL><LI>Max Depth = 16<LI>Call Chain = DBG_SysTick_Config &rArr; NVIC_SetPriority
</UL>
<BR>[Calls]<UL><LI><a href="#[11b]">&gt;&gt;</a>&nbsp;&nbsp;&nbsp;NVIC_SetPriority
</UL>
<BR>[Called By]<UL><LI><a href="#[8f]">&gt;&gt;</a>&nbsp;&nbsp;&nbsp;SysTick_Delay_Ms
<LI><a href="#[11c]">&gt;&gt;</a>&nbsp;&nbsp;&nbsp;SysTick_Delay_Us
</UL>

<P><STRONG><a name="[11b]"></a>NVIC_SetPriority</STRONG> (Thumb, 110 bytes, Stack size 8 bytes, bsp_delay.o(.text))
<BR><BR>[Stack]<UL><LI>Max Depth = 8<LI>Call Chain = NVIC_SetPriority
</UL>
<BR>[Called By]<UL><LI><a href="#[11a]">&gt;&gt;</a>&nbsp;&nbsp;&nbsp;DBG_SysTick_Config
</UL>

<P><STRONG><a name="[124]"></a>_printf_core</STRONG> (Thumb, 768 bytes, Stack size 96 bytes, printf6.o(i._printf_core), UNUSED)
<BR><BR>[Calls]<UL><LI><a href="#[125]">&gt;&gt;</a>&nbsp;&nbsp;&nbsp;_printf_pre_padding
<LI><a href="#[126]">&gt;&gt;</a>&nbsp;&nbsp;&nbsp;_printf_post_padding
<LI><a href="#[22]">&gt;&gt;</a>&nbsp;&nbsp;&nbsp;__aeabi_uidivmod
</UL>
<BR>[Called By]<UL><LI><a href="#[123]">&gt;&gt;</a>&nbsp;&nbsp;&nbsp;__0sprintf$6
</UL>

<P><STRONG><a name="[126]"></a>_printf_post_padding</STRONG> (Thumb, 32 bytes, Stack size 24 bytes, printf6.o(i._printf_post_padding), UNUSED)
<BR><BR>[Called By]<UL><LI><a href="#[124]">&gt;&gt;</a>&nbsp;&nbsp;&nbsp;_printf_core
</UL>

<P><STRONG><a name="[125]"></a>_printf_pre_padding</STRONG> (Thumb, 44 bytes, Stack size 40 bytes, printf6.o(i._printf_pre_padding), UNUSED)
<BR><BR>[Called By]<UL><LI><a href="#[124]">&gt;&gt;</a>&nbsp;&nbsp;&nbsp;_printf_core
</UL>

<P><STRONG><a name="[19]"></a>_sputc</STRONG> (Thumb, 10 bytes, Stack size 0 bytes, printf6.o(i._sputc))
<BR><BR>[Called By]<UL><LI><a href="#[123]">&gt;&gt;</a>&nbsp;&nbsp;&nbsp;__0sprintf$6
</UL>
<BR>[Address Reference Count : 1]<UL><LI> printf6.o(i.__0sprintf$6)
</UL><P>
<H3>
Undefined Global Symbols
</H3>
<P><STRONG><a name="[1d]"></a>__arm_fini_</STRONG> (Unknown, 0 bytes, Stack size 0 bytes, UNDEFINED)
<BR><BR>[Called By]<UL><LI><a href="#[1c]">&gt;&gt;</a>&nbsp;&nbsp;&nbsp;__rt_lib_shutdown_fini
</UL>
<HR></body></html>
