<html>
<body>
<pre>
<h1>µVision Build Log</h1>
<h2>Tool Versions:</h2>
IDE-Version: ¦ÌVision V5.43.1.0
Copyright (C) 2025 ARM Ltd and ARM Germany GmbH. All rights reserved.
License Information: 457448 45664, 486444444, LIC=9WSKC-7NE3J-ARDXW-Q8MR9-T25WP-6TLZ1
 
Tool Versions:
Toolchain:       MDK-ARM Plus  Version: 5.43.0.0
Toolchain Path:  F:\keil5\ARM\ARMCLANG\Bin
C Compiler:      ArmClang.exe V6.24
Assembler:       Armasm.exe V6.24
Linker/Locator:  ArmLink.exe V6.24
Library Manager: ArmAr.exe V6.24
Hex Converter:   FromElf.exe V6.24
CPU DLL:         SARMCM3.DLL V5.43.0.0
Dialog DLL:      DCM.DLL V1.17.5.0
Target DLL:      CMSIS_AGDI.dll V1.33.24.0
Dialog DLL:      TCM.DLL V1.56.6.0
 
<h2>Project:</h2>
E:\pacefitApp\PMSM_DEV40V2.2COP\project\MDK_V5\PMSM_DEV40V2.1.uvprojx
Project File Date:  07/15/2026

<h2>Output:</h2>
*** Using Compiler 'V6.24', folder: 'F:\keil5\ARM\ARMCLANG\Bin'
Build target 'PMSM_DEV40V2.1'
compiling motor_sensoruse.c...
linking...
Program Size: Code=23316 RO-data=1380 RW-data=140 ZI-data=3500  
FromELF: creating hex file...
".\objects\PMSM_DEV40V2.1" - 0 Error(s), 0 Warning(s).

<h2>Software Packages used:</h2>

Package Vendor: ArteryTek
                
                ArteryTek::AT32M412_416_DFP@2.0.5
                ArteryTek AT32M412_416 Series Device Support,Drivers

<h2>Collection of Component include folders:</h2>
  F:/keil5/ARM/Packs/ArteryTek/AT32M412_416_DFP/2.0.5/Device/Include

<h2>Collection of Component Files used:</h2>
Build Time Elapsed:  00:00:03
</pre>
</body>
</html>
